Kokkos::OpenMP::initialize WARNING: OMP_PROC_BIND environment variable not set
  In general, for best performance with OpenMP 4.0 or better set OMP_PROC_BIND=spread and OMP_PLACES=threads
  For best performance with OpenMP 3.1 set OMP_PROC_BIND=true
  For unit testing set OMP_PROC_BIND=false

[cfg] global 192x192x192 = 7.1M cells  ranks=1  backend=Cuda  grid=staggered  IBM=cutcell  face_interp=9  bottom=auto  spheres=587 R=12.0 cells  phi=0.6003  levels=7  pressure=pcg(maxit=300,rtol=1e-08,warmstart=0)  steps=0+3 then march(tol=0,max=3)
  rank 0: block 192x192x192 at [0, 0, 0]  SMM-TRS2 0000:41:00.0
[sdf] built in 0.2s  voxel solid fraction=0.6002 (packing 0.6003)
[mg] initMpi 192x192x192 np=1 -> 7 levels (requested 7)
[mg]  L0 global  192x 192x 192  rank0 block  192x 192x 192  ratio(2,2,2)
[mg]  L1 global   96x  96x  96  rank0 block   96x  96x  96  ratio(2,2,2)
[mg]  L2 global   48x  48x  48  rank0 block   48x  48x  48  ratio(2,2,2)
[mg]  L3 global   24x  24x  24  rank0 block   24x  24x  24  ratio(2,2,2)
[mg]  L4 global   12x  12x  12  rank0 block   12x  12x  12  ratio(2,2,2)
[mg]  L5 global    6x   6x   6  rank0 block    6x   6x   6  ratio(2,2,2)
[mg]  L6 global    3x   3x   3  rank0 block    3x   3x   3  ratio(1,1,1)
[run] warmup 0 steps...
[run] step 1/3
[mg] solve 0: r0=2.166935e-02 rtol=1.0e-08 (pre=2 post=2 bottom=12)
[mg]   it   1  |r|inf=1.612042e-02  r/r0=7.4393e-01
[mg]   it   2  |r|inf=2.497922e-03  r/r0=1.1527e-01
[mg]   it   3  |r|inf=6.542511e-04  r/r0=3.0192e-02
[mg]   it   4  |r|inf=1.027060e-04  r/r0=4.7397e-03
[mg]   it   5  |r|inf=4.079764e-05  r/r0=1.8827e-03
[mg]   it   6  |r|inf=3.902559e-05  r/r0=1.8010e-03
[mg]   it   7  |r|inf=3.548746e-05  r/r0=1.6377e-03
[mg]   it   8  |r|inf=3.155585e-05  r/r0=1.4562e-03
[mg]   it   9  |r|inf=2.492133e-05  r/r0=1.1501e-03
[mg]   it  10  |r|inf=1.493644e-05  r/r0=6.8929e-04
[mg]   it  11  |r|inf=8.731206e-06  r/r0=4.0293e-04
[mg]   it  12  |r|inf=5.468153e-06  r/r0=2.5235e-04
[mg]   it  13  |r|inf=4.656146e-06  r/r0=2.1487e-04
[mg]   it  14  |r|inf=3.039879e-06  r/r0=1.4028e-04
[mg]   it  15  |r|inf=1.466852e-06  r/r0=6.7693e-05
[mg]   it  16  |r|inf=8.434200e-07  r/r0=3.8922e-05
[mg]   it  17  |r|inf=8.957584e-07  r/r0=4.1338e-05
[mg]   it  18  |r|inf=9.559139e-07  r/r0=4.4114e-05
[mg]   it  19  |r|inf=4.303374e-07  r/r0=1.9859e-05
[mg]   it  20  |r|inf=1.077939e-07  r/r0=4.9745e-06
[mg]   it  21  |r|inf=1.268191e-07  r/r0=5.8525e-06
[mg]   it  22  |r|inf=8.929333e-08  r/r0=4.1207e-06
[mg]   it  23  |r|inf=3.009399e-08  r/r0=1.3888e-06
[mg]   it  24  |r|inf=4.631032e-08  r/r0=2.1371e-06
[mg]   it  25  |r|inf=4.037968e-08  r/r0=1.8634e-06
[mg]   it  26  |r|inf=2.192491e-08  r/r0=1.0118e-06
[mg]   it  27  |r|inf=3.909695e-08  r/r0=1.8043e-06
[mg]   it  28  |r|inf=2.016815e-08  r/r0=9.3072e-07
[mg]   it  29  |r|inf=3.631489e-08  r/r0=1.6759e-06
[mg]   it  30  |r|inf=1.733836e-08  r/r0=8.0013e-07
[mg]   it  31  |r|inf=2.733283e-08  r/r0=1.2614e-06
[mg]   it  32  |r|inf=9.635856e-09  r/r0=4.4468e-07
[mg]   it  33  |r|inf=1.064013e-08  r/r0=4.9102e-07
[mg]   it  34  |r|inf=5.652831e-09  r/r0=2.6087e-07
[mg]   it  35  |r|inf=2.919430e-09  r/r0=1.3473e-07
[mg]   it  36  |r|inf=3.406248e-09  r/r0=1.5719e-07
[mg]   it  37  |r|inf=1.586009e-09  r/r0=7.3191e-08
[mg]   it  38  |r|inf=9.632460e-10  r/r0=4.4452e-08
[mg]   it  39  |r|inf=1.350356e-09  r/r0=6.2316e-08
[mg]   it  40  |r|inf=9.278182e-10  r/r0=4.2817e-08
[mg]   it  41  |r|inf=7.761781e-10  r/r0=3.5819e-08
[mg]   it  42  |r|inf=1.089582e-09  r/r0=5.0282e-08
[mg]   it  43  |r|inf=8.645160e-10  r/r0=3.9896e-08
[mg]   it  44  |r|inf=5.872437e-10  r/r0=2.7100e-08
[mg]   it  45  |r|inf=4.978873e-10  r/r0=2.2977e-08
[mg]   it  46  |r|inf=6.294958e-10  r/r0=2.9050e-08
[mg]   it  47  |r|inf=5.665819e-10  r/r0=2.6147e-08
[mg]   it  48  |r|inf=4.270804e-10  r/r0=1.9709e-08
[mg]   it  49  |r|inf=3.907414e-10  r/r0=1.8032e-08
[mg]   it  50  |r|inf=4.314107e-10  r/r0=1.9909e-08
[mg]   it  51  |r|inf=5.975321e-10  r/r0=2.7575e-08
[mg]   it  52  |r|inf=5.712157e-10  r/r0=2.6361e-08
[mg]   it  53  |r|inf=4.852140e-10  r/r0=2.2392e-08
[mg]   it  54  |r|inf=4.238664e-10  r/r0=1.9561e-08
[mg]   it  55  |r|inf=4.473368e-10  r/r0=2.0644e-08
[mg]   it  56  |r|inf=5.107714e-10  r/r0=2.3571e-08
[mg]   it  57  |r|inf=6.134521e-10  r/r0=2.8310e-08
[mg]   it  58  |r|inf=5.826812e-10  r/r0=2.6890e-08
[mg]   it  59  |r|inf=4.383170e-10  r/r0=2.0228e-08
[mg]   it  60  |r|inf=3.924094e-10  r/r0=1.8109e-08
[mg]   it  61  |r|inf=3.367254e-10  r/r0=1.5539e-08
[mg]   it  62  |r|inf=3.361624e-10  r/r0=1.5513e-08
[mg]   it  63  |r|inf=3.233588e-10  r/r0=1.4922e-08
[mg]   it  64  |r|inf=4.002465e-10  r/r0=1.8471e-08
[mg]   it  65  |r|inf=4.168824e-10  r/r0=1.9238e-08
[mg]   it  66  |r|inf=3.787269e-10  r/r0=1.7478e-08
[mg]   it  67  |r|inf=2.971421e-10  r/r0=1.3713e-08
[mg]   it  68  |r|inf=2.652355e-10  r/r0=1.2240e-08
[mg]   it  69  |r|inf=2.256111e-10  r/r0=1.0412e-08
[mg]   it  70  |r|inf=2.210910e-10  r/r0=1.0203e-08
[mg]   it  71  |r|inf=2.150782e-10  r/r0=9.9255e-09
[mg] solve 1: r0=1.185175e-02 rtol=1.0e-08 (pre=2 post=2 bottom=12)
[mg]   it   1  |r|inf=1.216394e-02  r/r0=1.0263e+00
[mg]   it   2  |r|inf=2.104400e-03  r/r0=1.7756e-01
[mg]   it   3  |r|inf=4.283601e-04  r/r0=3.6143e-02
[mg]   it   4  |r|inf=7.002519e-05  r/r0=5.9084e-03
[mg]   it   5  |r|inf=3.022417e-05  r/r0=2.5502e-03
[mg]   it   6  |r|inf=2.647093e-05  r/r0=2.2335e-03
[mg]   it   7  |r|inf=2.393987e-05  r/r0=2.0199e-03
[mg]   it   8  |r|inf=2.151156e-05  r/r0=1.8151e-03
[mg]   it   9  |r|inf=1.778214e-05  r/r0=1.5004e-03
[mg]   it  10  |r|inf=1.236508e-05  r/r0=1.0433e-03
[mg]   it  11  |r|inf=6.452764e-06  r/r0=5.4446e-04
[mg]   it  12  |r|inf=5.174178e-06  r/r0=4.3658e-04
[mg]   it  13  |r|inf=5.341031e-06  r/r0=4.5065e-04
[mg]   it  14  |r|inf=4.620316e-06  r/r0=3.8984e-04
[mg]   it  15  |r|inf=2.838885e-06  r/r0=2.3953e-04
[mg]   it  16  |r|inf=8.248602e-07  r/r0=6.9598e-05
[mg]   it  17  |r|inf=7.886462e-07  r/r0=6.6543e-05
[mg]   it  18  |r|inf=8.408085e-07  r/r0=7.0944e-05
[mg]   it  19  |r|inf=3.510690e-07  r/r0=2.9622e-05
[mg]   it  20  |r|inf=9.598593e-08  r/r0=8.0989e-06
[mg]   it  21  |r|inf=1.355749e-07  r/r0=1.1439e-05
[mg]   it  22  |r|inf=1.064689e-07  r/r0=8.9834e-06
[mg]   it  23  |r|inf=3.900838e-08  r/r0=3.2914e-06
[mg]   it  24  |r|inf=5.897642e-08  r/r0=4.9762e-06
[mg]   it  25  |r|inf=2.818089e-08  r/r0=2.3778e-06
[mg]   it  26  |r|inf=1.861539e-08  r/r0=1.5707e-06
[mg]   it  27  |r|inf=1.977400e-08  r/r0=1.6684e-06
[mg]   it  28  |r|inf=1.222906e-08  r/r0=1.0318e-06
[mg]   it  29  |r|inf=2.811095e-08  r/r0=2.3719e-06
[mg]   it  30  |r|inf=1.438366e-08  r/r0=1.2136e-06
[mg]   it  31  |r|inf=2.356203e-08  r/r0=1.9881e-06
[mg]   it  32  |r|inf=1.223490e-08  r/r0=1.0323e-06
[mg]   it  33  |r|inf=7.171772e-09  r/r0=6.0512e-07
[mg]   it  34  |r|inf=7.757143e-09  r/r0=6.5451e-07
[mg]   it  35  |r|inf=3.175844e-09  r/r0=2.6796e-07
[mg]   it  36  |r|inf=3.563494e-09  r/r0=3.0067e-07
[mg]   it  37  |r|inf=2.599676e-09  r/r0=2.1935e-07
[mg]   it  38  |r|inf=1.237823e-09  r/r0=1.0444e-07
[mg]   it  39  |r|inf=1.610322e-09  r/r0=1.3587e-07
[mg]   it  40  |r|inf=1.649470e-09  r/r0=1.3918e-07
[mg]   it  41  |r|inf=1.069328e-09  r/r0=9.0225e-08
[mg]   it  42  |r|inf=7.968274e-10  r/r0=6.7233e-08
[mg]   it  43  |r|inf=1.093622e-09  r/r0=9.2275e-08
[mg]   it  44  |r|inf=8.109807e-10  r/r0=6.8427e-08
[mg]   it  45  |r|inf=5.218309e-10  r/r0=4.4030e-08
[mg]   it  46  |r|inf=4.004031e-10  r/r0=3.3784e-08
[mg]   it  47  |r|inf=5.096597e-10  r/r0=4.3003e-08
[mg]   it  48  |r|inf=5.171702e-10  r/r0=4.3637e-08
[mg]   it  49  |r|inf=4.086961e-10  r/r0=3.4484e-08
[mg]   it  50  |r|inf=3.394291e-10  r/r0=2.8640e-08
[mg]   it  51  |r|inf=3.256390e-10  r/r0=2.7476e-08
[mg]   it  52  |r|inf=5.018770e-10  r/r0=4.2346e-08
[mg]   it  53  |r|inf=5.560732e-10  r/r0=4.6919e-08
[mg]   it  54  |r|inf=4.602390e-10  r/r0=3.8833e-08
[mg]   it  55  |r|inf=4.319369e-10  r/r0=3.6445e-08
[mg]   it  56  |r|inf=3.996254e-10  r/r0=3.3719e-08
[mg]   it  57  |r|inf=3.672861e-10  r/r0=3.0990e-08
[mg]   it  58  |r|inf=4.710310e-10  r/r0=3.9744e-08
[mg]   it  59  |r|inf=5.255655e-10  r/r0=4.4345e-08
[mg]   it  60  |r|inf=4.781243e-10  r/r0=4.0342e-08
[mg]   it  61  |r|inf=3.888361e-10  r/r0=3.2808e-08
[mg]   it  62  |r|inf=3.508117e-10  r/r0=2.9600e-08
[mg]   it  63  |r|inf=3.135971e-10  r/r0=2.6460e-08
[mg]   it  64  |r|inf=3.049401e-10  r/r0=2.5730e-08
[mg]   it  65  |r|inf=2.927407e-10  r/r0=2.4700e-08
[mg]   it  66  |r|inf=3.629113e-10  r/r0=3.0621e-08
[mg]   it  67  |r|inf=3.839131e-10  r/r0=3.2393e-08
[mg]   it  68  |r|inf=3.581249e-10  r/r0=3.0217e-08
[mg]   it  69  |r|inf=2.927743e-10  r/r0=2.4703e-08
[mg]   it  70  |r|inf=2.706486e-10  r/r0=2.2836e-08
[mg]   it  71  |r|inf=2.402101e-10  r/r0=2.0268e-08
[mg]   it  72  |r|inf=2.234991e-10  r/r0=1.8858e-08
[mg]   it  73  |r|inf=2.224416e-10  r/r0=1.8769e-08
[mg]   it  74  |r|inf=2.030551e-10  r/r0=1.7133e-08
[mg]   it  75  |r|inf=2.217651e-10  r/r0=1.8712e-08
[mg]   it  76  |r|inf=2.526175e-10  r/r0=2.1315e-08
[mg]   it  77  |r|inf=2.626097e-10  r/r0=2.2158e-08
[mg]   it  78  |r|inf=2.528371e-10  r/r0=2.1333e-08
[mg]   it  79  |r|inf=2.253977e-10  r/r0=1.9018e-08
[mg]   it  80  |r|inf=1.846900e-10  r/r0=1.5583e-08
[mg]   it  81  |r|inf=1.825906e-10  r/r0=1.5406e-08
[mg]   it  82  |r|inf=1.685682e-10  r/r0=1.4223e-08
[mg]   it  83  |r|inf=1.536927e-10  r/r0=1.2968e-08
[mg]   it  84  |r|inf=1.611176e-10  r/r0=1.3594e[run] step 2/3
-08
[mg]   it  85  |r|inf=1.592140e-10  r/r0=1.3434e-08
[mg]   it  86  |r|inf=1.492813e-10  r/r0=1.2596e-08
[mg]   it  87  |r|inf=1.585117e-10  r/r0=1.3375e-08
[mg]   it  88  |r|inf=1.811360e-10  r/r0=1.5283e-08
[mg]   it  89  |r|inf=1.943310e-10  r/r0=1.6397e-08
[mg]   it  90  |r|inf=1.981972e-10  r/r0=1.6723e-08
[mg]   it  91  |r|inf=1.931018e-10  r/r0=1.6293e-08
[mg]   it  92  |r|inf=1.797287e-10  r/r0=1.5165e-08
[mg]   it  93  |r|inf=1.591168e-10  r/r0=1.3426e-08
[mg]   it  94  |r|inf=1.382836e-10  r/r0=1.1668e-08
[mg]   it  95  |r|inf=1.367324e-10  r/r0=1.1537e-08
[mg]   it  96  |r|inf=1.297742e-10  r/r0=1.0950e-08
[mg]   it  97  |r|inf=1.182104e-10  r/r0=9.9741e-09
[mg] solve 2: r0=9.462284e-03 rtol=1.0e-08 (pre=2 post=2 bottom=12)
[mg]   it   1  |r|inf=9.819164e-03  r/r0=1.0377e+00
[mg]   it   2  |r|inf=1.704930e-03  r/r0=1.8018e-01
[mg]   it   3  |r|inf=3.002987e-04  r/r0=3.1736e-02
[mg]   it   4  |r|inf=5.633781e-05  r/r0=5.9539e-03
[mg]   it   5  |r|inf=2.214644e-05  r/r0=2.3405e-03
[mg]   it   6  |r|inf=1.904601e-05  r/r0=2.0128e-03
[mg]   it   7  |r|inf=1.714134e-05  r/r0=1.8115e-03
[mg]   it   8  |r|inf=1.537357e-05  r/r0=1.6247e-03
[mg]   it   9  |r|inf=1.279042e-05  r/r0=1.3517e-03
[mg]   it  10  |r|inf=9.474753e-06  r/r0=1.0013e-03
[mg]   it  11  |r|inf=5.794873e-06  r/r0=6.1242e-04
[mg]   it  12  |r|inf=4.822176e-06  r/r0=5.0962e-04
[mg]   it  13  |r|inf=3.984207e-06  r/r0=4.2106e-04
[mg]   it  14  |r|inf=4.185010e-06  r/r0=4.4228e-04
[mg]   it  15  |r|inf=2.895821e-06  r/r0=3.0604e-04
[mg]   it  16  |r|inf=6.352206e-07  r/r0=6.7132e-05
[mg]   it  17  |r|inf=3.806870e-07  r/r0=4.0232e-05
[mg]   it  18  |r|inf=5.459664e-07  r/r0=5.7699e-05
[mg]   it  19  |r|inf=3.084759e-07  r/r0=3.2601e-05
[mg]   it  20  |r|inf=6.415244e-08  r/r0=6.7798e-06
[mg]   it  21  |r|inf=7.481762e-08  r/r0=7.9069e-06
[mg]   it  22  |r|inf=9.494273e-08  r/r0=1.0034e-05
[mg]   it  23  |r|inf=3.083127e-08  r/r0=3.2583e-06
[mg]   it  24  |r|inf=3.046214e-08  r/r0=3.2193e-06
[mg]   it  25  |r|inf=2.752987e-08  r/r0=2.9094e-06
[mg]   it  26  |r|inf=9.088194e-09  r/r0=9.6047e-07
[mg]   it  27  |r|inf=1.265195e-08  r/r0=1.3371e-06
[mg]   it  28  |r|inf=7.799574e-09  r/r0=8.2428e-07
[mg]   it  29  |r|inf=1.726864e-08  r/r0=1.8250e-06
[mg]   it  30  |r|inf=9.679798e-09  r/r0=1.0230e-06
[mg]   it  31  |r|inf=1.570332e-08  r/r0=1.6596e-06
[mg]   it  32  |r|inf=5.591154e-09  r/r0=5.9089e-07
[mg]   it  33  |r|inf=6.827335e-09  r/r0=7.2153e-07
[mg]   it  34  |r|inf=3.896385e-09  r/r0=4.1178e-07
[mg]   it  35  |r|inf=2.462871e-09  r/r0=2.6028e-07
[mg]   it  36  |r|inf=3.152879e-09  r/r0=3.3320e-07
[mg]   it  37  |r|inf=1.530343e-09  r/r0=1.6173e-07
[mg]   it  38  |r|inf=1.029801e-09  r/r0=1.0883e-07
[mg]   it  39  |r|inf=1.628076e-09  r/r0=1.7206e-07
[mg]   it  40  |r|inf=1.094231e-09  r/r0=1.1564e-07
[mg]   it  41  |r|inf=6.617778e-10  r/r0=6.9938e-08
[mg]   it  42  |r|inf=8.036090e-10  r/r0=8.4928e-08
[mg]   it  43  |r|inf=7.271223e-10  r/r0=7.6844e-08
[mg]   it  44  |r|inf=4.374606e-10  r/r0=4.6232e-08
[mg]   it  45  |r|inf=2.727775e-10  r/r0=2.8828e-08
[mg]   it  46  |r|inf=3.131320e-10  r/r0=3.3093e-08
[mg]   it  47  |r|inf=3.534860e-10  r/r0=3.7357e-08
[mg]   it  48  |r|inf=2.738025e-10  r/r0=2.8936e-08
[mg]   it  49  |r|inf=2.015324e-10  r/r0=2.1298e-08
[mg]   it  50  |r|inf=1.858818e-10  r/r0=1.9644e-08
[mg]   it  51  |r|inf=3.001555e-10  r/r0=3.1721e-08
[mg]   it  52  |r|inf=3.349006e-10  r/r0=3.5393e-08
[mg]   it  53  |r|inf=2.945981e-10  r/r0=3.1134e-08
[mg]   it  54  |r|inf=2.585424e-10  r/r0=2.7323e-08
[mg]   it  55  |r|inf=2.388974e-10  r/r0=2.5247e-08
[mg]   it  56  |r|inf=2.219059e-10  r/r0=2.3452e-08
[mg]   it  57  |r|inf=3.063910e-10  r/r0=3.2380e-08
[mg]   it  58  |r|inf=3.206586e-10  r/r0=3.3888e-08
[mg]   it  59  |r|inf=2.665102e-10  r/r0=2.8166e-08
[mg]   it  60  |r|inf=2.474653e-10  r/r0=2.6153e-08
[mg]   it  61  |r|inf=1.977855e-10  r/r0=2.0903e-08
[mg]   it  62  |r|inf=1.986345e-10  r/r0=2.0992e-08
[mg]   it  63  |r|inf=1.704587e-10  r/r0=1.8015e-08
[mg]   it  64  |r|inf=2.228693e-10  r/r0=2.3553e-08
[mg]   it  65  |r|in[run] step 3/3
[perf] 1098.8 ms/step  6.4 Mcell/s (6.4/rank)  pressure iters/step 86.3
[phases, rank-max ms/step] step=1098.7  predictor=1.4  momentum=268.1  projection=827.0  pressure_allreduce=0.2  allreduce_count=435
[out] spheres_bench_np1.json
