
================ E1 ================
   N     s       solver  steps      e_flux      e_cell     L2prof
   8  0.10         stag     50  +3.313e-03  +6.875e-03  8.383e-08
   8  0.10  gauge-exact     50  +3.313e-03  +6.875e-03  8.383e-08
   8  0.10        plain     50  +3.313e-03  +6.875e-03  8.383e-08
   8  0.30         stag     50  -6.109e-03  -6.250e-04  4.218e-08
   8  0.30  gauge-exact     50  -6.109e-03  -6.250e-04  4.218e-08
   8  0.30        plain     50  -6.109e-03  -6.250e-04  4.218e-08
   8  0.50         stag     60  +7.227e-01  +9.336e-01  6.383e-01
   8  0.50  gauge-exact     60  +7.227e-01  +9.336e-01  6.383e-01
   8  0.50        plain     60  +7.227e-01  +9.336e-01  6.383e-01
   8  0.70         stag     50  -6.109e-03  -6.250e-04  4.218e-08
   8  0.70  gauge-exact     50  -6.109e-03  -6.250e-04  4.218e-08
   8  0.70        plain     50  -6.109e-03  -6.250e-04  4.218e-08
   8  0.90         stag     50  +3.313e-03  +6.875e-03  8.383e-08
   8  0.90  gauge-exact     50  +3.313e-03  +6.875e-03  8.383e-08
   8  0.90        plain     50  +3.313e-03  +6.875e-03  8.383e-08
  16  0.10         stag    110  +8.050e-04  +1.719e-03  2.621e-07
  16  0.10  gauge-exact    110  +8.050e-04  +1.719e-03  2.621e-07
  16  0.10        plain    110  +8.050e-04  +1.719e-03  2.621e-07
  16  0.30         stag    110  -1.545e-03  -1.560e-04  2.388e-07
  16  0.30  gauge-exact    110  -1.545e-03  -1.560e-04  2.388e-07
  16  0.30        plain    110  -1.545e-03  -1.560e-04  2.388e-07
  16  0.50         stag    140  +3.696e-01  +4.194e-01  3.300e-01
  16  0.50  gauge-exact    140  +3.696e-01  +4.194e-01  3.300e-01
  16  0.50        plain    140  +3.696e-01  +4.194e-01  3.300e-01
  16  0.70         stag    110  -1.545e-03  -1.560e-04  2.388e-07
  16  0.70  gauge-exact    110  -1.545e-03  -1.560e-04  2.388e-07
  16  0.70        plain    110  -1.545e-03  -1.560e-04  2.388e-07
  16  0.90         stag    110  +8.050e-04  +1.719e-03  2.621e-07
  16  0.90  gauge-exact    110  +8.050e-04  +1.719e-03  2.621e-07
  16  0.90        plain    110  +8.050e-04  +1.719e-03  2.621e-07
  32  0.10         stag    370  +1.993e-04  +4.307e-04  1.025e-06
  32  0.10  gauge-exact    370  +1.993e-04  +4.307e-04  1.025e-06
  32  0.10        plain    370  +1.993e-04  +4.307e-04  1.025e-06
  32  0.30         stag    370  -3.874e-04  -3.806e-05  1.013e-06
  32  0.30  gauge-exact    370  -3.874e-04  -3.806e-05  1.013e-06
  32  0.30        plain    370  -3.874e-04  -3.806e-05  1.013e-06
  32  0.50         stag    410  +1.863e-01  +1.984e-01  1.682e-01
  32  0.50  gauge-exact    410  +1.863e-01  +1.984e-01  1.682e-01
  32  0.50        plain    410  +1.863e-01  +1.984e-01  1.682e-01
  32  0.70         stag    370  -3.874e-04  -3.806e-05  1.013e-06
  32  0.70  gauge-exact    370  -3.874e-04  -3.806e-05  1.013e-06
  32  0.70        plain    370  -3.874e-04  -3.806e-05  1.013e-06
  32  0.90         stag    370  +1.993e-04  +4.307e-04  1.025e-06
  32  0.90  gauge-exact    370  +1.993e-04  +4.307e-04  1.025e-06
  32  0.90        plain    370  +1.993e-04  +4.307e-04  1.025e-06

================ E1b ================
   N     s       solver  steps      e_flux      e_cell     L2prof
   8  0.10         stag     50  +1.000e-02  +1.305e-02  8.805e-03
   8  0.10  gauge-exact     50  +1.000e-02  +1.305e-02  8.805e-03
   8  0.10        plain     50  +1.000e-02  +1.305e-02  8.805e-03
   8  0.30         stag     50  +4.155e-03  +8.720e-03  1.020e-02
   8  0.30  gauge-exact     50  +4.155e-03  +8.720e-03  1.020e-02
   8  0.30        plain     50  +4.155e-03  +8.720e-03  1.020e-02
   8  0.50         stag     60  +5.327e-01  +6.849e-01  4.630e-01
   8  0.50  gauge-exact     60  +5.327e-01  +6.849e-01  4.630e-01
   8  0.50        plain     60  +5.327e-01  +6.849e-01  4.630e-01
   8  0.70         stag     50  +4.155e-03  +8.720e-03  1.020e-02
   8  0.70  gauge-exact     50  +4.155e-03  +8.720e-03  1.020e-02
   8  0.70        plain     50  +4.155e-03  +8.720e-03  1.020e-02
   8  0.90         stag     50  +1.000e-02  +1.305e-02  8.805e-03
   8  0.90  gauge-exact     50  +1.000e-02  +1.305e-02  8.805e-03
   8  0.90        plain     50  +1.000e-02  +1.305e-02  8.805e-03
  16  0.10         stag    110  +3.159e-03  +3.927e-03  2.666e-03
  16  0.10  gauge-exact    110  +3.159e-03  +3.927e-03  2.666e-03
  16  0.10        plain    110  +3.159e-03  +3.927e-03  2.666e-03
  16  0.30         stag    110  +1.466e-03  +2.619e-03  2.849e-03
  16  0.30  gauge-exact    110  +1.466e-03  +2.619e-03  2.849e-03
  16  0.30        plain    110  +1.466e-03  +2.619e-03  2.849e-03
  16  0.50         stag    140  +2.882e-01  +3.266e-01  2.538e-01
  16  0.50  gauge-exact    140  +2.882e-01  +3.266e-01  2.538e-01
  16  0.50        plain    140  +2.882e-01  +3.266e-01  2.538e-01
  16  0.70         stag    110  +1.466e-03  +2.619e-03  2.849e-03
  16  0.70  gauge-exact    110  +1.466e-03  +2.619e-03  2.849e-03
  16  0.70        plain    110  +1.466e-03  +2.619e-03  2.849e-03
  16  0.90         stag    110  +3.159e-03  +3.927e-03  2.666e-03
  16  0.90  gauge-exact    110  +3.159e-03  +3.927e-03  2.666e-03
  16  0.90        plain    110  +3.159e-03  +3.927e-03  2.666e-03
  32  0.10         stag    370  +8.767e-04  +1.069e-03  7.335e-04
  32  0.10  gauge-exact    370  +8.767e-04  +1.069e-03  7.335e-04
  32  0.10        plain    370  +8.767e-04  +1.069e-03  7.335e-04
  32  0.30         stag    370  +4.243e-04  +7.132e-04  7.571e-04
  32  0.30  gauge-exact    370  +4.243e-04  +7.132e-04  7.571e-04
  32  0.30        plain    370  +4.243e-04  +7.132e-04  7.571e-04
  32  0.50         stag    410  +1.493e-01  +1.589e-01  1.329e-01
  32  0.50  gauge-exact    410  +1.493e-01  +1.589e-01  1.329e-01
  32  0.50        plain    410  +1.493e-01  +1.589e-01  1.329e-01
  32  0.70         stag    370  +4.243e-04  +7.132e-04  7.571e-04
  32  0.70  gauge-exact    370  +4.243e-04  +7.132e-04  7.571e-04
  32  0.70        plain    370  +4.243e-04  +7.132e-04  7.571e-04
  32  0.90         stag    370  +8.767e-04  +1.069e-03  7.335e-04
  32  0.90  gauge-exact    370  +8.767e-04  +1.069e-03  7.335e-04
  32  0.90        plain    370  +8.767e-04  +1.069e-03  7.335e-04

================ E2 ================
   N     s       solver  steps      e_flux      e_cell     L2prof      sp_du       sp_v
   8  0.10         stag     50  +3.313e-03  +6.875e-03  8.383e-08  1.297e-14  6.395e-14
   8  0.10  gauge-exact     50  +3.313e-03  +6.875e-03  8.383e-08  3.504e-16  5.713e-03
   8  0.10        plain     50  +3.313e-03  +6.875e-03  8.383e-08  2.901e-06  4.567e-02
   8  0.30         stag     50  -6.109e-03  -6.250e-04  4.218e-08  2.609e-16  2.188e-16
   8  0.30  gauge-exact     50  -6.109e-03  -6.250e-04  4.218e-08  2.087e-15  5.641e-03
   8  0.30        plain     50  -6.109e-03  -6.250e-04  4.218e-08  2.157e-06  3.158e-02
   8  0.50         stag     60  +5.586e-01  +7.227e-01  4.965e-01  1.250e-01  1.480e-16
   8  0.50  gauge-exact     60  +5.586e-01  +7.227e-01  4.965e-01  1.250e-01  2.688e-04
   8  0.50        plain     60  +5.586e-01  +7.227e-01  4.965e-01  1.251e-01  1.621e-02
   8  0.70         stag     50  -6.109e-03  -6.250e-04  4.218e-08  1.565e-15  1.593e-16
   8  0.70  gauge-exact     50  -6.109e-03  -6.250e-04  4.218e-08  1.217e-15  5.641e-03
   8  0.70        plain     50  -6.109e-03  -6.250e-04  4.218e-08  8.562e-06  2.638e-02
   8  0.90         stag     50  +3.313e-03  +6.875e-03  8.383e-08  1.104e-14  8.586e-14
   8  0.90  gauge-exact     50  +3.313e-03  +6.875e-03  8.383e-08  7.009e-16  5.713e-03
   8  0.90        plain     50  +3.313e-03  +6.875e-03  8.383e-08  1.048e-05  3.889e-02
  16  0.10         stag    110  +8.050e-04  +1.719e-03  2.621e-07  1.339e-14  1.074e-14
  16  0.10  gauge-exact    110  +8.050e-04  +1.719e-03  2.621e-07  0.000e+00  8.248e-05
  16  0.10        plain    110  +8.050e-04  +1.719e-03  2.621e-07  3.551e-06  1.480e-02
  16  0.30         stag    110  -1.545e-03  -1.560e-04  2.388e-07  3.472e-15  1.014e-15
  16  0.30  gauge-exact    110  -1.545e-03  -1.560e-04  2.388e-07  0.000e+00  1.135e-04
  16  0.30        plain    110  -1.545e-03  -1.560e-04  2.388e-07  2.436e-06  1.205e-02
  16  0.50         stag    140  +3.257e-01  +3.696e-01  2.912e-01  3.125e-02  5.243e-17
  16  0.50  gauge-exact    140  +3.257e-01  +3.696e-01  2.912e-01  3.125e-02  2.198e-05
  16  0.50        plain    140  +3.257e-01  +3.696e-01  2.912e-01  3.133e-02  1.005e-02
  16  0.70         stag    110  -1.545e-03  -1.560e-04  2.388e-07  3.472e-15  9.455e-16
  16  0.70  gauge-exact    110  -1.545e-03  -1.560e-04  2.388e-07  0.000e+00  1.135e-04
  16  0.70        plain    110  -1.545e-03  -1.560e-04  2.388e-07  5.352e-06  8.234e-03
  16  0.90         stag    110  +8.050e-04  +1.719e-03  2.621e-07  1.287e-14  6.838e-15
  16  0.90  gauge-exact    110  +8.050e-04  +1.719e-03  2.621e-07  6.956e-16  8.248e-05
  16  0.90        plain    110  +8.050e-04  +1.719e-03  2.621e-07  7.362e-06  1.024e-02
  32  0.10         stag    370  +1.993e-04  +4.307e-04  1.025e-06  7.290e-15  5.797e-17
  32  0.10  gauge-exact    370  +1.993e-04  +4.307e-04  1.025e-06  0.000e+00  1.240e-06
  32  0.10        plain    370  +1.993e-04  +4.307e-04  1.025e-06  2.410e-06  3.442e-03
  32  0.30         stag    370  -3.874e-04  -3.806e-05  1.013e-06  5.205e-15  3.404e-17
  32  0.30  gauge-exact    370  -3.874e-04  -3.806e-05  1.013e-06  0.000e+00  1.988e-06
  32  0.30        plain    370  -3.874e-04  -3.806e-05  1.013e-06  1.661e-06  3.178e-03
  32  0.50         stag    410  +1.750e-01  +1.863e-01  1.580e-01  7.813e-03  3.399e-17
  32  0.50  gauge-exact    410  +1.750e-01  +1.863e-01  1.580e-01  7.813e-03  6.178e-07
  32  0.50        plain    410  +1.750e-01  +1.863e-01  1.580e-01  7.831e-03  3.085e-03
  32  0.70         stag    370  -3.874e-04  -3.806e-05  1.013e-06  5.899e-15  5.200e-17
  32  0.70  gauge-exact    370  -3.874e-04  -3.806e-05  1.013e-06  0.000e+00  1.988e-06
  32  0.70        plain    370  -3.874e-04  -3.806e-05  1.013e-06  4.842e-07  1.374e-03
  32  0.90         stag    370  +1.993e-04  +4.307e-04  1.025e-06  4.513e-15  4.402e-17
  32  0.90  gauge-exact    370  +1.993e-04  +4.307e-04  1.025e-06  0.000e+00  1.240e-06
  32  0.90        plain    370  +1.993e-04  +4.307e-04  1.025e-06  6.843e-07  1.518e-03
