[cfg] global 192x192x192 = 7.1M cells  ranks=1  backend=Cuda  grid=staggered  IBM=cutcell  face_interp=9  bottom=auto  spheres=587 R=12.0 cells  phi=0.6003  levels=7  pressure=pcg(maxit=300,rtol=1e-08,warmstart=0)  steps=0+3 then march(tol=0,max=3)
  rank 0: block 192x192x192 at [0, 0, 0]  SMM-TRS2 0000:41:00.0
[sdf] built in 0.2s  voxel solid fraction=0.6002 (packing 0.6003)
[mg] initMpi 192x192x192 np=1 -> 7 levels (requested 7)
[mg]  L0 global  192x 192x 192  rank0 block  192x 192x 192  ratio(2,2,2)
[mg]  L1 global   96x  96x  96  rank0 block   96x  96x  96  ratio(2,2,2)
[mg]  L2 global   48x  48x  48  rank0 block   48x  48x  48  ratio(2,2,2)
[mg]  L3 global   24x  24x  24  rank0 block   24x  24x  24  ratio(2,2,2)
[mg]  L4 global   12x  12x  12  rank0 block   12x  12x  12  ratio(2,2,2)
[mg]  L5 global    6x   6x   6  rank0 block    6x   6x   6  ratio(2,2,2)
[mg]  L6 global    3x   3x   3  rank0 block    3x   3x   3  ratio(1,1,1)
[run] warmup 0 steps...
[mg] solve 0: r0=2.166935e-02 rtol=1.0e-08 (pre=2 post=2 bottom=12)
[mg]   it   1  |r|inf=1.612041e-02  r/r0=7.4393e-01
[mg]   it   2  |r|inf=2.497917e-03  r/r0=1.1527e-01
[mg]   it   3  |r|inf=6.542516e-04  r/r0=3.0192e-02
[mg]   it   4  |r|inf=1.027060e-04  r/r0=4.7397e-03
[mg]   it   5  |r|inf=4.079777e-05  r/r0=1.8827e-03
[mg]   it   6  |r|inf=3.902570e-05  r/r0=1.8010e-03
[mg]   it   7  |r|inf=3.548755e-05  r/r0=1.6377e-03
[mg]   it   8  |r|inf=3.155592e-05  r/r0=1.4562e-03
[mg]   it   9  |r|inf=2.492134e-05  r/r0=1.1501e-03
[mg]   it  10  |r|inf=1.493642e-05  r/r0=6.8929e-04
[mg]   it  11  |r|inf=8.731201e-06  r/r0=4.0293e-04
[mg]   it  12  |r|inf=5.468145e-06  r/r0=2.5234e-04
[mg]   it  13  |r|inf=4.656135e-06  r/r0=2.1487e-04
[mg]   it  14  |r|inf=3.039880e-06  r/r0=1.4028e-04
[mg]   it  15  |r|inf=1.466856e-06  r/r0=6.7693e-05
[mg]   it  16  |r|inf=8.434224e-07  r/r0=3.8922e-05
[mg]   it  17  |r|inf=8.957583e-07  r/r0=4.1338e-05
[mg]   it  18  |r|inf=9.559096e-07  r/r0=4.4113e-05
[mg]   it  19  |r|inf=4.303354e-07  r/r0=1.9859e-05
[mg]   it  20  |r|inf=1.077940e-07  r/r0=4.9745e-06
[mg]   it  21  |r|inf=1.268222e-07  r/r0=5.8526e-06
[mg]   it  22  |r|inf=8.930793e-08  r/r0=4.1214e-06
[mg]   it  23  |r|inf=3.010586e-08  r/r0=1.3893e-06
[mg]   it  24  |r|inf=4.634363e-08  r/r0=2.1387e-06
[mg]   it  25  |r|inf=4.045690e-08  r/r0=1.8670e-06
[mg]   it  26  |r|inf=2.197731e-08  r/r0=1.0142e-06
[mg]   it  27  |r|inf=3.927109e-08  r/r0=1.8123e-06
[mg]   it  28  |r|inf=2.029244e-08  r/r0=9.3646e-07
[mg]   it  29  |r|inf=3.659605e-08  r/r0=1.6888e-06
[mg]   it  30  |r|inf=1.751627e-08  r/r0=8.0834e-07
[mg]   it  31  |r|inf=2.769219e-08  r/r0=1.2779e-06
[mg]   it  32  |r|inf=9.835011e-09  r/r0=4.5387e-07
[mg]   it  33  |r|inf=1.106980e-08  r/r0=5.1085e-07
[mg]   it  34  |r|inf=6.003416e-09  r/r0=2.7705e-07
[mg]   it  35  |r|inf=3.590049e-09  r/r0=1.6567e-07
[mg]   it  36  |r|inf=4.441035e-09  r/r0=2.0495e-07
[mg]   it  37  |r|inf=2.547367e-09  r/r0=1.1756e-07
[mg]   it  38  |r|inf=4.433576e-09  r/r0=2.0460e-07
[mg]   it  39  |r|inf=5.982777e-09  r/r0=2.7609e-07
[mg]   it  40  |r|inf=6.189885e-09  r/r0=2.8565e-07
[mg]   it  41  |r|inf=9.000180e-09  r/r0=4.1534e-07
[mg]   it  42  |r|inf=1.510442e-08  r/r0=6.9704e-07
[mg]   it  43  |r|inf=1.346170e-08  r/r0=6.2123e-07
[mg]   it  44  |r|inf=1.314882e-08  r/r0=6.0679e-07
[mg]   it  45  |r|inf=1.746455e-08  r/r0=8.0596e-07
[mg]   it  46  |r|inf=2.546156e-08  r/r0=1.1750e-06
[mg]   it  47  |r|inf=2.357004e-08  r/r0=1.0877e-06
[mg]   it  48  |r|inf=2.419432e-08  r/r0=1.1165e-06
[mg]   it  49  |r|inf=2.981217e-08  r/r0=1.3758e-06
[mg]   it  50  |r|inf=4.898620e-08  r/r0=2.2606e-06
[mg]   it  51  |r|inf=6.150471e-08  r/r0=2.8383e-06
[mg]   it  52  |r|inf=5.364384e-08  r/r0=2.4756e-06
[mg]   it  53  |r|inf=5.521353e-08  r/r0=2.5480e-06
[mg]   it  54  |r|inf=5.956368e-08  r/r0=2.7488e-06
[mg]   it  55  |r|inf=6.052321e-08  r/r0=2.7930e-06
[mg]   it  56  |r|inf=8.927157e-08  r/r0=4.1197e-06
[mg]   it  57  |r|inf=9.878679e-08  r/r0=4.5588e-06
[mg]   it  58  |r|inf=8.602350e-08  r/r0=3.9698e-06
[mg]   it  59  |r|inf=7.778463e-08  r/r0=3.5896e-06
[mg]   it  60  |r|inf=6.893215e-08  r/r0=3.1811e-06
[mg]   it  61  |r|inf=7.676871e-08  r/r0=3.5427e-06
[mg]   it  62  |r|inf=7.866421e-08  r/r0=3.6302e-06
[mg]   it  63  |r|inf=1.077671e-07  r/r0=4.9733e-06
[mg]   it  64  |r|inf=1.218562e-07  r/r0=5.6234e-06
[mg]   it  65  |r|inf=1.185505e-07  r/r0=5.4709e-06
[mg]   it  66  |r|inf=9.812042e-08  r/r0=4.5281e-06
[mg]   it  67  |r|inf=1.002220e-07  r/r0=4.6251e-06
[mg]   it  68  |r|inf=9.148924e-08  r/r0=4.2221e-06
[mg]   it  69  |r|inf=1.042355e-07  r/r0=4.8103e-06
[mg]   it  70  |r|inf=1.055015e-07  r/r0=4.8687e-06
[mg]   it  71  |r|inf=1.264280e-07  r/r0=5.8344e-06
[mg]   it  72  |r|inf=1.573547e-07  r/r0=7.2616e-06
[mg]   it  73  |r|inf=1.751135e-07  r/r0=8.0812e-06
[mg]   it  74  |r|inf=1.775445e-07  r/r0=8.1933e-06
[mg]   it  75  |r|inf=1.633752e-07  r/r0=7.5395e-06
[mg]   it  76  |r|inf=1.489989e-07  r/r0=6.8760e-06
[mg]   it  77  |r|inf=1.511107e-07  r/r0=6.9735e-06
[mg]   it  78  |r|inf=1.403525e-07  r/r0=6.4770e-06
[mg]   it  79  |r|inf=1.588466e-07  r/r0=7.3305e-06
[mg]   it  80  |r|inf=1.701422e-07  r/r0=7.8517e-06
[mg]   it  81  |r|inf=1.701496e-07  r/r0=7.8521e-06
[mg]   it  82  |r|inf=2.093574e-07  r/r0=9.6615e-06
[mg]   it  83  |r|inf=2.541661e-07  r/r0=1.1729e-05
[mg]   it  84  |r|inf=2.866594e-07  r/r0=1.3229e-05
[mg]   it  85  |r|inf=3.044860e-07  r/r0=1.4051e-05
[mg]   it  86  |r|inf=3.058039e-07  r/r0=1.4112e-05
[mg]   it  87  |r|inf=2.895821e-07  r/r0=1.3364e-05
[mg]   it  88  |r|inf=2.559343e-07  r/r0=1.1811e-05
[mg]   it  89  |r|inf=2.576037e-07  r/r0=1.1888e-05
[mg]   it  90  |r|inf=2.548509e-07  r/r0=1.1761e-05
[mg]   it  91  |r|inf=2.389762e-07  r/r0=1.1028e-05
[mg]   it  92  |r|inf=2.482858e-07  r/r0=1.1458e-05
[mg]   it  93  |r|inf=2.657778e-07  r/r0=1.2265e-05
[mg]   it  94  |r|inf=2.721219e-07  r/r0=1.2558e-05
[mg]   it  95  |r|inf=2.674558e-07  r/r0=1.2343e-05
[mg]   it  96  |r|inf=2.989566e-07  r/r0=1.3796e-05
[mg]   it  97  |r|inf=3.533459e-07  r/r0=1.6306e-05
[mg]   it  98  |r|inf=3.963579e-07  r/r0=1.8291e-05
[mg]   it  99  |r|inf=4.265899e-07  r/r0=1.9686e-05
[mg]   it 100  |r|inf=4.428908e-07  r/r0=2.0439e-05
[mg]   it 101  |r|inf=4.444174e-07  r/r0=2.0509e-05
[mg]   it 102  |r|inf=4.307393e-07  r/r0=1.9878e-05
[mg]   it 103  |r|inf=4.019566e-07  r/r0=1.8550e-05
[mg]   it 104  |r|inf=3.587888e-07  r/r0=1.6557e-05
[mg]   it 105  |r|inf=3.615582e-07  r/r0=1.6685e-05
[mg]   it 106  |r|inf=3.611569e-07  r/r0=1.6667e-05
[mg]   it 107  |r|inf=3.495284e-07  r/r0=1.6130e-05
[mg]   it 108  |r|inf=3.272483e-07  r/r0=1.5102e-05
[mg]   it 109  |r|inf=3.462376e-07  r/r0=1.5978e-05
[mg]   it 110  |r|inf=3.663958e-07  r/r0=1.6908e-05
[mg]   it 111  |r|inf=3.771444e-07  r/r0=1.7405e-05
[mg]   it 112  |r|inf=3.785330e-07  r/r0=1.7469e-05
[mg]   it 113  |r|inf=3.708246e-07  r/r0=1.7113e-05
[mg]   it 114  |r|inf=4.028246e-07  r/r0=1.8590e-05
[mg]   it 115  |r|inf=4.630249e-07  r/r0=2.1368e-05
[mg]   it 116  |r|inf=5.139714e-07  r/r0=2.3719e-05
[mg]   it 117  |r|inf=5.547441e-07  r/r0=2.5600e-05
[mg]   it 118  |r|inf=5.845600e-07  r/r0=2.6976e-05
[mg]   it 119  |r|inf=6.027799e-07  r/r0=2.7817e-05
[mg]   it 120  |r|inf=6.089333e-07  r/r0=2.8101e-05
[mg]   it 121  |r|inf=6.027556e-07  r/r0=2.7816e-05
[mg]   it 122  |r|inf=5.842305e-07  r/r0=2.6961e-05
[mg]   it 123  |r|inf=5.536260e-07  r/r0=2.5549e-05
[mg]   it 124  |r|inf=5.115174e-07  r/r0=2.3606e-05
[mg]   it 125  |r|inf=4.744461e-07  r/r0=2.1895e-05
[mg]   it 126  |r|inf=4.811360e-07  r/r0=2.2204e-05
[mg]   it 127  |r|inf=4.788057e-07  r/r0=2.2096e-05
[mg]   it 128  |r|inf=4.676457e-07  r/r0=2.1581e-05
[mg]   it 129  |r|inf=4.480682e-07  r/r0=2.0678e-05
[mg]   it 130  |r|inf=4.206710e-07  r/r0=1.9413e-05
[mg]   it 131  |r|inf=4.470396e-07  r/r0=2.0630e-05
[mg]   it 132  |r|inf=4.668662e-07  r/r0=2.1545e-05
[mg]   it 133  |r|inf=4.793773e-07  r/r0=2.2122e-05
[mg]   it 134  |r|inf=4.846367e-07  r/r0=2.2365e-05
[mg]   it 135  |r|inf=4.828148e-07  r/r0=2.2281e-05
[mg]   it 136  |r|inf=4.741619e-07  r/r0=2.1882e-05
[mg]   it 137  |r|inf=4.746273e-07  r/r0=2.1903e-05
[mg]   it 138  |r|inf=5.362257e-07  r/r0=2.4746e-05
[mg]   it 139  |r|inf=5.909769e-07  r/r0=2.7272e-05
[mg]   it 140  |r|inf=6.383585e-07  r/r0=2.9459e-05
[mg]   it 141  |r|inf=6.779173e-07  r/r0=3.1285e-05
[mg]   it 142  |r|inf=7.092657e-07  r/r0=3.2731e-05
[mg]   it 143  |r|inf=7.320823e-07  r/r0=3.3784e-05
[mg]   it 144  |r|inf=7.461182e-07  r/r0=3.4432e-05
[mg]   it 145  |r|inf=7.512074e-07  r/r0=3.4667e-05
[mg]   it 146  |r|inf=7.472790e-07  r/r0=3.4486e-05
[mg]   it 147  |r|inf=7.343699e-07  r/r0=3.3890e-05
[mg]   it 148  |r|inf=7.126367e-07  r/r0=3.2887e-05
[mg]   it 149  |r|inf=6.823629e-07  r/r0=3.1490e-05
[mg]   it 150  |r|inf=6.439620e-07  r/r0=2.9718e-05
[mg]   it 151  |r|inf=5.979744e-07  r/r0=2.7595e-05
[mg]   it 152  |r|inf=5.724492e-07  r/r0=2.6417e-05
[mg]   it 153  |r|inf=5.763546e-07  r/r0=2.6598e-05
[mg]   it 154  |r|inf=5.738625e-07  r/r0=2.6483e-05
[mg]   it 155  |r|inf=5.651306e-07  r/r0=2.6080e-05
[mg]   it 156  |r|inf=5.504089e-07  r/r0=2.5400e-05
[mg]   it 157  |r|inf=5.300262e-07  r/r0=2.4460e-05
[mg]   it 158  |r|inf=5.043759e-07  r/r0=2.3276e-05
[mg]   it 159  |r|inf=5.062919e-07  r/r0=2.3364e-05
[mg]   it 160  |r|inf=5.261066e-07  r/r0=2.4279e-05
[mg]   it 161  |r|inf=5.408379e-07  r/r0=2.4959e-05
[mg]   it 162  |r|inf=5.505198e-07  r/r0=2.5405e-05
[mg]   it 163  |r|inf=5.552359e-07  r/r0=2.5623e-05
[mg]   it 164  |r|inf=5.551092e-07  r/r0=2.5617e-05
[mg]   it 165  |r|inf=5.502934e-07  r/r0=2.5395e-05
[mg]   it 166  |r|inf=5.409647e-07  r/r0=2.4965e-05
[mg]   it 167  |r|inf=5.273161e-07  r/r0=2.4335e-05
[mg]   it 168  |r|inf=5.654027e-07  r/r0=2.6092e-05
[mg]   it 169  |r|inf=6.160271e-07  r/r0=2.8429e-05
[mg]   it 170  |r|inf=6.618337e-07  r/r0=3.0542e-05
[mg]   it 171  |r|inf=7.025998e-07  r/r0=3.2424e-05
[mg]   it 172  |r|inf=7.381284e-07  r/r0=3.4063e-05
[mg]   it 173  |r|inf=7.682463e-07  r/r0=3.5453e-05
[mg]   it 174  |r|inf=7.928035e-07  r/r0=3.6586e-05
[mg]   it 175  |r|inf=8.116743e-07  r/r0=3.7457e-05
[mg]   it 176  |r|inf=8.247591e-07  r/r0=3.8061e-05
[mg]   it 177  |r|inf=8.319872e-07  r/r0=3.8395e-05
[mg]   it 178  |r|inf=8.333205e-07  r/r0=3.8456e-05
[mg]   it 179  |r|inf=8.287573e-07  r/r0=3.8246e-05
[mg]   it 180  |r|inf=8.183356e-07  r/r0=3.7765e-05
[mg]   it 181  |r|inf=8.021366e-07  r/r0=3.7017e-05
[mg]   it 182  |r|inf=7.802874e-07  r/r0=3.6009e-05
[mg]   it 183  |r|inf=7.529619e-07  r/r0=3.4748e-05
[mg]   it 184  |r|inf=7.203817e-07  r/r0=3.3244e-05
[mg]   it 185  |r|inf=6.828146e-07  r/r0=3.1511e-05
[mg]   it 186  |r|inf=6.405722e-07  r/r0=2.9561e-05
[mg]   it 187  |r|inf=6.356445e-07  r/r0=2.9334e-05
[mg]   it 188  |r|inf=6.389656e-07  r/r0=2.9487e-05
[mg]   it 189  |r|inf=6.380995e-07  r/r0=2.9447e-05
[mg]   it 190  |r|inf=6.331142e-07  r/r0=2.9217e-05
[mg]   it 191  |r|inf=6.241131e-07  r/r0=2.8802e-05
[mg]   it 192  |r|inf=6.112324e-07  r/r0=2.8207e-05
[mg]   it 193  |r|inf=5.946364e-07  r/r0=2.7441e-05
[mg]   it 194  |r|inf=5.745135e-07  r/r0=2.6513e-05
[mg]   it 195  |r|inf=5.510720e-07  r/r0=2.5431e-05
[mg]   it 196  |r|inf=5.657818e-07  r/r0=2.6110e-05
[mg]   it 197  |r|inf=5.831845e-07  r/r0=2.6913e-05
[mg]   it 198  |r|inf=5.972663e-07  r/r0=2.7563e-05
[mg]   it 199  |r|inf=6.080324e-07  r/r0=2.8060e-05
[mg]   it 200  |r|inf=6.155084e-07  r/r0=2.8405e-05
[mg]   it 201  |r|inf=6.197369e-07  r/r0=2.8600e-05
[mg]   it 202  |r|inf=6.207750e-07  r/r0=2.8648e-05
[mg]   it 203  |r|inf=6.186914e-07  r/r0=2.8551e-05
[mg]   it 204  |r|inf=6.135645e-07  r/r0=2.8315e-05
[mg]   it 205  |r|inf=6.054803e-07  r/r0=2.7942e-05
[mg]   it 206  |r|inf=5.945305e-07  r/r0=2.7436e-05
[mg]   it 207  |r|inf=6.059052e-07  r/r0=2.7961e-05
[mg]   it 208  |r|inf=6.524287e-07  r/r0=3.0108e-05
[mg]   it 209  |r|inf=6.959636e-07  r/r0=3.2117e-05
[mg]   it 210  |r|inf=7.363784e-07  r/r0=3.3982e-05
[mg]   it 211  |r|inf=7.735521e-07  r/r0=3.5698e-05
[mg]   it 212  |r|inf=8.073730e-07  r/r0=3.7259e-05
[mg]   it 213  |r|inf=8.377383e-07  r/r0=3.8660e-05
[mg]   it 214  |r|inf=8.645534e-07  r/r0=3.9898e-05
[mg]   it 215  |r|inf=8.877328e-07  r/r0=4.0967e-05
[mg]   it 216  |r|inf=9.071992e-07  r/r0=4.1866e-05
[mg]   it 217  |r|inf=9.228854e-07  r/r0=4.2589e-05
[mg]   it 218  |r|inf=9.347342e-07  r/r0=4.3136e-05
[mg]   it 219  |r|inf=9.426997e-07  r/r0=4.3504e-05
[mg]   it 220  |r|inf=9.467485e-07  r/r0=4.3691e-05
[mg]   it 221  |r|inf=9.468612e-07  r/r0=4.3696e-05
[mg]   it 222  |r|inf=9.430331e-07  r/r0=4.3519e-05
[mg]   it 223  |r|inf=9.352758e-07  r/r0=4.3161e-05
[mg]   it 224  |r|inf=9.236182e-07  r/r0=4.2623e-05
[mg]   it 225  |r|inf=9.081072e-07  r/r0=4.1907e-05
[mg]   it 226  |r|inf=8.888088e-07  r/r0=4.1017e-05
[mg]   it 227  |r|inf=8.658082e-07  r/r0=3.9955e-05
[mg]   it 228  |r|inf=8.392100e-07  r/r0=3.8728e-05
[mg]   it 229  |r|inf=8.091380e-07  r/r0=3.7340e-05
[mg]   it 230  |r|inf=7.757347e-07  r/r0=3.5799e-05
[mg]   it 231  |r|inf=7.391603e-07  r/r0=3.4111e-05
[mg]   it 232  |r|inf=7.317970e-07  r/r0=3.3771e-05
[mg]   it 233  |r|inf=7.369148e-07  r/r0=3.4007e-05
[mg]   it 234  |r|inf=7.391791e-07  r/r0=3.4112e-05
[mg]   it 235  |r|inf=7.386060e-07  r/r0=3.4085e-05
[run] step 1/3
[mg]   it 236  |r|inf=7.352273e-07  r/r0=3.3929e-05
[mg]   it 237  |r|inf=7.290892e-07  r/r0=3.3646e-05
[mg]   it 238  |r|inf=7.202521e-07  r/r0=3.3238e-05
[mg]   it 239  |r|inf=7.087888e-07  r/r0=3.2709e-05
[mg]   it 240  |r|inf=6.947839e-07  r/r0=3.2063e-05
[mg]   it 241  |r|inf=6.783320e-07  r/r0=3.1304e-05
[mg]   it 242  |r|inf=6.595365e-07  r/r0=3.0436e-05
[mg]   it 243  |r|inf=6.385081e-07  r/r0=2.9466e-05
[mg]   it 244  |r|inf=6.554411e-07  r/r0=3.0247e-05
[mg]   it 245  |r|inf=6.717393e-07  r/r0=3.1000e-05
[mg]   it 246  |r|inf=6.857812e-07  r/r0=3.1648e-05
[mg]   it 247  |r|inf=6.975619e-07  r/r0=3.2191e-05
[mg]   it 248  |r|inf=7.070855e-07  r/r0=3.2631e-05
[mg]   it 249  |r|inf=7.143647e-07  r/r0=3.2967e-05
[mg]   it 250  |r|inf=7.194190e-07  r/r0=3.3200e-05
[mg]   it 251  |r|inf=7.222745e-07  r/r0=3.3332e-05
[mg]   it 252  |r|inf=7.229629e-07  r/r0=3.3363e-05
[mg]   it 253  |r|inf=7.215204e-07  r/r0=3.3297e-05
[mg]   it 254  |r|inf=7.179876e-07  r/r0=3.3134e-05
[mg]   it 255  |r|inf=7.124083e-07  r/r0=3.2876e-05
[mg]   it 256  |r|inf=7.048292e-07  r/r0=3.2527e-05
[mg]   it 257  |r|inf=6.952994e-07  r/r0=3.2087e-05
[mg]   it 258  |r|inf=6.838700e-07  r/r0=3.1559e-05
[mg]   it 259  |r|inf=7.177013e-07  r/r0=3.3121e-05
[mg]   it 260  |r|inf=7.583220e-07  r/r0=3.4995e-05
[mg]   it 261  |r|inf=7.969033e-07  r/r0=3.6776e-05
[mg]   it 262  |r|inf=8.333763e-07  r/r0=3.8459e-05
[mg]   it 263  |r|inf=8.676762e-07  r/r0=4.0042e-05
[mg]   it 264  |r|inf=8.997424e-07  r/r0=4.1521e-05
[mg]   it 265  |r|inf=9.295184e-07  r/r0=4.2896e-05
[mg]   it 266  |r|inf=9.569513e-07  r/r0=4.4162e-05
[mg]   it 267  |r|inf=9.819918e-07  r/r0=4.5317e-05
[mg]   it 268  |r|inf=1.004594e-06  r/r0=4.6360e-05
[mg]   it 269  |r|inf=1.024717e-06  r/r0=4.7289e-05
[mg]   it 270  |r|inf=1.042321e-06  r/r0=4.8101e-05
[mg]   it 271  |r|inf=1.057372e-06  r/r0=4.8796e-05
[mg]   it 272  |r|inf=1.069842e-06  r/r0=4.9371e-05
[mg]   it 273  |r|inf=1.079703e-06  r/r0=4.9826e-05
[mg]   it 274  |r|inf=1.086937e-06  r/r0=5.0160e-05
[mg]   it 275  |r|inf=1.091526e-06  r/r0=5.0372e-05
[mg]   it 276  |r|inf=1.093462e-06  r/r0=5.0461e-05
[mg]   it 277  |r|inf=1.092740e-06  r/r0=5.0428e-05
[mg]   it 278  |r|inf=1.089363e-06  r/r0=5.0272e-05
[mg]   it 279  |r|inf=1.083339e-06  r/r0=4.9994e-05
[mg]   it 280  |r|inf=1.074684e-06  r/r0=4.9595e-05
[mg]   it 281  |r|inf=1.063421e-06  r/r0=4.9075e-05
[mg]   it 282  |r|inf=1.049581e-06  r/r0=4.8436e-05
[mg]   it 283  |r|inf=1.033201e-06  r/r0=4.7680e-05
[mg]   it 284  |r|inf=1.014327e-06  r/r0=4.6809e-05
[mg]   it 285  |r|inf=9.930116e-07  r/r0=4.5826e-05
[mg]   it 286  |r|inf=9.693159e-07  r/r0=4.4732e-05
[mg]   it 287  |r|inf=9.433079e-07  r/r0=4.3532e-05
[mg]   it 288  |r|inf=9.150632e-07  r/r0=4.2228e-05
[mg]   it 289  |r|inf=8.846642e-07  r/r0=4.0826e-05
[mg]   it 290  |r|inf=8.522000e-07  r/r0=3.9327e-05
[mg]   it 291  |r|inf=8.374541e-07  r/r0=3.8647e-05
[mg]   it 292  |r|inf=8.425911e-07  r/r0=3.8884e-05
[mg]   it 293  |r|inf=8.458118e-07  r/r0=3.9033e-05
[mg]   it 294  |r|inf=8.471229e-07  r/r0=3.9093e-05
[mg]   it 295  |r|inf=8.465376e-07  r/r0=3.9066e-05
[mg]   it 296  |r|inf=8.440750e-07  r/r0=3.8952e-05
[mg]   it 297  |r|inf=8.397600e-07  r/r0=3.8753e-05
[mg]   it 298  |r|inf=8.336229e-07  r/r0=3.8470e-05
[mg]   it 299  |r|inf=8.256993e-07  r/r0=3.8104e-05
[mg]   it 300  |r|inf=8.160298e-07  r/r0=3.7658e-05
[mg] solve 1: r0=1.185175e-02 rtol=1.0e-08 (pre=2 post=2 bottom=12)
[mg]   it   1  |r|inf=1.216394e-02  r/r0=1.0263e+00
[mg]   it   2  |r|inf=2.104400e-03  r/r0=1.7756e-01
[mg]   it   3  |r|inf=4.283600e-04  r/r0=3.6143e-02
[mg]   it   4  |r|inf=7.002517e-05  r/r0=5.9084e-03
[mg]   it   5  |r|inf=3.022425e-05  r/r0=2.5502e-03
[mg]   it   6  |r|inf=2.647102e-05  r/r0=2.2335e-03
[mg]   it   7  |r|inf=2.393994e-05  r/r0=2.0200e-03
[mg]   it   8  |r|inf=2.151161e-05  r/r0=1.8151e-03
[mg]   it   9  |r|inf=1.778216e-05  r/r0=1.5004e-03
[mg]   it  10  |r|inf=1.236508e-05  r/r0=1.0433e-03
[mg]   it  11  |r|inf=6.452745e-06  r/r0=5.4446e-04
[mg]   it  12  |r|inf=5.174160e-06  r/r0=4.3657e-04
[mg]   it  13  |r|inf=5.341026e-06  r/r0=4.5065e-04
[mg]   it  14  |r|inf=4.620309e-06  r/r0=3.8984e-04
[mg]   it  15  |r|inf=2.838872e-06  r/r0=2.3953e-04
[mg]   it  16  |r|inf=8.248567e-07  r/r0=6.9598e-05
[mg]   it  17  |r|inf=7.886448e-07  r/r0=6.6542e-05
[mg]   it  18  |r|inf=8.408048e-07  r/r0=7.0944e-05
[mg]   it  19  |r|inf=3.510681e-07  r/r0=2.9622e-05
[mg]   it  20  |r|inf=9.598657e-08  r/r0=8.0989e-06
[mg]   it  21  |r|inf=1.355803e-07  r/r0=1.1440e-05
[mg]   it  22  |r|inf=1.064829e-07  r/r0=8.9846e-06
[mg]   it  23  |r|inf=3.901789e-08  r/r0=3.2922e-06
[mg]   it  24  |r|inf=5.900165e-08  r/r0=4.9783e-06
[mg]   it  25  |r|inf=2.822510e-08  r/r0=2.3815e-06
[mg]   it  26  |r|inf=1.865822e-08  r/r0=1.5743e-06
[mg]   it  27  |r|inf=1.991464e-08  r/r0=1.6803e-06
[mg]   it  28  |r|inf=1.234256e-08  r/r0=1.0414e-06
[mg]   it  29  |r|inf=2.852000e-08  r/r0=2.4064e-06
[mg]   it  30  |r|inf=1.461071e-08  r/r0=1.2328e-06
[mg]   it  31  |r|inf=2.407866e-08  r/r0=2.0317e-06
[mg]   it  32  |r|inf=1.253661e-08  r/r0=1.0578e-06
[mg]   it  33  |r|inf=7.580672e-09  r/r0=6.3962e-07
[mg]   it  34  |r|inf=8.198057e-09  r/r0=6.9172e-07
[mg]   it  35  |r|inf=3.626392e-09  r/r0=3.0598e-07
[mg]   it  36  |r|inf=4.704391e-09  r/r0=3.9694e-07
[mg]   it  37  |r|inf=3.342451e-09  r/r0=2.8202e-07
[mg]   it  38  |r|inf=2.573262e-09  r/r0=2.1712e-07
[mg]   it  39  |r|inf=5.370828e-09  r/r0=4.5317e-07
[mg]   it  40  |r|inf=5.509239e-09  r/r0=4.6485e-07
[mg]   it  41  |r|inf=4.955083e-09  r/r0=4.1809e-07
[mg]   it  42  |r|inf=6.761410e-09  r/r0=5.7050e-07
[mg]   it  43  |r|inf=9.828930e-09  r/r0=8.2932e-07
[mg]   it  44  |r|inf=8.743968e-09  r/r0=7.3778e-07
[mg]   it  45  |r|inf=8.549254e-09  r/r0=7.2135e-07
[mg]   it  46  |r|inf=1.291447e-08  r/r0=1.0897e-06
[mg]   it  47  |r|inf=2.018536e-08  r/r0=1.7032e-06
[mg]   it  48  |r|inf=2.029043e-08  r/r0=1.7120e-06
[mg]   it  49  |r|inf=2.143747e-08  r/r0=1.8088e-06
[mg]   it  50  |r|inf=2.508986e-08  r/r0=2.1170e-06
[mg]   it  51  |r|inf=3.587217e-08  r/r0=3.0267e-06
[mg]   it  52  |r|inf=5.116519e-08  r/r0=4.3171e-06
[mg]   it  53  |r|inf=5.245553e-08  r/r0=4.4260e-06
[mg]   it  54  |r|inf=5.101375e-08  r/r0=4.3043e-06
[mg]   it  55  |r|inf=4.599755e-08  r/r0=3.8811e-06
[mg]   it  56  |r|inf=4.975149e-08  r/r0=4.1978e-06
[mg]   it  57  |r|inf=5.842243e-08  r/r0=4.9294e-06
[mg]   it  58  |r|inf=7.620946e-08  r/r0=6.4302e-06
[mg]   it  59  |r|inf=7.887443e-08  r/r0=6.6551e-06
[mg]   it  60  |r|inf=6.658442e-08  r/r0=5.6181e-06
[mg]   it  61  |r|inf=6.711062e-08  r/r0=5.6625e-06
[mg]   it  62  |r|inf=6.295365e-08  r/r0=5.3118e-06
[mg]   it  63  |r|inf=6.681238e-08  r/r0=5.6373e-06
[mg]   it  64  |r|inf=6.940534e-08  r/r0=5.8561e-06
[mg]   it  65  |r|inf=9.326836e-08  r/r0=7.8696e-06
[mg]   it  66  |r|inf=1.056323e-07  r/r0=8.9128e-06
[mg]   it  67  |r|inf=1.043995e-07  r/r0=8.8088e-06
[mg]   it  68  |r|inf=8.952787e-08  r/r0=7.5540e-06
[mg]   it  69  |r|inf=9.350246e-08  r/r0=7.8893e-06
[mg]   it  70  |r|inf=8.604968e-08  r/r0=7.2605e-06
[mg]   it  71  |r|inf=9.323586e-08  r/r0=7.8668e-06
[mg]   it  72  |r|inf=9.580280e-08  r/r0=8.0834e-06
[mg]   it  73  |r|inf=9.563556e-08  r/r0=8.0693e-06
[mg]   it  74  |r|inf=1.245233e-07  r/r0=1.0507e-05
[mg]   it  75  |r|inf=1.439941e-07  r/r0=1.2150e-05
[mg]   it  76  |r|inf=1.523373e-07  r/r0=1.2854e-05
[mg]   it  77  |r|inf=1.482890e-07  r/r0=1.2512e-05
[mg]   it  78  |r|inf=1.313809e-07  r/r0=1.1085e-05
[mg]   it  79  |r|inf=1.346548e-07  r/r0=1.1362e-05
[mg]   it  80  |r|inf=1.336113e-07  r/r0=1.1274e-05
[mg]   it  81  |r|inf=1.274760e-07  r/r0=1.0756e-05
[mg]   it  82  |r|inf=1.423609e-07  r/r0=1.2012e-05
[mg]   it  83  |r|inf=1.484774e-07  r/r0=1.2528e-05
[mg]   it  84  |r|inf=1.457377e-07  r/r0=1.2297e-05
[mg]   it  85  |r|inf=1.669941e-07  r/r0=1.4090e-05
[mg]   it  86  |r|inf=1.994490e-07  r/r0=1.6829e-05
[mg]   it  87  |r|inf=2.227064e-07  r/r0=1.8791e-05
[mg]   it  88  |r|inf=2.354801e-07  r/r0=1.9869e-05
[mg]   it  89  |r|inf=2.367986e-07  r/r0=1.9980e-05
[mg]   it  90  |r|inf=2.261361e-07  r/r0=1.9080e-05
[mg]   it  91  |r|inf=2.035818e-07  r/r0=1.7177e-05
[mg]   it  92  |r|inf=1.992487e-07  r/r0=1.6812e-05
[mg]   it  93  |r|inf=2.015502e-07  r/r0=1.7006e-05
[mg]   it  94  |r|inf=1.946114e-07  r/r0=1.6420e-05
[mg]   it  95  |r|inf=1.892597e-07  r/r0=1.5969e-05
[mg]   it  96  |r|inf=2.066078e-07  r/r0=1.7433e-05
[mg]   it  97  |r|inf=2.161252e-07  r/r0=1.8236e-05
[mg]   it  98  |r|inf=2.177378e-07  r/r0=1.8372e-05
[mg]   it  99  |r|inf=2.116566e-07  r/r0=1.7859e-05
[mg]   it 100  |r|inf=2.421931e-07  r/r0=2.0435e-05
[mg]   it 101  |r|inf=2.799115e-07  r/r0=2.3618e-05
[mg]   it 102  |r|inf=3.097700e-07  r/r0=2.6137e-05
[mg]   it 103  |r|inf=3.309120e-07  r/r0=2.7921e-05
[mg]   it 104  |r|inf=3.426142e-07  r/r0=2.8908e-05
[mg]   it 105  |r|inf=3.443150e-07  r/r0=2.9052e-05
[mg]   it 106  |r|inf=3.356721e-07  r/r0=2.8323e-05
[mg]   it 107  |r|inf=3.166329e-07  r/r0=2.6716e-05
[mg]   it 108  |r|inf=2.874980e-07  r/r0=2.4258e-05
[mg]   it 109  |r|inf=2.858081e-07  r/r0=2.4115e-05
[mg]   it 110  |r|inf=2.905247e-07  r/r0=2.4513e-05
[mg]   it 111  |r|inf=2.872926e-07  r/r0=2.4241e-05
[mg]   it 112  |r|inf=2.762547e-07  r/r0=2.3309e-05
[mg]   it 113  |r|inf=2.760057e-07  r/r0=2.3288e-05
[mg]   it 114  |r|inf=2.969764e-07  r/r0=2.5058e-05
[mg]   it 115  |r|inf=3.111896e-07  r/r0=2.6257e-05
[mg]   it 116  |r|inf=3.185066e-07  r/r0=2.6874e-05
[mg]   it 117  |r|inf=3.189766e-07  r/r0=2.6914e-05
[mg]   it 118  |r|inf=3.127924e-07  r/r0=2.6392e-05
[mg]   it 119  |r|inf=3.312088e-07  r/r0=2.7946e-05
[mg]   it 120  |r|inf=3.760703e-07  r/r0=3.1731e-05
[mg]   it 121  |r|inf=4.143510e-07  r/r0=3.4961e-05
[mg]   it 122  |r|inf=4.454636e-07  r/r0=3.7586e-05
[mg]   it 123  |r|inf=4.689154e-07  r/r0=3.9565e-05
[mg]   it 124  |r|inf=4.843048e-07  r/r0=4.0864e-05
[mg]   it 125  |r|inf=4.913281e-07  r/r0=4.1456e-05
[mg]   it 126  |r|inf=4.897940e-07  r/r0=4.1327e-05
[mg]   it 127  |r|inf=4.796435e-07  r/r0=4.0470e-05
[mg]   it 128  |r|inf=4.609703e-07  r/r0=3.8895e-05
[mg]   it 129  |r|inf=4.340381e-07  r/r0=3.6622e-05
[mg]   it 130  |r|inf=3.992895e-07  r/r0=3.3690e-05
[mg]   it 131  |r|inf=3.816777e-07  r/r0=3.2204e-05
[mg]   it 132  |r|inf=3.869641e-07  r/r0=3.2650e-05
[mg]   it 133  |r|inf=3.859978e-07  r/r0=3.2569e-05
[mg]   it 134  |r|inf=3.788800e-07  r/r0=3.1968e-05
[mg]   it 135  |r|inf=3.658481e-07  r/r0=3.0869e-05
[mg]   it 136  |r|inf=3.472581e-07  r/r0=2.9300e-05
[mg]   it 137  |r|inf=3.675679e-07  r/r0=3.1014e-05
[mg]   it 138  |r|inf=3.855973e-07  r/r0=3.2535e-05
[mg]   it 139  |r|inf=3.983455e-07  r/r0=3.3611e-05
[mg]   it 140  |r|inf=4.058124e-07  r/r0=3.4241e-05
[mg]   it 141  |r|inf=4.080791e-07  r/r0=3.4432e-05
[mg]   it 142  |r|inf=4.052911e-07  r/r0=3.4197e-05
[mg]   it 143  |r|inf=3.976435e-07  r/r0=3.3551e-05
[mg]   it 144  |r|inf=4.052407e-07  r/r0=3.4192e-05
[mg]   it 145  |r|inf=4.494773e-07  r/r0=3.7925e-05
[mg]   it 146  |r|inf=4.886747e-07  r/r0=4.1232e-05
[mg]   it 147  |r|inf=5.225331e-07  r/r0=4.4089e-05
[mg]   it 148  |r|inf=5.508023e-07  r/r0=4.6474e-05
[mg]   it 149  |r|inf=5.732772e-07  r/r0=4.8371e-05
[mg]   it 150  |r|inf=5.897964e-07  r/r0=4.9765e-05
[mg]   it 151  |r|inf=6.002427e-07  r/r0=5.0646e-05
[mg]   it 152  |r|inf=6.045460e-07  r/r0=5.1009e-05
[mg]   it 153  |r|inf=6.026871e-07  r/r0=5.0852e-05
[mg]   it 154  |r|inf=5.947030e-07  r/r0=5.0179e-05
[mg]   it 155  |r|inf=5.806914e-07  r/r0=4.8996e-05
[mg]   it 156  |r|inf=5.608146e-07  r/r0=4.7319e-05
[mg]   it 157  |r|inf=5.353017e-07  r/r0=4.5166e-05
[mg]   it 158  |r|inf=5.044493e-07  r/r0=4.2563e-05
[mg]   it 159  |r|inf=4.686186e-07  r/r0=3.9540e-05
[mg]   it 160  |r|inf=4.437865e-07  r/r0=3.7445e-05
[mg]   it 161  |r|inf=4.471993e-07  r/r0=3.7733e-05
[mg]   it 162  |r|inf=4.463884e-07  r/r0=3.7664e-05
[mg]   it 163  |r|inf=4.414359e-07  r/r0=3.7246e-05
[mg]   it 164  |r|inf=4.324743e-07  r/r0=3.6490e-05
[mg]   it 165  |r|inf=4.196814e-07  r/r0=3.5411e-05
[mg]   it 166  |r|inf=4.032739e-07  r/r0=3.4027e-05
[mg]   it 167  |r|inf=3.935576e-07  r/r0=3.3207e-05
[mg]   it 168  |r|inf=4.119222e-07  r/r0=3.4756e-05
[mg]   it 169  |r|inf=4.268282e-07  r/r0=3.6014e-05
[mg]   it 170  |r|inf=4.382569e-07  r/r0=3.6978e-05
[mg]   it 171  |r|inf=4.462235e-07  r/r0=3.7650e-05
[mg]   it 172  |r|inf=4.507729e-07  r/r0=3.8034e-05
[mg]   it 173  |r|inf=4.519747e-07  r/r0=3.8136e-05
[mg]   it 174  |r|inf=4.499182e-07  r/r0=3.7962e-05
[mg]   it 175  |r|inf=4.447086e-07  r/r0=3.7523e-05
[mg]   it 176  |r|inf=4.364634e-07  r/r0=3.6827e-05
[mg]   it 177  |r|inf=4.533733e-07  r/r0=3.8254e-05
[mg]   it 178  |r|inf=4.916182e-07  r/r0=4.1481e-05
[mg]   it 179  |r|inf=5.265485e-07  r/r0=4.4428e-05
[mg]   it 180  |r|inf=5.580219e-07  r/r0=4.7084e-05
[mg]   it 181  |r|inf=5.859144e-07  r/r0=4.9437e-05
[mg]   it 182  |r|inf=6.101185e-07  r/r0=5.1479e-05
[mg]   it 183  |r|inf=6.305427e-07  r/r0=5.3203e-05
[mg]   it 184  |r|inf=6.471101e-07  r/r0=5.4600e-05
[mg]   it 185  |r|inf=6.597595e-07  r/r0=5.5668e-05
[mg]   it 186  |r|inf=6.684453e-07  r/r0=5.6401e-05
[mg]   it 187  |r|inf=6.731390e-07  r/r0=5.6797e-05
[mg]   it 188  |r|inf=6.738300e-07  r/r0=5.6855e-05
[mg]   it 189  |r|inf=6.705271e-07  r/r0=5.6576e-05
[mg]   it 190  |r|inf=6.632603e-07  r/r0=5.5963e-05
[mg]   it 191  |r|inf=6.520815e-07  r/r0=5.5020e-05
[mg]   it 192  |r|inf=6.370663e-07  r/r0=5.3753e-05
[mg]   it 193  |r|inf=6.183142e-07  r/r0=5.2171e-05
[mg]   it 194  |r|inf=5.959493e-07  r/r0=5.0284e-05
[mg]   it 195  |r|inf=5.701200e-07  r/r0=4.8104e-05
[mg]   it 196  |r|inf=5.409985e-07  r/r0=4.5647e-05
[mg]   it 197  |r|inf=5.087793e-07  r/r0=4.2929e-05
[mg]   it 198  |r|inf=4.917677e-07  r/r0=4.1493e-05
[mg]   it 199  |r|inf=4.945404e-07  r/r0=4.1727e-05
[mg]   it 200  |r|inf=4.945920e-07  r/r0=4.1732e-05
[mg]   it 201  |r|inf=4.919544e-07  r/r0=4.1509e-05
[mg]   it 202  |r|inf=4.866787e-07  r/r0=4.1064e-05
[mg]   it 203  |r|inf=4.788334e-07  r/r0=4.0402e-05
[mg]   it 204  |r|inf=4.685035e-07  r/r0=3.9530e-05
[mg]   it 205  |r|inf=4.557882e-07  r/r0=3.8457e-05
[mg]   it 206  |r|inf=4.407994e-07  r/r0=3.7193e-05
[mg]   it 207  |r|inf=4.332216e-07  r/r0=3.6553e-05
[mg]   it 208  |r|inf=4.495720e-07  r/r0=3.7933e-05
[mg]   it 209  |r|inf=4.637294e-07  r/r0=3.9128e-05
[mg]   it 210  |r|inf=4.756716e-07  r/r0=4.0135e-05
[mg]   it 211  |r|inf=4.853899e-07  r/r0=4.0955e-05
[mg]   it 212  |r|inf=4.928877e-07  r/r0=4.1588e-05
[mg]   it 213  |r|inf=4.981795e-07  r/r0=4.2034e-05
[mg]   it 214  |r|inf=5.012891e-07  r/r0=4.2297e-05
[mg]   it 215  |r|inf=5.022493e-07  r/r0=4.2378e-05
[mg]   it 216  |r|inf=5.010995e-07  r/r0=4.2281e-05
[mg]   it 217  |r|inf=4.978858e-07  r/r0=4.2009e-05
[mg]   it 218  |r|inf=4.926591e-07  r/r0=4.1568e-05
[mg]   it 219  |r|inf=4.854751e-07  r/r0=4.0962e-05
[mg]   it 220  |r|inf=5.122288e-07  r/r0=4.3220e-05
[mg]   it 221  |r|inf=5.465134e-07  r/r0=4.6112e-05
[mg]   it 222  |r|inf=5.786769e-07  r/r0=4.8826e-05
[mg]   it 223  |r|inf=6.086357e-07  r/r0=5.1354e-05
[mg]   it 224  |r|inf=6.363135e-07  r/r0=5.3689e-05
[mg]   it 225  |r|inf=6.616412e-07  r/r0=5.5826e-05
[mg]   it 226  |r|inf=6.845561e-07  r/r0=5.7760e-05
[mg]   it 227  |r|inf=7.050020e-07  r/r0=5.9485e-05
[mg]   it 228  |r|inf=7.229291e-07  r/r0=6.0998e-05
[mg]   it 229  |r|inf=7.382937e-07  r/r0=6.2294e-05
[mg]   it 230  |r|inf=7.510585e-07  r/r0=6.3371e-05
[mg]   it 231  |r|inf=7.611927e-07  r/r0=6.4226e-05
[mg]   it 232  |r|inf=7.686726e-07  r/r0=6.4857e-05
[mg]   it 233  |r|inf=7.734815e-07  r/r0=6.5263e-05
[mg]   it 234  |r|inf=7.756103e-07  r/r0=6.5443e-05
[mg]   it 235  |r|inf=7.750581e-07  r/r0=6.5396e-05
[mg]   it 236  |r|inf=7.718322e-07  r/r0=6.5124e-05
[mg]   it 237  |r|inf=7.659490e-07  r/r0=6.4628e-05
[mg]   it 238  |r|inf=7.574340e-07  r/r0=6.3909e-05
[mg]   it 239  |r|inf=7.463223e-07  r/r0=6.2972e-05
[mg]   it 240  |r|inf=7.326586e-07  r/r0=6.1819e-05
[mg]   it 241  |r|inf=7.164975e-07  r/r0=6.0455e-05
[mg]   it 242  |r|inf=6.979036e-07  r/r0=5.8886e-05
[mg]   it 243  |r|inf=6.769511e-07  r/r0=5.7118e-05
[mg]   it 244  |r|inf=6.537238e-07  r/r0=5.5158e-05
[mg]   it 245  |r|inf=6.283148e-07  r/r0=5.3015e-05
[mg]   it 246  |r|inf=6.008258e-07  r/r0=5.0695e-05
[mg]   it 247  |r|inf=5.713666e-07  r/r0=4.8209e-05
[mg]   it 248  |r|inf=5.630743e-07  r/r0=4.7510e-05
[mg]   it 249  |r|inf=5.647959e-07  r/r0[run] step 2/3
=4.7655e-05
[mg]   it 250  |r|inf=5.647122e-07  r/r0=4.7648e-05
[mg]   it 251  |r|inf=5.628410e-07  r/r0=4.7490e-05
[mg]   it 252  |r|inf=5.592075e-07  r/r0=4.7184e-05
[mg]   it 253  |r|inf=5.538438e-07  r/r0=4.6731e-05
[mg]   it 254  |r|inf=5.467888e-07  r/r0=4.6136e-05
[mg]   it 255  |r|inf=5.380875e-07  r/r0=4.5402e-05
[mg]   it 256  |r|inf=5.277903e-07  r/r0=4.4533e-05
[mg]   it 257  |r|inf=5.159528e-07  r/r0=4.3534e-05
[mg]   it 258  |r|inf=5.026351e-07  r/r0=4.2410e-05
[mg]   it 259  |r|inf=4.879007e-07  r/r0=4.1167e-05
[mg]   it 260  |r|inf=4.901400e-07  r/r0=4.1356e-05
[mg]   it 261  |r|inf=5.035101e-07  r/r0=4.2484e-05
[mg]   it 262  |r|inf=5.154476e-07  r/r0=4.3491e-05
[mg]   it 263  |r|inf=5.259427e-07  r/r0=4.4377e-05
[mg]   it 264  |r|inf=5.349910e-07  r/r0=4.5140e-05
[mg]   it 265  |r|inf=5.425928e-07  r/r0=4.5782e-05
[mg]   it 266  |r|inf=5.487525e-07  r/r0=4.6301e-05
[mg]   it 267  |r|inf=5.534789e-07  r/r0=4.6700e-05
[mg]   it 268  |r|inf=5.567842e-07  r/r0=4.6979e-05
[mg]   it 269  |r|inf=5.586839e-07  r/r0=4.7139e-05
[mg]   it 270  |r|inf=5.591964e-07  r/r0=4.7183e-05
[mg]   it 271  |r|inf=5.583427e-07  r/r0=4.7111e-05
[mg]   it 272  |r|inf=5.561462e-07  r/r0=4.6925e-05
[mg]   it 273  |r|inf=5.526321e-07  r/r0=4.6629e-05
[mg]   it 274  |r|inf=5.478275e-07  r/r0=4.6223e-05
[mg]   it 275  |r|inf=5.417610e-07  r/r0=4.5711e-05
[mg]   it 276  |r|inf=5.554929e-07  r/r0=4.6870e-05
[mg]   it 277  |r|inf=5.861434e-07  r/r0=4.9456e-05
[mg]   it 278  |r|inf=6.154283e-07  r/r0=5.1927e-05
[mg]   it 279  |r|inf=6.433028e-07  r/r0=5.4279e-05
[mg]   it 280  |r|inf=6.697253e-07  r/r0=5.6509e-05
[mg]   it 281  |r|inf=6.946569e-07  r/r0=5.8612e-05
[mg]   it 282  |r|inf=7.180618e-07  r/r0=6.0587e-05
[mg]   it 283  |r|inf=7.399068e-07  r/r0=6.2430e-05
[mg]   it 284  |r|inf=7.601611e-07  r/r0=6.4139e-05
[mg]   it 285  |r|inf=7.787967e-07  r/r0=6.5712e-05
[mg]   it 286  |r|inf=7.957879e-07  r/r0=6.7145e-05
[mg]   it 287  |r|inf=8.111116e-07  r/r0=6.8438e-05
[mg]   it 288  |r|inf=8.247470e-07  r/r0=6.9589e-05
[mg]   it 289  |r|inf=8.366760e-07  r/r0=7.0595e-05
[mg]   it 290  |r|inf=8.468830e-07  r/r0=7.1456e-05
[mg]   it 291  |r|inf=8.553552e-07  r/r0=7.2171e-05
[mg]   it 292  |r|inf=8.620824e-07  r/r0=7.2739e-05
[mg]   it 293  |r|inf=8.670573e-07  r/r0=7.3159e-05
[mg]   it 294  |r|inf=8.702754e-07  r/r0=7.3430e-05
[mg]   it 295  |r|inf=8.717357e-07  r/r0=7.3553e-05
[mg]   it 296  |r|inf=8.714399e-07  r/r0=7.3528e-05
[mg]   it 297  |r|inf=8.693933e-07  r/r0=7.3356e-05
[mg]   it 298  |r|inf=8.656045e-07  r/r0=7.3036e-05
[mg]   it 299  |r|inf=8.600857e-07  r/r0=7.2570e-05
[mg]   it 300  |r|inf=8.528524e-07  r/r0=7.1960e-05
[mg] solve 2: r0=9.462285e-03 rtol=1.0e-08 (pre=2 post=2 bottom=12)
[mg]   it   1  |r|inf=9.819167e-03  r/r0=1.0377e+00
[mg]   it   2  |r|inf=1.704930e-03  r/r0=1.8018e-01
[mg]   it   3  |r|inf=3.002986e-04  r/r0=3.1736e-02
[mg]   it   4  |r|inf=5.633781e-05  r/r0=5.9539e-03
[mg]   it   5  |r|inf=2.214651e-05  r/r0=2.3405e-03
[mg]   it   6  |r|inf=1.904607e-05  r/r0=2.0128e-03
[mg]   it   7  |r|inf=1.714138e-05  r/r0=1.8115e-03
[mg]   it   8  |r|inf=1.537361e-05  r/r0=1.6247e-03
[mg]   it   9  |r|inf=1.279044e-05  r/r0=1.3517e-03
[mg]   it  10  |r|inf=9.474753e-06  r/r0=1.0013e-03
[mg]   it  11  |r|inf=5.794859e-06  r/r0=6.1242e-04
[mg]   it  12  |r|inf=4.822165e-06  r/r0=5.0962e-04
[mg]   it  13  |r|inf=3.984198e-06  r/r0=4.2106e-04
[mg]   it  14  |r|inf=4.185003e-06  r/r0=4.4228e-04
[mg]   it  15  |r|inf=2.895812e-06  r/r0=3.0604e-04
[mg]   it  16  |r|inf=6.352184e-07  r/r0=6.7132e-05
[mg]   it  17  |r|inf=3.806855e-07  r/r0=4.0232e-05
[mg]   it  18  |r|inf=5.459643e-07  r/r0=5.7699e-05
[mg]   it  19  |r|inf=3.084760e-07  r/r0=3.2601e-05
[mg]   it  20  |r|inf=6.415339e-08  r/r0=6.7799e-06
[mg]   it  21  |r|inf=7.482020e-08  r/r0=7.9072e-06
[mg]   it  22  |r|inf=9.495369e-08  r/r0=1.0035e-05
[mg]   it  23  |r|inf=3.083791e-08  r/r0=3.2590e-06
[mg]   it  24  |r|inf=3.047253e-08  r/r0=3.2204e-06
[mg]   it  25  |r|inf=2.756961e-08  r/r0=2.9136e-06
[mg]   it  26  |r|inf=9.116252e-09  r/r0=9.6343e-07
[mg]   it  27  |r|inf=1.276334e-08  r/r0=1.3489e-06
[mg]   it  28  |r|inf=7.924803e-09  r/r0=8.3751e-07
[mg]   it  29  |r|inf=1.763302e-08  r/r0=1.8635e-06
[mg]   it  30  |r|inf=9.932942e-09  r/r0=1.0497e-06
[mg]   it  31  |r|inf=1.619578e-08  r/r0=1.7116e-06
[mg]   it  32  |r|inf=5.838948e-09  r/r0=6.1708e-07
[mg]   it  33  |r|inf=7.304608e-09  r/r0=7.7197e-07
[mg]   it  34  |r|inf=4.252481e-09  r/r0=4.4941e-07
[mg]   it  35  |r|inf=2.874460e-09  r/r0=3.0378e-07
[mg]   it  36  |r|inf=4.101591e-09  r/r0=4.3347e-07
[mg]   it  37  |r|inf=2.137376e-09  r/r0=2.2588e-07
[mg]   it  38  |r|inf=2.659538e-09  r/r0=2.8107e-07
[mg]   it  39  |r|inf=4.423100e-09  r/r0=4.6745e-07
[mg]   it  40  |r|inf=3.508779e-09  r/r0=3.7082e-07
[mg]   it  41  |r|inf=3.304188e-09  r/r0=3.4920e-07
[mg]   it  42  |r|inf=5.919994e-09  r/r0=6.2564e-07
[mg]   it  43  |r|inf=5.465180e-09  r/r0=5.7758e-07
[mg]   it  44  |r|inf=4.752350e-09  r/r0=5.0224e-07
[mg]   it  45  |r|inf=7.065034e-09  r/r0=7.4665e-07
[mg]   it  46  |r|inf=1.305819e-08  r/r0=1.3800e-06
[mg]   it  47  |r|inf=1.401742e-08  r/r0=1.4814e-06
[mg]   it  48  |r|inf=1.518483e-08  r/r0=1.6048e-06
[mg]   it  49  |r|inf=1.637629e-08  r/r0=1.7307e-06
[mg]   it  50  |r|inf=2.504418e-08  r/r0=2.6467e-06
[mg]   it  51  |r|inf=3.695092e-08  r/r0=3.9051e-06
[mg]   it  52  |r|inf=3.777269e-08  r/r0=3.9919e-06
[mg]   it  53  |r|inf=3.876980e-08  r/r0=4.0973e-06
[mg]   it  54  |r|inf=3.520990e-08  r/r0=3.7211e-06
[mg]   it  55  |r|inf=3.473898e-08  r/r0=3.6713e-06
[mg]   it  56  |r|inf=4.861004e-08  r/r0=5.1372e-06
[mg]   it  57  |r|inf=5.960768e-08  r/r0=6.2995e-06
[mg]   it  58  |r|inf=5.708816e-08  r/r0=6.0332e-06
[mg]   it  59  |r|inf=5.500567e-08  r/r0=5.8131e-06
[mg]   it  60  |r|inf=4.914765e-08  r/r0=5.1941e-06
[mg]   it  61  |r|inf=5.131469e-08  r/r0=5.4231e-06
[mg]   it  62  |r|inf=4.774206e-08  r/r0=5.0455e-06
[mg]   it  63  |r|inf=6.729788e-08  r/r0=7.1122e-06
[mg]   it  64  |r|inf=8.041372e-08  r/r0=8.4983e-06
[mg]   it  65  |r|inf=8.207455e-08  r/r0=8.6739e-06
[mg]   it  66  |r|inf=7.322727e-08  r/r0=7.7389e-06
[mg]   it  67  |r|inf=7.705144e-08  r/r0=8.1430e-06
[mg]   it  68  |r|inf=7.027476e-08  r/r0=7.4268e-06
[mg]   it  69  |r|inf=7.581328e-08  r/r0=8.0122e-06
[mg]   it  70  |r|inf=7.554164e-08  r/r0=7.9834e-06
[mg]   it  71  |r|inf=7.910870e-08  r/r0=8.3604e-06
[mg]   it  72  |r|inf=1.008868e-07  r/r0=1.0662e-05
[mg]   it  73  |r|inf=1.139260e-07  r/r0=1.2040e-05
[mg]   it  74  |r|inf=1.168176e-07  r/r0=1.2346e-05
[mg]   it  75  |r|inf=1.087037e-07  r/r0=1.1488e-05
[mg]   it  76  |r|inf=1.042863e-07  r/r0=1.1021e-05
[mg]   it  77  |r|inf=1.068289e-07  r/r0=1.1290e-05
[mg]   it  78  |r|inf=1.002668e-07  r/r0=1.0596e-05
[mg]   it  79  |r|inf=1.085023e-07  r/r0=1.1467e-05
[mg]   it  80  |r|inf=1.139294e-07  r/r0=1.2040e-05
[mg]   it  81  |r|inf=1.116733e-07  r/r0=1.1802e-05
[mg]   it  82  |r|inf=1.207171e-07  r/r0=1.2758e-05
[mg]   it  83  |r|inf=1.461716e-07  r/r0=1.5448e-05
[mg]   it  84  |r|inf=1.639220e-07  r/r0=1.7324e-05
[mg]   it  85  |r|inf=1.729330e-07  r/r0=1.8276e-05
[mg]   it  86  |r|inf=1.724419e-07  r/r0=1.8224e-05
[mg]   it  87  |r|inf=1.620824e-07  r/r0=1.7129e-05
[mg]   it  88  |r|inf=1.443678e-07  r/r0=1.5257e-05
[mg]   it  89  |r|inf=1.515445e-07  r/r0=1.6016e-05
[mg]   it  90  |r|inf=1.509433e-07  r/r0=1.5952e-05
[mg]   it  91  |r|inf=1.426333e-07  r/r0=1.5074e-05
[mg]   it  92  |r|inf=1.530084e-07  r/r0=1.6170e-05
[mg]   it  93  |r|inf=1.630111e-07  r/r0=1.7227e-05
[mg]   it  94  |r|inf=1.662616e-07  r/r0=1.7571e-05
[mg]   it  95  |r|inf=1.628914e-07  r/r0=1.7215e-05
[mg]   it  96  |r|inf=1.727191e-07  r/r0=1.8253e-05
[mg]   it  97  |r|inf=2.030584e-07  r/r0=2.1460e-05
[mg]   it  98  |r|inf=2.269967e-07  r/r0=2.3990e-05
[mg]   it  99  |r|inf=2.438056e-07  r/r0=2.5766e-05
[mg]   it 100  |r|inf=2.528769e-07  r/r0=2.6725e-05
[mg]   it 101  |r|inf=2.537371e-07  r/r0=2.6816e-05
[mg]   it 102  |r|inf=2.460940e-07  r/r0=2.6008e-05
[mg]   it 103  |r|inf=2.299015e-07  r/r0=2.4297e-05
[mg]   it 104  |r|inf=2.069386e-07  r/r0=2.1870e-05
[mg]   it 105  |r|inf=2.161129e-07  r/r0=2.2839e-05
[mg]   it 106  |r|inf=2.187848e-07  r/r0=2.3122e-05
[mg]   it 107  |r|inf=2.148214e-07  r/r0=2.2703e-05
[mg]   it 108  |r|inf=2.043763e-07  r/r0=2.1599e-05
[mg]   it 109  |r|inf=2.234734e-07  r/r0=2.3617e-05
[mg]   it 110  |r|inf=2.382844e-07  r/r0=2.5183e-05
[mg]   it 111  |r|inf=2.472160e-07  r/r0=2.6126e-05
[mg]   it 112  |r|inf=2.502065e-07  r/r0=2.6443e-05
[mg]   it 113  |r|inf=2.473619e-07  r/r0=2.6142e-05
[mg]   it 114  |r|inf=2.485869e-07  r/r0=2.6271e-05
[mg]   it 115  |r|inf=2.855623e-07  r/r0=3.0179e-05
[mg]   it 116  |r|inf=3.170060e-07  r/r0=3.3502e-05
[mg]   it 117  |r|inf=3.423824e-07  r/r0=3.6184e-05
[mg]   it 118  |r|inf=3.612570e-07  r/r0=3.8179e-05
[mg]   it 119  |r|inf=3.732868e-07  r/r0=3.9450e-05
[mg]   it 120  |r|inf=3.782213e-07  r/r0=3.9971e-05
[mg]   it 121  |r|inf=3.759113e-07  r/r0=3.9727e-05
[mg]   it 122  |r|inf=3.663247e-07  r/r0=3.8714e-05
[mg]   it 123  |r|inf=3.495632e-07  r/r0=3.6943e-05
[mg]   it 124  |r|inf=3.258774e-07  r/r0=3.4440e-05
[mg]   it 125  |r|inf=2.956755e-07  r/r0=3.1248e-05
[mg]   it 126  |r|inf=2.929955e-07  r/r0=3.0965e-05
[mg]   it 127  |r|inf=2.959602e-07  r/r0=3.1278e-05
[mg]   it 128  |r|inf=2.937001e-07  r/r0=3.1039e-05
[mg]   it 129  |r|inf=2.863216e-07  r/r0=3.0259e-05
[mg]   it 130  |r|inf=2.740517e-07  r/r0=2.8963e-05
[mg]   it 131  |r|inf=2.823424e-07  r/r0=2.9839e-05
[mg]   it 132  |r|inf=2.999891e-07  r/r0=3.1704e-05
[mg]   it 133  |r|inf=3.131158e-07  r/r0=3.3091e-05
[mg]   it 134  |r|inf=3.216579e-07  r/r0=3.3994e-05
[mg]   it 135  |r|inf=3.256387e-07  r/r0=3.4414e-05
[mg]   it 136  |r|inf=3.251550e-07  r/r0=3.4363e-05
[mg]   it 137  |r|inf=3.203618e-07  r/r0=3.3857e-05
[mg]   it 138  |r|inf=3.244509e-07  r/r0=3.4289e-05
[mg]   it 139  |r|inf=3.609942e-07  r/r0=3.8151e-05
[mg]   it 140  |r|inf=3.930923e-07  r/r0=4.1543e-05
[mg]   it 141  |r|inf=4.204750e-07  r/r0=4.4437e-05
[mg]   it 142  |r|inf=4.429267e-07  r/r0=4.6810e-05
[mg]   it 143  |r|inf=4.602805e-07  r/r0=4.8644e-05
[mg]   it 144  |r|inf=4.724154e-07  r/r0=4.9926e-05
[mg]   it 145  |r|inf=4.792548e-07  r/r0=5.0649e-05
[mg]   it 146  |r|inf=4.807671e-07  r/r0=5.0809e-05
[mg]   it 147  |r|inf=4.769687e-07  r/r0=5.0407e-05
[mg]   it 148  |r|inf=4.679260e-07  r/r0=4.9452e-05
[mg]   it 149  |r|inf=4.537590e-07  r/r0=4.7954e-05
[mg]   it 150  |r|inf=4.346437e-07  r/r0=4.5934e-05
[mg]   it 151  |r|inf=4.108129e-07  r/r0=4.3416e-05
[mg]   it 152  |r|inf=3.825563e-07  r/r0=4.0430e-05
[mg]   it 153  |r|inf=3.502174e-07  r/r0=3.7012e-05
[mg]   it 154  |r|inf=3.429858e-07  r/r0=3.6248e-05
[mg]   it 155  |r|inf=3.436688e-07  r/r0=3.6320e-05
[mg]   it 156  |r|inf=3.408671e-07  r/r0=3.6024e-05
[mg]   it 157  |r|inf=3.346713e-07  r/r0=3.5369e-05
[mg]   it 158  |r|inf=3.252140e-07  r/r0=3.4370e-05
[mg]   it 159  |r|inf=3.126647e-07  r/r0=3.3043e-05
[mg]   it 160  |r|inf=3.060762e-07  r/r0=3.2347e-05
[mg]   it 161  |r|inf=3.228329e-07  r/r0=3.4118e-05
[mg]   it 162  |r|inf=3.366562e-07  r/r0=3.5579e-05
[mg]   it 163  |r|inf=3.475042e-07  r/r0=3.6725e-05
[mg]   it 164  |r|inf=3.553692e-07  r/r0=3.7556e-05
[mg]   it 165  |r|inf=3.602734e-07  r/r0=3.8075e-05
[mg]   it 166  |r|inf=3.622649e-07  r/r0=3.8285e-05
[mg]   it 167  |r|inf=3.614134e-07  r/r0=3.8195e-05
[mg]   it 168  |r|inf=3.578068e-07  r/r0=3.7814e-05
[mg]   it 169  |r|inf=3.515472e-07  r/r0=3.7152e-05
[mg]   it 170  |r|inf=3.840488e-07  r/r0=4.0587e-05
[mg]   it 171  |r|inf=4.150897e-07  r/r0=4.3868e-05
[mg]   it 172  |r|inf=4.430995e-07  r/r0=4.6828e-05
[mg]   it 173  |r|inf=4.679550e-07  r/r0=4.9455e-05
[mg]   it 174  |r|inf=4.895533e-07  r/r0=5.1737e-05
[mg]   it 175  |r|inf=5.078106e-07  r/r0=5.3667e-05
[mg]   it 176  |r|inf=5.226605e-07  r/r0=5.5236e-05
[mg]   it 177  |r|inf=5.340536e-07  r/r0=5.6440e-05
[mg]   it 178  |r|inf=5.419569e-07  r/r0=5.7275e-05
[mg]   it 179  |r|inf=5.463541e-07  r/r0=5.7740e-05
[mg]   it 180  |r|inf=5.472462e-07  r/r0=5.7834e-05
[mg]   it 181  |r|inf=5.446516e-07  r/r0=5.7560e-05
[mg]   it 182  |r|inf=5.386069e-07  r/r0=5.6921e-05
[mg]   it 183  |r|inf=5.291680e-07  r/r0=5.5924e-05
[mg]   it 184  |r|inf=5.164101e-07  r/r0=5.4576e-05
[mg]   it 185  |r|inf=5.004287e-07  r/r0=5.2887e-05
[mg]   it 186  |r|inf=4.813392e-07  r/r0=5.0869e-05
[mg]   it 187  |r|inf=4.592770e-07  r/r0=4.8538e-05
[mg]   it 188  |r|inf=4.343969e-07  r/r0=4.5908e-05
[mg]   it 189  |r|inf=4.068719e-07  r/r0=4.2999e-05
[mg]   it 190  |r|inf=3.769733e-07  r/r0=3.9840e-05
[mg]   it 191  |r|inf=3.785832e-07  r/r0=4.0010e-05
[mg]   it 192  |r|inf=3.779614e-07  r/r0=3.9944e-05
[mg]   it 193  |r|inf=3.751377e-07  r/r0=3.9646e-05
[mg]   it 194  |r|inf=3.701573e-07  r/r0=3.9119e-05
[mg]   it 195  |r|inf=3.630799e-07  r/r0=3.8371e-05
[mg]   it 196  |r|inf=3.539784e-07  r/r0=3.7409e-05
[mg]   it 197  |r|inf=3.429381e-07  r/r0=3.6243e-05
[mg]   it 198  |r|inf=3.300545e-07  r/r0=3.4881e-05
[mg]   it 199  |r|inf=3.372792e-07  r/r0=3.5645e-05
[mg]   it 200  |r|inf=3.510887e-07  r/r0=3.7104e-05
[mg]   it 201  |r|inf=3.630768e-07  r/r0=3.8371e-05
[mg]   it 202  |r|inf=3.732183e-07  r/r0=3.9443e-05
[mg]   it 203  |r|inf=3.814999e-07  r/r0=4.0318e-05
[mg]   it 204  |r|inf=3.879190e-07  r/r0=4.0996e-05
[mg]   it 205  |r|inf=3.924835e-07  r/r0=4.1479e-05
[mg]   it 206  |r|inf=3.952098e-07  r/r0=4.1767e-05
[mg]   it 207  |r|inf=3.961229e-07  r/r0=4.1863e-05
[mg]   it 208  |r|inf=3.952545e-07  r/r0=4.1772e-05
[mg]   it 209  |r|inf=3.926430e-07  r/r0=4.1496e-05
[mg]   it 210  |r|inf=3.899693e-07  r/r0=4.1213e-05
[mg]   it 211  |r|inf=4.208552e-07  r/r0=4.4477e-05
[mg]   it 212  |r|inf=4.499242e-07  r/r0=4.7549e-05
[mg]   it 213  |r|inf=4.770875e-07  r/r0=5.0420e-05
[mg]   it 214  |r|inf=5.022656e-07  r/r0=5.3081e-05
[mg]   it 215  |r|inf=5.253877e-07  r/r0=5.5524e-05
[mg]   it 216  |r|inf=5.463911e-07  r/r0=5.7744e-05
[mg]   it 217  |r|inf=5.652209e-07  r/r0=5.9734e-05
[mg]   it 218  |r|inf=5.818298e-07  r/r0=6.1489e-05
[mg]   it 219  |r|inf=5.961778e-07  r/r0=6.3006e-05
[mg]   it 220  |r|inf=6.082323e-07  r/r0=6.4280e-05
[mg]   it 221  |r|inf=6.179676e-07  r/r0=6.5308e-05
[mg]   it 222  |r|inf=6.253655e-07  r/r0=6.6090e-05
[mg]   it 223  |r|inf=6.304148e-07  r/r0=6.6624e-05
[mg]   it 224  |r|inf=6.331118e-07  r/r0=6.6909e-05
[mg]   it 225  |r|inf=6.334604e-07  r/r0=6.6946e-05
[mg]   it 226  |r|inf=6.314720e-07  r/r0=6.6736e-05
[mg]   it 227  |r|inf=6.271661e-07  r/r0=6.6281e-05
[mg]   it 228  |r|inf=6.205699e-07  r/r0=6.5584e-05
[mg]   it 229  |r|inf=6.117188e-07  r/r0=6.4648e-05
[mg]   it 230  |r|inf=6.006562e-07  r/r0=6.3479e-05
[mg]   it 231  |r|inf=5.874338e-07  r/r0=6.2082e-05
[mg]   it 232  |r|inf=5.721111e-07  r/r0=6.0462e-05
[mg]   it 233  |r|inf=5.547556e-07  r/r0=5.8628e-05
[mg]   it 234  |r|inf=5.354424e-07  r/r0=5.6587e-05
[mg]   it 235  |r|inf=5.142539e-07  r/r0=5.4348e-05
[mg]   it 236  |r|inf=4.912795e-07  r/r0=5.1920e-05
[mg]   it 237  |r|inf=4.666148e-07  r/r0=4.9313e-05
[mg]   it 238  |r|inf=4.403615e-07  r/r0=4.6539e-05
[mg]   it 239  |r|inf=4.275654e-07  r/r0=4.5186e-05
[mg]   it 240  |r|inf=4.268963e-07  r/r0=4.5116e-05
[mg]   it 241  |r|inf=4.247872e-07  r/r0=4.4893e-05
[mg]   it 242  |r|inf=4.212605e-07  r/r0=4.4520e-05
[mg]   it 243  |r|inf=4.163444e-07  r/r0=4.4000e-05
[mg]   it 244  |r|inf=4.100719e-07  r/r0=4.3338e-05
[mg]   it 245  |r|inf=4.024811e-07  r/r0=4.2535e-05
[mg]   it 246  |r|inf=3.936142e-07  r/r0=4.1598e-05
[mg]   it 247  |r|inf=3.835175e-07  r/r0=4.0531e-05
[mg]   it 248  |r|inf=3.722409e-07  r/r0=3.9339e-05
[mg]   it 249  |r|inf=3.598373e-07  r/r0=3.8029e-05
[mg]   it 250  |r|inf=3.654159e-07  r/r0=3.8618e-05
[mg]   it 251  |r|inf=3.768666e-07  r/r0=3.9828e-05
[mg]   it 252  |r|inf=3.871744e-07  r/r0=4.0918e-05
[mg]   it 253  |r|inf=3.963270e-07  r/r0=4.1885e-05
[mg]   it 254  |r|inf=4.043158e-07  r/r0=4.2729e-05
[mg]   it 255  |r|inf=4.111367e-07  r/r0=4.3450e-05
[mg]   it 256  |r|inf=4.167891e-07  r/r0=4.4047e-05
[mg]   it 257  |r|inf=4.212760e-07  r/r0=4.4522e-05
[mg]   it 258  |r|inf=4.246037e-07  r/r0=4.4873e-05
[mg]   it 259  |r|inf=4.267815e-07  r/r0=4.5103e-05
[mg]   it 260  |r|inf=4.278215e-07  r/r0=4.5213e-05
[mg]   it 261  |r|inf=4.277383e-07  r/r0=4.5205e-05
[mg]   it 262  |r|inf=4.265488e-07  r/r0=4.5079e-05
[mg]   it 263  |r|inf=4.2427[run] step 3/3
[perf] 3077.7 ms/step  2.3 Mcell/s (2.3/rank)  pressure iters/step 300.0
[phases, rank-max ms/step] step=3077.6  predictor=1.1  momentum=254.6  projection=2820.3  pressure_allreduce=0.6  allreduce_count=1505
[out] spheres_bench_np1.json
