# bed packing_256x256x256_r16_phi0.60_s3.npz N=128 R=8.0 kind=gauge-exact rot=1 rotf=0 rotw=1.0 wallw=0.5 dt=60.0 steps=4000
   step     k_cell/R2     k_face/R2     m1_rms     m2_rms    dk_cell        dm1
     50 3.9218762e-03 3.7976344e-03  3.077e-02  2.973e-02                       dP=           |P|=2.560e-02
    500 3.9194679e-03 3.7954166e-03  3.082e-02  2.965e-02  -2.41e-06  +5.14e-05 dP= 2.331e-01 |P|=2.574e-01
   1000 3.9194293e-03 3.7953850e-03  3.082e-02  2.965e-02  -3.86e-08  +6.00e-07 dP= 2.589e-01 |P|=5.163e-01
   1500 3.9194194e-03 3.7953773e-03  3.082e-02  2.965e-02  -9.88e-09  +1.32e-07 dP= 2.589e-01 |P|=7.752e-01
   2000 3.9194154e-03 3.7953743e-03  3.082e-02  2.965e-02  -4.02e-09  +5.62e-08 dP= 2.589e-01 |P|=1.034e+00
   2500 3.9194135e-03 3.7953729e-03  3.082e-02  2.965e-02  -1.89e-09  +2.89e-08 dP= 2.589e-01 |P|=1.293e+00
   3000 3.9194125e-03 3.7953722e-03  3.082e-02  2.965e-02  -9.52e-10  +1.59e-08 dP= 2.589e-01 |P|=1.552e+00
   3500 3.9194120e-03 3.7953718e-03  3.082e-02  2.965e-02  -4.95e-10  +9.38e-09 dP= 2.589e-01 |P|=1.811e+00
   4000 3.9194118e-03 3.7953716e-03  3.082e-02  2.965e-02  -2.62e-10  +5.79e-09 dP= 2.589e-01 |P|=2.069e+00
Kokkos allocation "cnt" is being deallocated after Kokkos::finalize was called

Backtrace:
[0x7efca3eca605] Kokkos::Impl::save_stacktrace()
[0x7efca3ea79ec] Kokkos::Impl::host_abort(char const*)
[0x7efca3eca5c7] Kokkos::Impl::SharedAllocationRecord<void, void>::decrement(Kokkos::Impl::SharedAllocationRecord<void, void>*)
[0x7efca3d50395] 
[0x7efca3d6b250] 
[0x7efca3e9bf95] 
[0x5fcc9b] 
[0x5fcadd] 
[0x57026f] 
[0x6be21f] 
[0x6a8325] 
[0x6b68b4] Py_RunMain
[0x681b2b] Py_BytesMain
[0x7efd21242ca8] 
[0x7efd21242d65] __libc_start_main
[0x680ed1] _start
