# bed packing_256x256x256_r16_phi0.60_s3.npz N=128 R=8.0 kind=mode11 rot=1 rotf=0 rotw=1.0 wallw=0.0 dt=60.0 steps=4000
   step     k_cell/R2     k_face/R2     m1_rms     m2_rms    dk_cell        dm1
     50 3.6803077e-03 3.5636007e-03  1.127e-02  1.104e-02                       dP=           |P|=2.050e-02
    500 3.5762511e-03 3.4696943e-03  4.299e-04  3.615e-04  -1.04e-04  -1.08e-02 dP= 3.251e-02 |P|=4.449e-02
   1000 3.5745756e-03 3.4682179e-03  1.067e-04  7.960e-05  -1.68e-06  -3.23e-04 dP= 7.530e-03 |P|=4.551e-02
   1500 3.5744110e-03 3.4680771e-03  4.686e-05  3.579e-05  -1.65e-07  -5.98e-05 dP= 4.671e-03 |P|=4.559e-02
   2000 3.5743738e-03 3.4680464e-03  2.706e-05  2.200e-05  -3.72e-08  -1.98e-05 dP= 2.902e-03 |P|=4.559e-02
   2500 3.5743615e-03 3.4680365e-03  1.830e-05  1.595e-05  -1.23e-08  -8.76e-06 dP= 1.802e-03 |P|=4.559e-02
   3000 3.5743563e-03 3.4680326e-03  1.363e-05  1.273e-05  -5.18e-09  -4.67e-06 dP= 1.157e-03 |P|=4.558e-02
   3500 3.5743538e-03 3.4680307e-03  1.081e-05  1.078e-05  -2.59e-09  -2.82e-06 dP= 1.104e-03 |P|=4.558e-02
   4000 3.5743523e-03 3.4680296e-03  8.946e-06  9.472e-06  -1.47e-09  -1.86e-06 dP= 1.055e-03 |P|=4.558e-02
Kokkos allocation "cnt" is being deallocated after Kokkos::finalize was called

Backtrace:
[0x7fc74acc8205] Kokkos::Impl::save_stacktrace()
[0x7fc74aca55ec] Kokkos::Impl::host_abort(char const*)
[0x7fc74acc81c7] Kokkos::Impl::SharedAllocationRecord<void, void>::decrement(Kokkos::Impl::SharedAllocationRecord<void, void>*)
[0x7fc74ab4e695] 
[0x7fc74ab69510] 
[0x7fc74ac99b95] 
[0x5fcc9b] 
[0x5fcadd] 
[0x57026f] 
[0x6be21f] 
[0x6a8325] 
[0x6b68b4] Py_RunMain
[0x681b2b] Py_BytesMain
[0x7fc7c80b8ca8] 
[0x7fc7c80b8d65] __libc_start_main
[0x680ed1] _start
