# bed packing_256x256x256_r16_phi0.60_s3.npz N=128 R=8.0 kind=mode6 rot=1 rotf=0 rotw=1.0 wallw=0.5 dt=600.0 steps=3000
   step     k_cell/R2     k_face/R2     m1_rms     m2_rms    dk_cell        dm1
     50 5.6284745e-03 5.1562326e-03  3.705e-03  8.062e-03                       dP=           |P|=2.917e-02
    250 6.2062023e-03 5.0115145e-03  4.675e-04  8.290e-04  +5.78e-04  -3.24e-03 dP= 3.578e-02 |P|=3.625e-02
    500 7.0657175e-03 4.9914834e-03  1.398e-03  2.088e-03  +8.60e-04  +9.30e-04 dP= 4.351e-01 |P|=4.713e-01
    750 7.9394746e-03 4.9865061e-03  1.488e-02  2.161e-02  +8.74e-04  +1.35e-02 dP= 4.908e+00 |P|=5.380e+00
   1000 8.8490604e-03 5.0053682e-03  1.624e-01  2.347e-01  +9.10e-04  +1.48e-01 dP= 5.535e+01 |P|=6.072e+01
   1250 1.0135682e-02 5.2583465e-03  1.476e+00  2.128e+00  +1.29e-03  +1.31e+00 dP= 6.241e+02 |P|=6.848e+02
   1500 1.5713656e-02 8.1194543e-03  4.881e+00  7.034e+00  +5.58e-03  +3.41e+00 dP= 7.037e+03 |P|=7.722e+03
   1750 7.0296134e-02 4.0173022e-02  5.838e+00  8.408e+00  +5.46e-02  +9.57e-01 dP= 7.935e+04 |P|=8.707e+04
   2000 6.8414300e-01 3.9962043e-01  6.001e+00  8.641e+00  +6.14e-01  +1.64e-01 dP= 8.947e+05 |P|=9.817e+05
   2250 7.6714196e+00 4.4370682e+00  6.091e+00  8.768e+00  +6.99e+00  +8.93e-02 dP= 1.009e+07 |P|=1.107e+07
   2500 8.7169038e+01 4.9844718e+01  6.152e+00  8.855e+00  +7.95e+01  +6.11e-02 dP= 1.138e+08 |P|=1.248e+08
   2750 9.9027665e+02 5.6096488e+02  6.197e+00  8.918e+00  +9.03e+02  +4.47e-02 dP= 1.283e+09 |P|=1.407e+09
   3000 1.1234951e+04 6.3174647e+03  6.230e+00  8.966e+00  +1.02e+04  +3.37e-02 dP= 1.446e+10 |P|=1.587e+10
Kokkos allocation "cnt" is being deallocated after Kokkos::finalize was called

Backtrace:
[0x7f7c396c2405] Kokkos::Impl::save_stacktrace()
[0x7f7c3969f7ec] Kokkos::Impl::host_abort(char const*)
[0x7f7c396c23c7] Kokkos::Impl::SharedAllocationRecord<void, void>::decrement(Kokkos::Impl::SharedAllocationRecord<void, void>*)
[0x7f7c39549c15] 
[0x7f7c39564a90] 
[0x7f7c39693d95] 
[0x5fcc9b] 
[0x5fcadd] 
[0x57026f] 
[0x6be21f] 
[0x6a8325] 
[0x6b68b4] Py_RunMain
[0x681b2b] Py_BytesMain
[0x7f7cb6ac4ca8] 
[0x7f7cb6ac4d65] __libc_start_main
[0x680ed1] _start
