# bed packing_256x256x256_r16_phi0.60_s3.npz N=128 R=8.0 kind=mode12 rot=1 rotf=0 rotw=1.0 wallw=0.0 dt=60.0 steps=20000
   step     k_cell/R2     k_face/R2     m1_rms     m2_rms    dk_cell        dm1
     50 3.7856841e-03 3.6692356e-03  9.824e-03  1.072e-02                       dP=           |P|=2.016e-02
   1000 3.6958963e-03 3.5868330e-03  4.115e-05  4.147e-05  -8.98e-05  -9.78e-03 dP= 2.976e-02 |P|=4.118e-02
   2000 3.6958294e-03 3.5867721e-03  8.388e-06  1.182e-05  -6.69e-08  -3.28e-05 dP= 3.627e-03 |P|=4.118e-02
   3000 3.6958261e-03 3.5867691e-03  5.168e-06  8.541e-06  -3.33e-09  -3.22e-06 dP= 2.847e-03 |P|=4.118e-02
# --- dt -> 600.0 at step 4000 ---
   4000 3.6958242e-03 3.5867674e-03  4.255e-06  7.369e-06  -1.86e-09  -9.13e-07 dP= 2.495e-03 |P|=4.118e-02
   5000 3.6958242e-03 3.5867674e-03  4.136e-06  6.868e-06  -4.75e-11  -1.20e-07 dP= 2.143e-03 |P|=4.118e-02
   6000 3.6958239e-03 3.5867672e-03  3.866e-06  6.392e-06  -2.68e-10  -2.70e-07 dP= 2.106e-03 |P|=4.118e-02
   7000 3.6958237e-03 3.5867670e-03  3.651e-06  6.005e-06  -2.20e-10  -2.15e-07 dP= 2.069e-03 |P|=4.118e-02
# --- dt -> 6.0 at step 8000 ---
   8000 3.6958241e-03 3.5867674e-03  3.440e-06  5.669e-06  +4.14e-10  -2.11e-07 dP= 2.037e-03 |P|=4.118e-02
   9000 3.6958254e-03 3.5867687e-03  2.832e-06  5.043e-06  +1.26e-09  -6.08e-07 dP= 3.897e-03 |P|=4.118e-02
  10000 3.6958251e-03 3.5867685e-03  2.673e-06  4.711e-06  -2.54e-10  -1.59e-07 dP= 3.740e-03 |P|=4.118e-02
  11000 3.6958249e-03 3.5867683e-03  2.546e-06  4.445e-06  -2.23e-10  -1.27e-07 dP= 3.612e-03 |P|=4.118e-02
# --- dt -> 1e+20 at step 12000 ---
  12000 3.6958214e-03 3.5867650e-03  2.442e-06  4.226e-06  -3.46e-09  -1.05e-07 dP= 3.487e-03 |P|=4.118e-02
  13000 3.6958223e-03 3.5867659e-03  2.710e-06  4.304e-06  +8.85e-10  +2.68e-07 dP= 1.698e-03 |P|=4.118e-02
  14000 3.6958222e-03 3.5867658e-03  2.664e-06  4.209e-06  -8.67e-11  -4.60e-08 dP= 1.669e-03 |P|=4.118e-02
  15000 3.6958221e-03 3.5867657e-03  2.619e-06  4.122e-06  -8.51e-11  -4.50e-08 dP= 1.640e-03 |P|=4.118e-02
# --- dt -> 60.0 at step 16000 ---
  16000 3.6958229e-03 3.5867665e-03  2.571e-06  4.040e-06  +7.95e-10  -4.72e-08 dP= 1.612e-03 |P|=4.118e-02
  17000 3.6958229e-03 3.5867665e-03  2.356e-06  3.859e-06  -5.74e-11  -2.16e-07 dP= 1.853e-03 |P|=4.268e-02
  18000 3.6958228e-03 3.5867664e-03  2.312e-06  3.780e-06  -8.62e-11  -4.38e-08 dP= 1.810e-03 |P|=4.449e-02
  19000 3.6958227e-03 3.5867663e-03  2.270e-06  3.706e-06  -8.26e-11  -4.15e-08 dP= 1.774e-03 |P|=4.627e-02
  20000 3.6958226e-03 3.5867663e-03  2.231e-06  3.636e-06  -7.93e-11  -3.98e-08 dP= 1.738e-03 |P|=4.801e-02
Kokkos allocation "cnt" is being deallocated after Kokkos::finalize was called

Backtrace:
[0x7f5d324ca605] Kokkos::Impl::save_stacktrace()
[0x7f5d324a79ec] Kokkos::Impl::host_abort(char const*)
[0x7f5d324ca5c7] Kokkos::Impl::SharedAllocationRecord<void, void>::decrement(Kokkos::Impl::SharedAllocationRecord<void, void>*)
[0x7f5d32350395] 
[0x7f5d3236b250] 
[0x7f5d3249bf95] 
[0x5fcc9b] 
[0x5fcadd] 
[0x57026f] 
[0x6be21f] 
[0x6a8325] 
[0x6b68b4] Py_RunMain
[0x681b2b] Py_BytesMain
[0x7f5daf8eaca8] 
[0x7f5daf8ead65] __libc_start_main
[0x680ed1] _start
