# bed packing_256x256x256_r16_phi0.60_s3.npz N=128 R=8.0 kind=mode6 rot=1 rotf=0 rotw=1.0 wallw=0.0 dt=600.0 steps=3000
   step     k_cell/R2     k_face/R2     m1_rms     m2_rms    dk_cell        dm1
     50 6.2878805e-03 5.7518767e-03  4.370e-03  7.546e-03                       dP=           |P|=5.753e-02
    250 6.5540975e-03 5.2642287e-03  9.003e-04  1.541e-03  +2.66e-04  -3.47e-03 dP= 7.615e-02 |P|=1.193e-01
    500 7.3181839e-03 5.1398018e-03  9.716e-04  1.416e-03  +7.64e-04  +7.13e-05 dP= 2.317e-01 |P|=2.491e-01
    750 8.1486583e-03 5.0885785e-03  8.363e-03  1.068e-02  +8.30e-04  +7.39e-03 dP= 2.644e+00 |P|=2.893e+00
   1000 9.0075021e-03 5.0615753e-03  9.222e-02  1.169e-01  +8.59e-04  +8.39e-02 dP= 3.008e+01 |P|=3.297e+01
   1250 9.9716433e-03 5.0720777e-03  9.201e-01  1.163e+00  +9.64e-04  +8.28e-01 dP= 3.421e+02 |P|=3.751e+02
   1500 1.2119181e-02 5.4588404e-03  4.376e+00  5.527e+00  +2.15e-03  +3.46e+00 dP= 3.891e+03 |P|=4.266e+03
   1750 2.8396982e-02 1.0321787e-02  6.548e+00  8.264e+00  +1.63e-02  +2.17e+00 dP= 4.426e+04 |P|=4.853e+04
   2000 2.1189216e-01 6.7098109e-02  6.958e+00  8.777e+00  +1.83e-01  +4.10e-01 dP= 5.034e+05 |P|=5.520e+05
   2250 2.3584494e+00 7.1823307e-01  7.136e+00  8.999e+00  +2.15e+00  +1.78e-01 dP= 5.727e+06 |P|=6.278e+06
   2500 2.7410684e+01 8.1412268e+00  7.258e+00  9.150e+00  +2.51e+01  +1.22e-01 dP= 6.514e+07 |P|=7.142e+07
   2750 3.1844476e+02 9.2585467e+01  7.349e+00  9.265e+00  +2.91e+02  +9.16e-02 dP= 7.409e+08 |P|=8.123e+08
   3000 3.6860009e+03 1.0525492e+03  7.421e+00  9.354e+00  +3.37e+03  +7.16e-02 dP= 8.427e+09 |P|=9.240e+09
Kokkos allocation "cnt" is being deallocated after Kokkos::finalize was called

Backtrace:
[0x7f47886c2405] Kokkos::Impl::save_stacktrace()
[0x7f478869f7ec] Kokkos::Impl::host_abort(char const*)
[0x7f47886c23c7] Kokkos::Impl::SharedAllocationRecord<void, void>::decrement(Kokkos::Impl::SharedAllocationRecord<void, void>*)
[0x7f4788549c15] 
[0x7f4788564a90] 
[0x7f4788693d95] 
[0x5fcc9b] 
[0x5fcadd] 
[0x57026f] 
[0x6be21f] 
[0x6a8325] 
[0x6b68b4] Py_RunMain
[0x681b2b] Py_BytesMain
[0x7f4805abeca8] 
[0x7f4805abed65] __libc_start_main
[0x680ed1] _start
