# bed packing_256x256x256_r16_phi0.60_s3.npz N=128 R=8.0 kind=ghost rot=1 rotf=0 rotw=1.0 wallw=0.0 dt=6000.0 steps=2000
   step     k_cell/R2     k_face/R2     m1_rms     m2_rms    dk_cell        dm1
     50 4.1692961e-03 4.0897838e-03  8.616e-01  6.579e-02                       dP=           |P|=1.157e-02
    500 3.9677320e-03 3.8540988e-03  1.087e-01  6.317e-02  -2.02e-04  -7.53e-01 dP= 1.784e-02 |P|=2.141e-02
   1000 3.9642842e-03 3.8500061e-03  2.138e-02  6.317e-02  -3.45e-06  -8.73e-02 dP= 4.610e-03 |P|=2.602e-02
   1500 3.9639726e-03 3.8496239e-03  4.602e-03  6.317e-02  -3.12e-07  -1.68e-02 dP= 2.073e-03 |P|=2.697e-02
   2000 3.9639210e-03 3.8495600e-03  1.034e-03  6.317e-02  -5.16e-08  -3.57e-03 dP= 1.153e-03 |P|=2.718e-02
peclet::flow ghost projection: 773 fluid components; decoupled 806 pocket cells outside the main component (837474 of 838280 fluid cells)
Kokkos allocation "cnt" is being deallocated after Kokkos::finalize was called

Backtrace:
[0x7fb7638ce245] Kokkos::Impl::save_stacktrace()
[0x7fb7638ab62c] Kokkos::Impl::host_abort(char const*)
[0x7fb7638ce207] Kokkos::Impl::SharedAllocationRecord<void, void>::decrement(Kokkos::Impl::SharedAllocationRecord<void, void>*)
[0x7fb763752f15] 
[0x7fb76376ddd0] 
[0x7fb76389fbd5] 
[0x5fcc9b] 
[0x5fcadd] 
[0x57026f] 
[0x6be21f] 
[0x6a8325] 
[0x6b68b4] Py_RunMain
[0x681b2b] Py_BytesMain
[0x7fb7e0d6aca8] 
[0x7fb7e0d6ad65] __libc_start_main
[0x680ed1] _start
