# bed packing_256x256x256_r16_phi0.60_s3.npz N=128 R=8.0 kind=fluidonly rot=1 rotf=0 rotw=1.0 wallw=0.0 dt=600.0 steps=4000
   step     k_cell/R2     k_face/R2     m1_rms     m2_rms    dk_cell        dm1
     50 3.8362369e-03 3.6736164e-03  4.425e-03  1.025e-02                       dP=           |P|=1.414e-02
    500 3.7326619e-03 3.5727344e-03  4.045e-05  6.717e-05  -1.04e-04  -4.38e-03 dP= 1.063e-02 |P|=1.720e-02
   1000 3.7326122e-03 3.5726855e-03  1.236e-05  1.938e-05  -4.97e-08  -2.81e-05 dP= 2.406e-03 |P|=1.720e-02
   1500 3.7326064e-03 3.5726799e-03  6.054e-06  9.183e-06  -5.77e-09  -6.30e-06 dP= 1.402e-03 |P|=1.720e-02
   2000 3.7326047e-03 3.5726782e-03  3.654e-06  5.429e-06  -1.72e-09  -2.40e-06 dP= 9.978e-04 |P|=1.720e-02
   2500 3.7326040e-03 3.5726775e-03  2.501e-06  3.665e-06  -7.05e-10  -1.15e-06 dP= 7.105e-04 |P|=1.720e-02
   3000 3.7326036e-03 3.5726772e-03  1.864e-06  2.702e-06  -3.47e-10  -6.37e-07 dP= 5.431e-04 |P|=1.720e-02
   3500 3.7326034e-03 3.5726770e-03  1.473e-06  2.116e-06  -1.94e-10  -3.91e-07 dP= 4.410e-04 |P|=1.720e-02
   4000 3.7326033e-03 3.5726768e-03  1.214e-06  1.729e-06  -1.19e-10  -2.59e-07 dP= 3.581e-04 |P|=1.720e-02
Kokkos allocation "cnt" is being deallocated after Kokkos::finalize was called

Backtrace:
[0x7f2e55ace245] Kokkos::Impl::save_stacktrace()
[0x7f2e55aab62c] Kokkos::Impl::host_abort(char const*)
[0x7f2e55ace207] Kokkos::Impl::SharedAllocationRecord<void, void>::decrement(Kokkos::Impl::SharedAllocationRecord<void, void>*)
[0x7f2e55952f15] 
[0x7f2e5596ddd0] 
[0x7f2e55a9fbd5] 
[0x5fcc9b] 
[0x5fcadd] 
[0x57026f] 
[0x6be21f] 
[0x6a8325] 
[0x6b68b4] Py_RunMain
[0x681b2b] Py_BytesMain
[0x7f2ed2ececa8] 
[0x7f2ed2eced65] __libc_start_main
[0x680ed1] _start
