# bed packing_256x256x256_r16_phi0.60_s3.npz N=192 R=12.0 kind=gauge-2a rot=1 dt=60.0 steps=9000
   step     k_cell/R2     k_face/R2     m1_rms     m2_rms    dk_cell        dm1
     50 3.9706070e-03 3.9127742e-03  1.865e-02  1.613e-02                      
    250 3.9691774e-03 3.9114127e-03  1.869e-02  1.607e-02  -1.43e-06  +4.55e-05
    500 3.9691085e-03 3.9113494e-03  1.870e-02  1.607e-02  -6.89e-08  +8.44e-06
    750 3.9690927e-03 3.9113349e-03  1.870e-02  1.607e-02  -1.59e-08  +3.97e-06
   1000 3.9690870e-03 3.9113297e-03  1.871e-02  1.607e-02  -5.74e-09  +2.63e-06
   1250 3.9690844e-03 3.9113273e-03  1.871e-02  1.607e-02  -2.53e-09  +2.08e-06
   1500 3.9690831e-03 3.9113260e-03  1.871e-02  1.607e-02  -1.27e-09  +1.89e-06
   1750 3.9690825e-03 3.9113252e-03  1.871e-02  1.608e-02  -6.91e-10  +1.90e-06
   2000 3.9690821e-03 3.9113247e-03  1.871e-02  1.608e-02  -3.69e-10  +2.08e-06
   2250 3.9690819e-03 3.9113244e-03  1.872e-02  1.608e-02  -1.55e-10  +2.41e-06
   2500 3.9690819e-03 3.9113242e-03  1.872e-02  1.608e-02  +1.19e-11  +2.88e-06
   2750 3.9690821e-03 3.9113241e-03  1.872e-02  1.608e-02  +1.58e-10  +3.51e-06
   3000 3.9690824e-03 3.9113240e-03  1.873e-02  1.608e-02  +2.93e-10  +4.32e-06
   3250 3.9690828e-03 3.9113241e-03  1.873e-02  1.609e-02  +4.24e-10  +5.35e-06
   3500 3.9690834e-03 3.9113243e-03  1.874e-02  1.609e-02  +5.54e-10  +6.63e-06
   3750 3.9690841e-03 3.9113246e-03  1.875e-02  1.609e-02  +6.83e-10  +8.20e-06
   4000 3.9690849e-03 3.9113249e-03  1.876e-02  1.610e-02  +8.15e-10  +1.01e-05
   4250 3.9690858e-03 3.9113254e-03  1.877e-02  1.611e-02  +9.50e-10  +1.25e-05
   4500 3.9690869e-03 3.9113259e-03  1.879e-02  1.611e-02  +1.09e-09  +1.54e-05
   4750 3.9690881e-03 3.9113265e-03  1.880e-02  1.612e-02  +1.24e-09  +1.89e-05
   5000 3.9690895e-03 3.9113272e-03  1.883e-02  1.614e-02  +1.39e-09  +2.32e-05
   5250 3.9690911e-03 3.9113280e-03  1.886e-02  1.615e-02  +1.56e-09  +2.83e-05
   5500 3.9690928e-03 3.9113289e-03  1.889e-02  1.617e-02  +1.73e-09  +3.46e-05
   5750 3.9690948e-03 3.9113299e-03  1.893e-02  1.619e-02  +1.92e-09  +4.22e-05
   6000 3.9690969e-03 3.9113311e-03  1.898e-02  1.622e-02  +2.13e-09  +5.13e-05
   6250 3.9690992e-03 3.9113323e-03  1.905e-02  1.625e-02  +2.35e-09  +6.23e-05
   6500 3.9691018e-03 3.9113337e-03  1.912e-02  1.629e-02  +2.59e-09  +7.56e-05
   6750 3.9691047e-03 3.9113352e-03  1.921e-02  1.634e-02  +2.86e-09  +9.15e-05
   7000 3.9691078e-03 3.9113369e-03  1.932e-02  1.640e-02  +3.15e-09  +1.11e-04
   7250 3.9691113e-03 3.9113388e-03  1.946e-02  1.647e-02  +3.46e-09  +1.33e-04
   7500 3.9691151e-03 3.9113408e-03  1.962e-02  1.656e-02  +3.80e-09  +1.60e-04
   7750 3.9691193e-03 3.9113431e-03  1.981e-02  1.667e-02  +4.18e-09  +1.93e-04
   8000 3.9691239e-03 3.9113455e-03  2.004e-02  1.679e-02  +4.59e-09  +2.31e-04
   8250 3.9691289e-03 3.9113483e-03  2.032e-02  1.694e-02  +5.04e-09  +2.76e-04
   8500 3.9691345e-03 3.9113513e-03  2.065e-02  1.712e-02  +5.54e-09  +3.29e-04
   8750 3.9691405e-03 3.9113545e-03  2.104e-02  1.734e-02  +6.08e-09  +3.92e-04
   9000 3.9691472e-03 3.9113581e-03  2.150e-02  1.760e-02  +6.68e-09  +4.64e-04
Kokkos allocation "cnt" is being deallocated after Kokkos::finalize was called

Backtrace:
[0x7f21b32b8ec5] Kokkos::Impl::save_stacktrace()
[0x7f21b32962ac] Kokkos::Impl::host_abort(char const*)
[0x7f21b32b8e87] Kokkos::Impl::SharedAllocationRecord<void, void>::decrement(Kokkos::Impl::SharedAllocationRecord<void, void>*)
[0x7f21b3147f95] 
[0x7f21b3162ea0] 
[0x7f21b328a855] 
[0x5fcc9b] 
[0x5fcadd] 
[0x57026f] 
[0x6be21f] 
[0x6a8325] 
[0x6b68b4] Py_RunMain
[0x681b2b] Py_BytesMain
[0x7f2230714ca8] 
[0x7f2230714d65] __libc_start_main
[0x680ed1] _start
Aborted
