# bed packing_256x256x256_r16_phi0.60_s3.npz N=192 R=12.0 kind=mode3 rot=1 rotf=0 rotw=1.0 wallw=0.0 dt=600.0 steps=2500
   step     k_cell/R2     k_face/R2     m1_rms     m2_rms    dk_cell        dm1
     50 3.8823839e-03 3.8346213e-03  2.921e-02  2.806e-02                      
    100 3.7792024e-03 3.7336606e-03  2.676e-02  2.604e-02  -1.03e-04  -2.45e-03
    200 3.7072349e-03 3.6637090e-03  2.564e-02  2.483e-02  -7.20e-05  -1.12e-03
    300 3.6686271e-03 3.6262047e-03  2.514e-02  2.425e-02  -3.86e-05  -4.99e-04
    400 3.6425333e-03 3.6008393e-03  2.485e-02  2.389e-02  -2.61e-05  -2.97e-04
    500 3.6235558e-03 3.5823821e-03  2.465e-02  2.366e-02  -1.90e-05  -1.95e-04
    600 3.6091843e-03 3.5683976e-03  2.452e-02  2.349e-02  -1.44e-05  -1.33e-04
    700 3.5979974e-03 3.5575081e-03  2.442e-02  2.337e-02  -1.12e-05  -9.50e-05
    800 3.5891124e-03 3.5488567e-03  2.435e-02  2.327e-02  -8.89e-06  -7.00e-05
    900 3.5819422e-03 3.5418732e-03  2.430e-02  2.320e-02  -7.17e-06  -5.30e-05
   1000 3.5760790e-03 3.5361613e-03  2.426e-02  2.315e-02  -5.86e-06  -4.07e-05
   1100 3.5712261e-03 3.5314331e-03  2.423e-02  2.310e-02  -4.85e-06  -3.32e-05
   1200 3.5672010e-03 3.5275118e-03  2.420e-02  2.307e-02  -4.03e-06  -2.71e-05
   1300 3.5637998e-03 3.5241971e-03  2.418e-02  2.304e-02  -3.40e-06  -2.14e-05
   1400 3.5609142e-03 3.5213848e-03  2.416e-02  2.301e-02  -2.89e-06  -1.77e-05
   1500 3.5584493e-03 3.5189823e-03  2.415e-02  2.299e-02  -2.46e-06  -1.47e-05
   1600 3.5563303e-03 3.5169167e-03  2.413e-02  2.298e-02  -2.12e-06  -1.24e-05
   1700 3.5544978e-03 3.5151303e-03  2.412e-02  2.296e-02  -1.83e-06  -1.05e-05
   1800 3.5529046e-03 3.5135770e-03  2.411e-02  2.295e-02  -1.59e-06  -9.04e-06
   1900 3.5515119e-03 3.5122194e-03  2.411e-02  2.294e-02  -1.39e-06  -7.82e-06
   2000 3.5502887e-03 3.5110269e-03  2.410e-02  2.293e-02  -1.22e-06  -6.81e-06
   2100 3.5492094e-03 3.5099748e-03  2.409e-02  2.292e-02  -1.08e-06  -5.94e-06
   2200 3.5482501e-03 3.5090398e-03  2.409e-02  2.292e-02  -9.59e-07  -5.10e-06
   2300 3.5473973e-03 3.5082078e-03  2.408e-02  2.291e-02  -8.53e-07  -5.06e-06
   2400 3.5466348e-03 3.5074650e-03  2.408e-02  2.290e-02  -7.63e-07  -3.44e-06
   2500 3.5459582e-03 3.5068055e-03  2.408e-02  2.290e-02  -6.77e-07  -3.70e-06
Kokkos allocation "cnt" is being deallocated after Kokkos::finalize was called

Backtrace:
[0x7f31f08c2405] Kokkos::Impl::save_stacktrace()
[0x7f31f089f7ec] Kokkos::Impl::host_abort(char const*)
[0x7f31f08c23c7] Kokkos::Impl::SharedAllocationRecord<void, void>::decrement(Kokkos::Impl::SharedAllocationRecord<void, void>*)
[0x7f31f0749c15] 
[0x7f31f0764a90] 
[0x7f31f0893d95] 
[0x5fcc9b] 
[0x5fcadd] 
[0x57026f] 
[0x6be21f] 
[0x6a8325] 
[0x6b68b4] Py_RunMain
[0x681b2b] Py_BytesMain
[0x7f326dc38ca8] 
[0x7f326dc38d65] __libc_start_main
[0x680ed1] _start
Aborted
