# bed packing_256x256x256_r16_phi0.60_s3.npz N=192 R=12.0 kind=gauge-exact rot=1 rotf=0 rotw=1.0 wallw=0.5 dt=600.0 steps=3000
   step     k_cell/R2     k_face/R2     m1_rms     m2_rms    dk_cell        dm1
     50 3.9882812e-03 3.9295069e-03  1.836e-02  1.860e-02                      
    100 3.9880757e-03 3.9293275e-03  1.836e-02  1.849e-02  -2.05e-07  +6.03e-06
    200 3.9879242e-03 3.9291917e-03  1.837e-02  1.849e-02  -1.51e-07  +4.22e-06
    300 3.9878830e-03 3.9291549e-03  1.837e-02  1.849e-02  -4.13e-08  +1.02e-06
    400 3.9878663e-03 3.9291402e-03  1.837e-02  1.849e-02  -1.67e-08  +3.63e-07
    500 3.9878578e-03 3.9291328e-03  1.837e-02  1.849e-02  -8.48e-09  +1.59e-07
    600 3.9878528e-03 3.9291285e-03  1.837e-02  1.849e-02  -4.98e-09  +8.25e-08
    700 3.9878496e-03 3.9291257e-03  1.837e-02  1.849e-02  -3.22e-09  +4.89e-08
    800 3.9878474e-03 3.9291238e-03  1.837e-02  1.849e-02  -2.23e-09  +3.22e-08
    900 3.9878457e-03 3.9291224e-03  1.837e-02  1.849e-02  -1.63e-09  +2.30e-08
   1000 3.9878445e-03 3.9291213e-03  1.837e-02  1.849e-02  -1.23e-09  +1.73e-08
   1100 3.9878436e-03 3.9291205e-03  1.837e-02  1.849e-02  -9.52e-10  +1.35e-08
   1200 3.9878428e-03 3.9291198e-03  1.837e-02  1.849e-02  -7.54e-10  +1.09e-08
   1300 3.9878422e-03 3.9291193e-03  1.837e-02  1.849e-02  -6.07e-10  +8.88e-09
   1400 3.9878417e-03 3.9291189e-03  1.837e-02  1.849e-02  -4.96e-10  +7.37e-09
   1500 3.9878413e-03 3.9291186e-03  1.837e-02  1.849e-02  -4.10e-10  +6.17e-09
   1600 3.9878410e-03 3.9291183e-03  1.837e-02  1.849e-02  -3.42e-10  +5.22e-09
   1700 3.9878407e-03 3.9291180e-03  1.837e-02  1.849e-02  -2.89e-10  +4.44e-09
   1800 3.9878404e-03 3.9291178e-03  1.837e-02  1.849e-02  -2.45e-10  +3.81e-09
   1900 3.9878402e-03 3.9291177e-03  1.837e-02  1.849e-02  -2.10e-10  +3.29e-09
   2000 3.9878400e-03 3.9291175e-03  1.837e-02  1.849e-02  -1.81e-10  +2.85e-09
   2100 3.9878399e-03 3.9291174e-03  1.837e-02  1.849e-02  -1.56e-10  +2.47e-09
   2200 3.9878397e-03 3.9291173e-03  1.837e-02  1.849e-02  -1.36e-10  +2.16e-09
   2300 3.9878396e-03 3.9291172e-03  1.837e-02  1.849e-02  -1.19e-10  +1.90e-09
   2400 3.9878395e-03 3.9291171e-03  1.837e-02  1.849e-02  -1.05e-10  +1.67e-09
   2500 3.9878394e-03 3.9291170e-03  1.837e-02  1.849e-02  -9.28e-11  +1.48e-09
   2600 3.9878393e-03 3.9291169e-03  1.837e-02  1.849e-02  -8.24e-11  +1.31e-09
   2700 3.9878393e-03 3.9291169e-03  1.837e-02  1.849e-02  -7.34e-11  +1.16e-09
   2800 3.9878392e-03 3.9291168e-03  1.837e-02  1.849e-02  -6.57e-11  +1.04e-09
   2900 3.9878391e-03 3.9291168e-03  1.837e-02  1.849e-02  -5.89e-11  +9.29e-10
   3000 3.9878391e-03 3.9291167e-03  1.837e-02  1.849e-02  -5.31e-11  +8.32e-10
Kokkos allocation "cnt" is being deallocated after Kokkos::finalize was called

Backtrace:
[0x7f28b3ac2405] Kokkos::Impl::save_stacktrace()
[0x7f28b3a9f7ec] Kokkos::Impl::host_abort(char const*)
[0x7f28b3ac23c7] Kokkos::Impl::SharedAllocationRecord<void, void>::decrement(Kokkos::Impl::SharedAllocationRecord<void, void>*)
[0x7f28b3949c15] 
[0x7f28b3964a90] 
[0x7f28b3a93d95] 
[0x5fcc9b] 
[0x5fcadd] 
[0x57026f] 
[0x6be21f] 
[0x6a8325] 
[0x6b68b4] Py_RunMain
[0x681b2b] Py_BytesMain
[0x7f2930e70ca8] 
[0x7f2930e70d65] __libc_start_main
[0x680ed1] _start
Aborted
