# bed packing_256x256x256_r16_phi0.60_s3.npz N=192 R=12.0 kind=gauge-exact rot=0 rotf=0 dt=60.0 steps=9000
   step     k_cell/R2     k_face/R2     m1_rms     m2_rms    dk_cell        dm1
     50 3.9906683e-03 3.9325060e-03  1.760e-02  2.180e-02                      
    250 3.9796345e-03 3.9211102e-03  1.716e-02  2.137e-02  -1.10e-05  -4.39e-04
    500 3.9784286e-03 3.9199426e-03  1.714e-02  2.135e-02  -1.21e-06  -2.43e-05
    750 3.9782070e-03 3.9197420e-03  1.714e-02  2.135e-02  -2.22e-07  +7.18e-07
   1000 3.9781149e-03 3.9196614e-03  1.714e-02  2.135e-02  -9.21e-08  +1.43e-06
   1250 3.9780570e-03 3.9196105e-03  1.714e-02  2.135e-02  -5.80e-08  +9.39e-07
   1500 3.9780154e-03 3.9195737e-03  1.714e-02  2.135e-02  -4.16e-08  +6.11e-07
   1750 3.9779842e-03 3.9195459e-03  1.714e-02  2.135e-02  -3.11e-08  +4.25e-07
   2000 3.9779604e-03 3.9195246e-03  1.714e-02  2.135e-02  -2.38e-08  +3.15e-07
   2250 3.9779419e-03 3.9195080e-03  1.714e-02  2.136e-02  -1.85e-08  +2.44e-07
   2500 3.9779273e-03 3.9194949e-03  1.714e-02  2.136e-02  -1.46e-08  +1.96e-07
   2750 3.9779157e-03 3.9194845e-03  1.714e-02  2.136e-02  -1.16e-08  +1.61e-07
   3000 3.9779064e-03 3.9194761e-03  1.714e-02  2.136e-02  -9.33e-09  +1.34e-07
   3250 3.9778988e-03 3.9194693e-03  1.714e-02  2.136e-02  -7.58e-09  +1.12e-07
   3500 3.9778926e-03 3.9194637e-03  1.714e-02  2.136e-02  -6.22e-09  +9.50e-08
   3750 3.9778875e-03 3.9194591e-03  1.715e-02  2.136e-02  -5.14e-09  +8.07e-08
   4000 3.9778832e-03 3.9194552e-03  1.715e-02  2.136e-02  -4.28e-09  +6.88e-08
   4250 3.9778796e-03 3.9194520e-03  1.715e-02  2.136e-02  -3.59e-09  +5.88e-08
   4500 3.9778766e-03 3.9194493e-03  1.715e-02  2.136e-02  -3.03e-09  +5.04e-08
   4750 3.9778740e-03 3.9194470e-03  1.715e-02  2.136e-02  -2.58e-09  +4.33e-08
   5000 3.9778718e-03 3.9194450e-03  1.715e-02  2.136e-02  -2.20e-09  +3.72e-08
   5250 3.9778699e-03 3.9194433e-03  1.715e-02  2.136e-02  -1.89e-09  +3.20e-08
   5500 3.9778683e-03 3.9194418e-03  1.715e-02  2.136e-02  -1.63e-09  +2.75e-08
