# bed packing_256x256x256_r16_phi0.60_s3.npz N=192 R=12.0 kind=gauge-exact rot=1 rotf=0 rotw=1.0 wallw=0.5 dt=60.0 steps=8000
   step     k_cell/R2     k_face/R2     m1_rms     m2_rms    dk_cell        dm1
     50 3.9887595e-03 3.9300637e-03  1.828e-02  1.863e-02                      
    250 3.9884124e-03 3.9297532e-03  1.830e-02  1.859e-02  -3.47e-07  +1.66e-05
    500 3.9883792e-03 3.9297240e-03  1.830e-02  1.859e-02  -3.32e-08  +7.10e-07
    750 3.9883713e-03 3.9297172e-03  1.830e-02  1.859e-02  -7.84e-09  +1.16e-07
   1000 3.9883681e-03 3.9297144e-03  1.830e-02  1.859e-02  -3.24e-09  +4.33e-08
   1250 3.9883664e-03 3.9297130e-03  1.830e-02  1.859e-02  -1.67e-09  +2.28e-08
   1500 3.9883655e-03 3.9297122e-03  1.830e-02  1.859e-02  -9.72e-10  +1.37e-08
   1750 3.9883648e-03 3.9297117e-03  1.830e-02  1.859e-02  -6.08e-10  +8.78e-09
   2000 3.9883644e-03 3.9297113e-03  1.830e-02  1.859e-02  -4.02e-10  +5.88e-09
   2250 3.9883642e-03 3.9297111e-03  1.830e-02  1.859e-02  -2.77e-10  +4.04e-09
   2500 3.9883640e-03 3.9297110e-03  1.830e-02  1.859e-02  -1.97e-10  +2.87e-09
   2750 3.9883638e-03 3.9297108e-03  1.830e-02  1.859e-02  -1.45e-10  +2.09e-09
   3000 3.9883637e-03 3.9297107e-03  1.830e-02  1.859e-02  -1.09e-10  +1.55e-09
   3250 3.9883636e-03 3.9297107e-03  1.830e-02  1.859e-02  -8.44e-11  +1.18e-09
   3500 3.9883636e-03 3.9297106e-03  1.830e-02  1.859e-02  -6.65e-11  +9.18e-10
   3750 3.9883635e-03 3.9297106e-03  1.830e-02  1.859e-02  -5.33e-11  +7.33e-10
   4000 3.9883635e-03 3.9297105e-03  1.830e-02  1.859e-02  -4.35e-11  +5.96e-10
   4250 3.9883634e-03 3.9297105e-03  1.830e-02  1.859e-02  -3.59e-11  +4.95e-10
   4500 3.9883634e-03 3.9297105e-03  1.830e-02  1.859e-02  -3.00e-11  +4.17e-10
   4750 3.9883634e-03 3.9297105e-03  1.830e-02  1.859e-02  -2.54e-11  +3.57e-10
   5000 3.9883634e-03 3.9297105e-03  1.830e-02  1.859e-02  -2.17e-11  +3.10e-10
   5250 3.9883633e-03 3.9297104e-03  1.830e-02  1.859e-02  -1.87e-11  +2.72e-10
   5500 3.9883633e-03 3.9297104e-03  1.830e-02  1.859e-02  -1.63e-11  +2.41e-10
   5750 3.9883633e-03 3.9297104e-03  1.830e-02  1.859e-02  -1.43e-11  +2.16e-10
   6000 3.9883633e-03 3.9297104e-03  1.830e-02  1.859e-02  -1.26e-11  +1.94e-10
   6250 3.9883633e-03 3.9297104e-03  1.830e-02  1.859e-02  -1.12e-11  +1.76e-10
   6500 3.9883633e-03 3.9297104e-03  1.830e-02  1.859e-02  -9.94e-12  +1.61e-10
   6750 3.9883633e-03 3.9297104e-03  1.830e-02  1.859e-02  -8.90e-12  +1.48e-10
   7000 3.9883633e-03 3.9297104e-03  1.830e-02  1.859e-02  -8.00e-12  +1.36e-10
   7250 3.9883632e-03 3.9297104e-03  1.830e-02  1.859e-02  -7.22e-12  +1.26e-10
   7500 3.9883632e-03 3.9297104e-03  1.830e-02  1.859e-02  -6.54e-12  +1.16e-10
   7750 3.9883632e-03 3.9297104e-03  1.830e-02  1.859e-02  -5.94e-12  +1.08e-10
   8000 3.9883632e-03 3.9297104e-03  1.830e-02  1.859e-02  -5.41e-12  +1.01e-10
Kokkos allocation "cnt" is being deallocated after Kokkos::finalize was called

Backtrace:
[0x7fb14bac2405] Kokkos::Impl::save_stacktrace()
[0x7fb14ba9f7ec] Kokkos::Impl::host_abort(char const*)
[0x7fb14bac23c7] Kokkos::Impl::SharedAllocationRecord<void, void>::decrement(Kokkos::Impl::SharedAllocationRecord<void, void>*)
[0x7fb14b949c15] 
[0x7fb14b964a90] 
[0x7fb14ba93d95] 
[0x5fcc9b] 
[0x5fcadd] 
[0x57026f] 
[0x6be21f] 
[0x6a8325] 
[0x6b68b4] Py_RunMain
[0x681b2b] Py_BytesMain
[0x7fb1c8ed5ca8] 
[0x7fb1c8ed5d65] __libc_start_main
[0x680ed1] _start
Aborted
