# bed packing_256x256x256_r16_phi0.60_s3.npz N=192 R=12.0 kind=mode3 rot=1 rotf=0 rotw=1.0 wallw=0.0 dt=1e+20 steps=4000
   step     k_cell/R2     k_face/R2     m1_rms     m2_rms    dk_cell        dm1
     50 4.0715243e-03 4.0226665e-03  4.340e-02  3.804e-02                      
    250 3.7291405e-03 3.6859439e-03  2.760e-02  2.604e-02  -3.42e-04  -1.58e-02
    500 3.6406367e-03 3.5989897e-03  3.212e-02  3.049e-02  -8.85e-05  +4.52e-03
    750 3.6026615e-03 3.5621974e-03  2.467e-02  2.352e-02  -3.80e-05  -7.45e-03
   1000 3.5821716e-03 3.5421854e-03  2.440e-02  2.326e-02  -2.05e-05  -2.66e-04
   1250 3.5697164e-03 3.5300116e-03  2.428e-02  2.312e-02  -1.25e-05  -1.24e-04
   1500 3.5616164e-03 3.5220998e-03  2.420e-02  2.304e-02  -8.10e-06  -7.55e-05
   1750 3.5560883e-03 3.5166996e-03  2.416e-02  2.299e-02  -5.53e-06  -4.55e-05
   2000 3.5521698e-03 3.5128671e-03  2.413e-02  2.295e-02  -3.92e-06  -2.31e-05
   2250 3.5493227e-03 3.5100950e-03  2.410e-02  2.292e-02  -2.85e-06  -3.02e-05
   2500 3.5471876e-03 3.5080105e-03  2.409e-02  2.291e-02  -2.14e-06  -1.47e-05
   2750 3.5455558e-03 3.5064178e-03  2.408e-02  2.289e-02  -1.63e-06  -1.07e-05
   3000 3.5442844e-03 3.5051773e-03  2.407e-02  2.289e-02  -1.27e-06  -7.64e-06
   3250 3.5432815e-03 3.5041998e-03  2.406e-02  2.288e-02  -1.00e-06  -7.63e-06
   3500 3.5424740e-03 3.5034126e-03  2.406e-02  2.287e-02  -8.07e-07  -5.09e-06
   3750 3.5418171e-03 3.5027728e-03  2.405e-02  2.287e-02  -6.57e-07  -4.32e-06
   4000 3.5412770e-03 3.5022490e-03  2.405e-02  2.287e-02  -5.40e-07  -4.30e-06
Kokkos allocation "cnt" is being deallocated after Kokkos::finalize was called

Backtrace:
[0x7f357f8c2405] Kokkos::Impl::save_stacktrace()
[0x7f357f89f7ec] Kokkos::Impl::host_abort(char const*)
[0x7f357f8c23c7] Kokkos::Impl::SharedAllocationRecord<void, void>::decrement(Kokkos::Impl::SharedAllocationRecord<void, void>*)
[0x7f357f749c15] 
[0x7f357f764a90] 
[0x7f357f893d95] 
[0x5fcc9b] 
[0x5fcadd] 
[0x57026f] 
[0x6be21f] 
[0x6a8325] 
[0x6b68b4] Py_RunMain
[0x681b2b] Py_BytesMain
[0x7f35fcbf3ca8] 
[0x7f35fcbf3d65] __libc_start_main
[0x680ed1] _start
Aborted
