# bed packing_256x256x256_r16_phi0.60_s3.npz N=192 R=12.0 kind=gauge-exact rot=1 rotf=0 rotw=0.3 wallw=0.0 dt=1e+20 steps=6000
   step     k_cell/R2     k_face/R2     m1_rms     m2_rms    dk_cell        dm1
     50 4.6167451e-03 4.5496719e-03  4.297e-02  3.720e-02                      
    250 4.1522426e-03 4.0920258e-03  2.608e-02  2.279e-02  -4.65e-04  -1.69e-02
    500 4.0667360e-03 4.0074301e-03  2.204e-02  1.957e-02  -8.55e-05  -4.04e-03
    750 4.0372730e-03 3.9782532e-03  2.079e-02  1.862e-02  -2.95e-05  -1.25e-03
   1000 4.0235670e-03 3.9646764e-03  2.029e-02  1.824e-02  -1.37e-05  -5.07e-04
   1250 4.0161914e-03 3.9573696e-03  2.004e-02  1.807e-02  -7.38e-06  -2.44e-04
   1500 4.0118422e-03 3.9530609e-03  1.991e-02  1.798e-02  -4.35e-06  -1.32e-04
   1750 4.0091058e-03 3.9503502e-03  1.983e-02  1.792e-02  -2.74e-06  -7.69e-05
   2000 4.0072961e-03 3.9485576e-03  1.979e-02  1.789e-02  -1.81e-06  -4.58e-05
   2250 4.0060497e-03 3.9473230e-03  1.976e-02  1.786e-02  -1.25e-06  -2.37e-05
   2500 4.0051612e-03 3.9464431e-03  1.976e-02  1.785e-02  -8.88e-07  -1.72e-06
   2750 4.0045090e-03 3.9457970e-03  1.979e-02  1.785e-02  -6.52e-07  +2.98e-05
   3000 4.0040180e-03 3.9453105e-03  1.988e-02  1.787e-02  -4.91e-07  +8.66e-05
   3250 4.0036405e-03 3.9449362e-03  2.008e-02  1.792e-02  -3.77e-07  +1.99e-04
   3500 4.0033455e-03 3.9446434e-03  2.050e-02  1.804e-02  -2.95e-07  +4.26e-04
   3750 4.0031128e-03 3.9444116e-03  2.138e-02  1.829e-02  -2.33e-07  +8.79e-04
   4000 4.0029287e-03 3.9442274e-03  2.313e-02  1.881e-02  -1.84e-07  +1.75e-03
   4250 4.0027848e-03 3.9440820e-03  2.644e-02  1.986e-02  -1.44e-07  +3.31e-03
   4500 4.0026761e-03 3.9439700e-03  3.234e-02  2.192e-02  -1.09e-07  +5.89e-03
   4750 4.0026008e-03 3.9438892e-03  4.214e-02  2.571e-02  -7.52e-08  +9.80e-03
   5000 4.0025603e-03 3.9438398e-03  5.756e-02  3.227e-02  -4.06e-08  +1.54e-02
   5250 4.0025589e-03 3.9438251e-03  8.093e-02  4.292e-02  -1.32e-09  +2.34e-02
   5500 4.0026055e-03 3.9438520e-03  1.156e-01  5.939e-02  +4.66e-08  +3.47e-02
   5750 4.0027140e-03 3.9439317e-03  1.665e-01  8.410e-02  +1.09e-07  +5.09e-02
   6000 4.0029060e-03 3.9440817e-03  2.407e-01  1.206e-01  +1.92e-07  +7.42e-02
Kokkos allocation "cnt" is being deallocated after Kokkos::finalize was called

Backtrace:
[0x7f484dec2405] Kokkos::Impl::save_stacktrace()
[0x7f484de9f7ec] Kokkos::Impl::host_abort(char const*)
[0x7f484dec23c7] Kokkos::Impl::SharedAllocationRecord<void, void>::decrement(Kokkos::Impl::SharedAllocationRecord<void, void>*)
[0x7f484dd49c15] 
[0x7f484dd64a90] 
[0x7f484de93d95] 
[0x5fcc9b] 
[0x5fcadd] 
[0x57026f] 
[0x6be21f] 
[0x6a8325] 
[0x6b68b4] Py_RunMain
[0x681b2b] Py_BytesMain
[0x7f48cb2a0ca8] 
[0x7f48cb2a0d65] __libc_start_main
[0x680ed1] _start
Aborted
