# bed packing_256x256x256_r16_phi0.60_s3.npz N=192 R=12.0 kind=gauge-exact rot=1 rotf=0 rotw=1.0 wallw=0.5 dt=1e+20 steps=6000
   step     k_cell/R2     k_face/R2     m1_rms     m2_rms    dk_cell        dm1
     50 3.9877116e-03 3.9289393e-03  1.838e-02  1.864e-02                      
    250 3.9877733e-03 3.9290323e-03  1.838e-02  1.848e-02  +6.17e-08  -1.19e-06
    500 3.9877320e-03 3.9289958e-03  1.838e-02  1.849e-02  -4.13e-08  +9.17e-07
    750 3.9877224e-03 3.9289875e-03  1.838e-02  1.849e-02  -9.62e-09  +1.54e-07
   1000 3.9877184e-03 3.9289841e-03  1.838e-02  1.849e-02  -3.96e-09  +5.66e-08
   1250 3.9877163e-03 3.9289823e-03  1.838e-02  1.849e-02  -2.07e-09  +3.00e-08
   1500 3.9877151e-03 3.9289813e-03  1.838e-02  1.849e-02  -1.22e-09  +1.84e-08
   1750 3.9877143e-03 3.9289806e-03  1.838e-02  1.849e-02  -7.78e-10  +1.21e-08
   2000 3.9877138e-03 3.9289802e-03  1.838e-02  1.849e-02  -5.22e-10  +8.27e-09
   2250 3.9877134e-03 3.9289799e-03  1.838e-02  1.849e-02  -3.65e-10  +5.84e-09
   2500 3.9877132e-03 3.9289797e-03  1.838e-02  1.849e-02  -2.63e-10  +4.24e-09
   2750 3.9877130e-03 3.9289795e-03  1.838e-02  1.849e-02  -1.96e-10  +3.14e-09
   3000 3.9877128e-03 3.9289794e-03  1.838e-02  1.849e-02  -1.49e-10  +2.37e-09
   3250 3.9877127e-03 3.9289793e-03  1.838e-02  1.849e-02  -1.15e-10  +1.82e-09
   3500 3.9877126e-03 3.9289792e-03  1.838e-02  1.849e-02  -9.14e-11  +1.42e-09
   3750 3.9877126e-03 3.9289792e-03  1.838e-02  1.849e-02  -7.35e-11  +1.12e-09
   4000 3.9877125e-03 3.9289791e-03  1.838e-02  1.849e-02  -6.00e-11  +9.10e-10
   4250 3.9877125e-03 3.9289791e-03  1.838e-02  1.849e-02  -4.97e-11  +7.48e-10
   4500 3.9877124e-03 3.9289791e-03  1.838e-02  1.849e-02  -4.16e-11  +6.23e-10
   4750 3.9877124e-03 3.9289790e-03  1.838e-02  1.849e-02  -3.52e-11  +5.27e-10
   5000 3.9877123e-03 3.9289790e-03  1.838e-02  1.849e-02  -3.01e-11  +4.51e-10
   5250 3.9877123e-03 3.9289790e-03  1.838e-02  1.849e-02  -2.60e-11  +3.91e-10
   5500 3.9877123e-03 3.9289790e-03  1.838e-02  1.849e-02  -2.26e-11  +3.43e-10
   5750 3.9877123e-03 3.9289789e-03  1.838e-02  1.849e-02  -1.98e-11  +3.03e-10
   6000 3.9877123e-03 3.9289789e-03  1.838e-02  1.849e-02  -1.75e-11  +2.71e-10
Kokkos allocation "cnt" is being deallocated after Kokkos::finalize was called

Backtrace:
[0x7f64ddac2405] Kokkos::Impl::save_stacktrace()
[0x7f64dda9f7ec] Kokkos::Impl::host_abort(char const*)
[0x7f64ddac23c7] Kokkos::Impl::SharedAllocationRecord<void, void>::decrement(Kokkos::Impl::SharedAllocationRecord<void, void>*)
[0x7f64dd949c15] 
[0x7f64dd964a90] 
[0x7f64dda93d95] 
[0x5fcc9b] 
[0x5fcadd] 
[0x57026f] 
[0x6be21f] 
[0x6a8325] 
[0x6b68b4] Py_RunMain
[0x681b2b] Py_BytesMain
[0x7f655adb8ca8] 
[0x7f655adb8d65] __libc_start_main
[0x680ed1] _start
Aborted
