# bed packing_256x256x256_r16_phi0.60_s3.npz N=192 R=12.0 kind=gauge-exact rot=1 rotf=0 rotw=1.0 wallw=0.5 dt=60.0 steps=16000
   step     k_cell/R2     k_face/R2     m1_rms     m2_rms    dk_cell        dm1
     50 3.9887595e-03 3.9300637e-03  1.828e-02  1.863e-02                      
    250 3.9884124e-03 3.9297532e-03  1.830e-02  1.859e-02  -3.47e-07  +1.66e-05
    500 3.9883792e-03 3.9297240e-03  1.830e-02  1.859e-02  -3.32e-08  +7.10e-07
    750 3.9883713e-03 3.9297172e-03  1.830e-02  1.859e-02  -7.84e-09  +1.16e-07
   1000 3.9883681e-03 3.9297144e-03  1.830e-02  1.859e-02  -3.24e-09  +4.33e-08
   1250 3.9883664e-03 3.9297130e-03  1.830e-02  1.859e-02  -1.67e-09  +2.28e-08
   1500 3.9883655e-03 3.9297122e-03  1.830e-02  1.859e-02  -9.72e-10  +1.37e-08
   1750 3.9883648e-03 3.9297117e-03  1.830e-02  1.859e-02  -6.08e-10  +8.78e-09
   2000 3.9883644e-03 3.9297113e-03  1.830e-02  1.859e-02  -4.02e-10  +5.88e-09
   2250 3.9883642e-03 3.9297111e-03  1.830e-02  1.859e-02  -2.77e-10  +4.04e-09
   2500 3.9883640e-03 3.9297110e-03  1.830e-02  1.859e-02  -1.97e-10  +2.87e-09
   2750 3.9883638e-03 3.9297108e-03  1.830e-02  1.859e-02  -1.45e-10  +2.09e-09
   3000 3.9883637e-03 3.9297107e-03  1.830e-02  1.859e-02  -1.09e-10  +1.55e-09
   3250 3.9883636e-03 3.9297107e-03  1.830e-02  1.859e-02  -8.44e-11  +1.18e-09
   3500 3.9883636e-03 3.9297106e-03  1.830e-02  1.859e-02  -6.65e-11  +9.18e-10
   3750 3.9883635e-03 3.9297106e-03  1.830e-02  1.859e-02  -5.33e-11  +7.33e-10
# --- dt -> 600.0 at step 4000 ---
   4000 3.9884833e-03 3.9298177e-03  1.832e-02  1.854e-02  +1.20e-07  +1.90e-05
   4250 3.9878388e-03 3.9291165e-03  1.837e-02  1.849e-02  -6.45e-07  +4.77e-05
   4500 3.9878386e-03 3.9291163e-03  1.837e-02  1.849e-02  -1.78e-10  +2.72e-08
   4750 3.9878386e-03 3.9291163e-03  1.837e-02  1.849e-02  +1.74e-11  +6.01e-09
   5000 3.9878386e-03 3.9291163e-03  1.837e-02  1.849e-02  -3.06e-12  +2.75e-09
   5250 3.9878386e-03 3.9291163e-03  1.837e-02  1.849e-02  -1.37e-11  +1.59e-09
   5500 3.9878386e-03 3.9291163e-03  1.837e-02  1.849e-02  -1.69e-11  +1.02e-09
   5750 3.9878385e-03 3.9291163e-03  1.837e-02  1.849e-02  -1.71e-11  +7.14e-10
# --- dt -> 6.0 at step 6000 ---
   6000 3.9875654e-03 3.9288522e-03  1.824e-02  1.882e-02  -2.73e-07  -1.27e-04
   6250 3.9864116e-03 3.9279084e-03  1.789e-02  1.946e-02  -1.15e-06  -3.53e-04
   6500 3.9864116e-03 3.9279084e-03  1.789e-02  1.946e-02  +6.33e-12  -2.18e-08
   6750 3.9864117e-03 3.9279085e-03  1.789e-02  1.946e-02  +1.09e-10  -5.15e-09
   7000 3.9864118e-03 3.9279086e-03  1.789e-02  1.946e-02  +6.65e-11  -1.90e-09
   7250 3.9864118e-03 3.9279086e-03  1.789e-02  1.946e-02  +3.71e-11  -8.04e-10
   7500 3.9864118e-03 3.9279086e-03  1.789e-02  1.946e-02  +2.10e-11  -3.70e-10
   7750 3.9864118e-03 3.9279086e-03  1.789e-02  1.946e-02  +1.21e-11  -1.79e-10
   8000 3.9864118e-03 3.9279086e-03  1.789e-02  1.946e-02  +7.03e-12  -8.80e-11
   8250 3.9864118e-03 3.9279086e-03  1.789e-02  1.946e-02  +4.03e-12  -4.10e-11
   8500 3.9864118e-03 3.9279086e-03  1.789e-02  1.946e-02  +2.21e-12  -1.57e-11
   8750 3.9864118e-03 3.9279086e-03  1.789e-02  1.946e-02  +1.10e-12  -1.50e-12
   9000 3.9864118e-03 3.9279086e-03  1.789e-02  1.946e-02  +4.26e-13  +6.60e-12
   9250 3.9864118e-03 3.9279086e-03  1.789e-02  1.946e-02  +2.25e-14  +1.10e-11
   9500 3.9864118e-03 3.9279086e-03  1.789e-02  1.946e-02  -2.10e-13  +1.32e-11
   9750 3.9864118e-03 3.9279086e-03  1.789e-02  1.946e-02  -3.34e-13  +1.41e-11
# --- dt -> 1e+20 at step 10000 ---
  10000 3.9874761e-03 3.9289517e-03  1.798e-02  1.914e-02  +1.06e-06  +8.77e-05
  10250 3.9877106e-03 3.9289774e-03  1.838e-02  1.849e-02  +2.35e-07  +4.00e-04
  10500 3.9877123e-03 3.9289789e-03  1.838e-02  1.849e-02  +1.69e-09  +1.24e-07
  10750 3.9877125e-03 3.9289791e-03  1.838e-02  1.849e-02  +1.82e-10  +2.63e-08
  11000 3.9877125e-03 3.9289791e-03  1.838e-02  1.849e-02  -1.31e-11  +1.21e-08
  11250 3.9877124e-03 3.9289791e-03  1.838e-02  1.849e-02  -4.91e-11  +6.87e-09
  11500 3.9877124e-03 3.9289790e-03  1.838e-02  1.849e-02  -5.13e-11  +4.30e-09
  11750 3.9877123e-03 3.9289790e-03  1.838e-02  1.849e-02  -4.55e-11  +2.84e-09
# --- dt -> 60.0 at step 12000 ---
  12000 3.9876297e-03 3.9289085e-03  1.835e-02  1.854e-02  -8.26e-08  -2.31e-05
  12250 3.9883631e-03 3.9297102e-03  1.830e-02  1.859e-02  +7.33e-07  -5.12e-05
  12500 3.9883633e-03 3.9297104e-03  1.830e-02  1.859e-02  +1.98e-10  -2.40e-08
  12750 3.9883632e-03 3.9297104e-03  1.830e-02  1.859e-02  -5.19e-11  -4.25e-09
  13000 3.9883632e-03 3.9297103e-03  1.830e-02  1.859e-02  -2.91e-11  -1.50e-09
  13250 3.9883632e-03 3.9297103e-03  1.830e-02  1.859e-02  -1.48e-11  -6.54e-10
  13500 3.9883632e-03 3.9297103e-03  1.830e-02  1.859e-02  -8.39e-12  -3.04e-10
  13750 3.9883632e-03 3.9297103e-03  1.830e-02  1.859e-02  -5.34e-12  -1.38e-10
  14000 3.9883632e-03 3.9297103e-03  1.830e-02  1.859e-02  -3.77e-12  -5.45e-11
  14250 3.9883632e-03 3.9297103e-03  1.830e-02  1.859e-02  -2.86e-12  -1.07e-11
  14500 3.9883632e-03 3.9297103e-03  1.830e-02  1.859e-02  -2.28e-12  +1.22e-11
  14750 3.9883632e-03 3.9297103e-03  1.830e-02  1.859e-02  -1.89e-12  +2.38e-11
  15000 3.9883632e-03 3.9297103e-03  1.830e-02  1.859e-02  -1.59e-12  +2.93e-11
  15250 3.9883632e-03 3.9297103e-03  1.830e-02  1.859e-02  -1.36e-12  +3.14e-11
  15500 3.9883632e-03 3.9297103e-03  1.830e-02  1.859e-02  -1.17e-12  +3.17e-11
  15750 3.9883632e-03 3.9297103e-03  1.830e-02  1.859e-02  -1.02e-12  +3.10e-11
  16000 3.9883632e-03 3.9297103e-03  1.830e-02  1.859e-02  -8.95e-13  +2.98e-11
Kokkos allocation "cnt" is being deallocated after Kokkos::finalize was called

Backtrace:
[0x7f53b38c2405] Kokkos::Impl::save_stacktrace()
[0x7f53b389f7ec] Kokkos::Impl::host_abort(char const*)
[0x7f53b38c23c7] Kokkos::Impl::SharedAllocationRecord<void, void>::decrement(Kokkos::Impl::SharedAllocationRecord<void, void>*)
[0x7f53b3749c15] 
[0x7f53b3764a90] 
[0x7f53b3893d95] 
[0x5fcc9b] 
[0x5fcadd] 
[0x57026f] 
[0x6be21f] 
[0x6a8325] 
[0x6b68b4] Py_RunMain
[0x681b2b] Py_BytesMain
[0x7f5430c31ca8] 
[0x7f5430c31d65] __libc_start_main
[0x680ed1] _start
Aborted
