# bed packing_256x256x256_r16_phi0.60_s3.npz N=192 R=12.0 kind=gauge-exact rot=1 rotf=0 rotw=0.3 dt=60.0 steps=8000
   step     k_cell/R2     k_face/R2     m1_rms     m2_rms    dk_cell        dm1
     50 3.9977434e-03 3.9392073e-03  1.867e-02  1.814e-02                      
    250 3.9962272e-03 3.9376947e-03  1.874e-02  1.798e-02  -1.52e-06  +6.88e-05
    500 3.9961411e-03 3.9376192e-03  1.874e-02  1.798e-02  -8.61e-08  +3.23e-06
    750 3.9961178e-03 3.9375991e-03  1.874e-02  1.798e-02  -2.34e-08  +7.34e-07
   1000 3.9961072e-03 3.9375900e-03  1.874e-02  1.798e-02  -1.05e-08  +2.69e-07
   1250 3.9961014e-03 3.9375850e-03  1.874e-02  1.798e-02  -5.87e-09  +1.27e-07
   1500 3.9960977e-03 3.9375818e-03  1.874e-02  1.798e-02  -3.68e-09  +7.22e-08
   1750 3.9960952e-03 3.9375797e-03  1.874e-02  1.798e-02  -2.48e-09  +4.70e-08
   2000 3.9960934e-03 3.9375782e-03  1.874e-02  1.798e-02  -1.75e-09  +3.35e-08
   2250 3.9960922e-03 3.9375771e-03  1.874e-02  1.798e-02  -1.29e-09  +2.52e-08
   2500 3.9960912e-03 3.9375763e-03  1.874e-02  1.798e-02  -9.72e-10  +1.97e-08
   2750 3.9960904e-03 3.9375756e-03  1.874e-02  1.798e-02  -7.51e-10  +1.58e-08
   3000 3.9960898e-03 3.9375751e-03  1.874e-02  1.798e-02  -5.91e-10  +1.28e-08
   3250 3.9960894e-03 3.9375747e-03  1.874e-02  1.798e-02  -4.73e-10  +1.06e-08
   3500 3.9960890e-03 3.9375744e-03  1.874e-02  1.798e-02  -3.84e-10  +8.82e-09
   3750 3.9960887e-03 3.9375741e-03  1.874e-02  1.798e-02  -3.15e-10  +7.39e-09
   4000 3.9960884e-03 3.9375739e-03  1.874e-02  1.798e-02  -2.62e-10  +6.25e-09
   4250 3.9960882e-03 3.9375737e-03  1.874e-02  1.798e-02  -2.19e-10  +5.31e-09
   4500 3.9960880e-03 3.9375736e-03  1.874e-02  1.798e-02  -1.86e-10  +4.54e-09
   4750 3.9960879e-03 3.9375735e-03  1.874e-02  1.798e-02  -1.58e-10  +3.90e-09
   5000 3.9960877e-03 3.9375733e-03  1.874e-02  1.798e-02  -1.36e-10  +3.37e-09
   5250 3.9960876e-03 3.9375733e-03  1.874e-02  1.798e-02  -1.18e-10  +2.91e-09
   5500 3.9960875e-03 3.9375732e-03  1.874e-02  1.798e-02  -1.03e-10  +2.53e-09
   5750 3.9960874e-03 3.9375731e-03  1.874e-02  1.798e-02  -9.00e-11  +2.21e-09
   6000 3.9960873e-03 3.9375730e-03  1.874e-02  1.798e-02  -7.93e-11  +1.93e-09
   6250 3.9960873e-03 3.9375730e-03  1.874e-02  1.798e-02  -7.02e-11  +1.70e-09
   6500 3.9960872e-03 3.9375729e-03  1.874e-02  1.798e-02  -6.25e-11  +1.49e-09
   6750 3.9960871e-03 3.9375729e-03  1.874e-02  1.798e-02  -5.58e-11  +1.31e-09
   7000 3.9960871e-03 3.9375728e-03  1.874e-02  1.798e-02  -5.01e-11  +1.17e-09
   7250 3.9960870e-03 3.9375728e-03  1.874e-02  1.798e-02  -4.51e-11  +1.04e-09
   7500 3.9960870e-03 3.9375728e-03  1.874e-02  1.798e-02  -4.08e-11  +9.25e-10
   7750 3.9960870e-03 3.9375727e-03  1.874e-02  1.798e-02  -3.70e-11  +8.28e-10
   8000 3.9960869e-03 3.9375727e-03  1.874e-02  1.798e-02  -3.37e-11  +7.43e-10
Kokkos allocation "cnt" is being deallocated after Kokkos::finalize was called

Backtrace:
[0x7f3a20ebdec5] Kokkos::Impl::save_stacktrace()
[0x7f3a20e9b2ac] Kokkos::Impl::host_abort(char const*)
[0x7f3a20ebde87] Kokkos::Impl::SharedAllocationRecord<void, void>::decrement(Kokkos::Impl::SharedAllocationRecord<void, void>*)
[0x7f3a20d48e55] 
[0x7f3a20d63d10] 
[0x7f3a20e8f855] 
[0x5fcc9b] 
[0x5fcadd] 
[0x57026f] 
[0x6be21f] 
[0x6a8325] 
[0x6b68b4] Py_RunMain
[0x681b2b] Py_BytesMain
[0x7f3a9e2f8ca8] 
[0x7f3a9e2f8d65] __libc_start_main
[0x680ed1] _start
Aborted
