# bed packing_256x256x256_r16_phi0.60_s3.npz N=192 R=12.0 kind=gauge-exact rot=1 rotf=0 rotw=0.3 dt=600.0 steps=3000
   step     k_cell/R2     k_face/R2     m1_rms     m2_rms    dk_cell        dm1
     50 4.1223626e-03 4.0620413e-03  2.156e-02  1.949e-02                      
    100 4.0239719e-03 3.9649178e-03  1.937e-02  1.773e-02  -9.84e-05  -2.19e-03
    200 4.0017492e-03 3.9430233e-03  1.917e-02  1.759e-02  -2.22e-05  -1.97e-04
    300 3.9997617e-03 3.9410911e-03  1.917e-02  1.759e-02  -1.99e-06  -4.46e-06
    400 3.9993684e-03 3.9407179e-03  1.917e-02  1.759e-02  -3.93e-07  +4.81e-07
    500 3.9992256e-03 3.9405852e-03  1.917e-02  1.759e-02  -1.43e-07  +6.69e-07
    600 3.9991532e-03 3.9405188e-03  1.917e-02  1.759e-02  -7.23e-08  +5.19e-07
    700 3.9991102e-03 3.9404797e-03  1.917e-02  1.759e-02  -4.31e-08  +3.78e-07
    800 3.9990821e-03 3.9404543e-03  1.917e-02  1.759e-02  -2.81e-08  +2.77e-07
    900 3.9990626e-03 3.9404367e-03  1.917e-02  1.759e-02  -1.95e-08  +2.10e-07
   1000 3.9990485e-03 3.9404241e-03  1.917e-02  1.759e-02  -1.41e-08  +1.66e-07
   1100 3.9990380e-03 3.9404147e-03  1.917e-02  1.759e-02  -1.06e-08  +1.40e-07
   1200 3.9990299e-03 3.9404075e-03  1.917e-02  1.759e-02  -8.13e-09  +1.25e-07
   1300 3.9990234e-03 3.9404018e-03  1.917e-02  1.759e-02  -6.41e-09  +1.19e-07
   1400 3.9990183e-03 3.9403972e-03  1.917e-02  1.759e-02  -5.16e-09  +1.21e-07
   1500 3.9990141e-03 3.9403935e-03  1.917e-02  1.759e-02  -4.22e-09  +1.28e-07
   1600 3.9990106e-03 3.9403904e-03  1.917e-02  1.759e-02  -3.50e-09  +1.41e-07
   1700 3.9990076e-03 3.9403878e-03  1.917e-02  1.759e-02  -2.94e-09  +1.60e-07
   1800 3.9990051e-03 3.9403856e-03  1.917e-02  1.759e-02  -2.50e-09  +1.86e-07
   1900 3.9990030e-03 3.9403837e-03  1.917e-02  1.759e-02  -2.14e-09  +2.18e-07
   2000 3.9990011e-03 3.9403820e-03  1.917e-02  1.759e-02  -1.85e-09  +2.59e-07
   2100 3.9989995e-03 3.9403806e-03  1.917e-02  1.759e-02  -1.61e-09  +3.10e-07
   2200 3.9989981e-03 3.9403794e-03  1.917e-02  1.759e-02  -1.41e-09  +3.73e-07
   2300 3.9989969e-03 3.9403783e-03  1.917e-02  1.759e-02  -1.24e-09  +4.50e-07
   2400 3.9989958e-03 3.9403773e-03  1.917e-02  1.759e-02  -1.09e-09  +5.44e-07
   2500 3.9989948e-03 3.9403764e-03  1.918e-02  1.760e-02  -9.68e-10  +6.60e-07
   2600 3.9989940e-03 3.9403756e-03  1.918e-02  1.760e-02  -8.60e-10  +8.01e-07
   2700 3.9989932e-03 3.9403749e-03  1.918e-02  1.760e-02  -7.64e-10  +9.73e-07
   2800 3.9989925e-03 3.9403743e-03  1.918e-02  1.760e-02  -6.80e-10  +1.18e-06
   2900 3.9989919e-03 3.9403737e-03  1.918e-02  1.760e-02  -6.05e-10  +1.44e-06
   3000 3.9989914e-03 3.9403732e-03  1.918e-02  1.760e-02  -5.37e-10  +1.75e-06
Kokkos allocation "cnt" is being deallocated after Kokkos::finalize was called

Backtrace:
[0x7f803f4bdec5] Kokkos::Impl::save_stacktrace()
[0x7f803f49b2ac] Kokkos::Impl::host_abort(char const*)
[0x7f803f4bde87] Kokkos::Impl::SharedAllocationRecord<void, void>::decrement(Kokkos::Impl::SharedAllocationRecord<void, void>*)
[0x7f803f348e55] 
[0x7f803f363d10] 
[0x7f803f48f855] 
[0x5fcc9b] 
[0x5fcadd] 
[0x57026f] 
[0x6be21f] 
[0x6a8325] 
[0x6b68b4] Py_RunMain
[0x681b2b] Py_BytesMain
[0x7f80bc7e4ca8] 
[0x7f80bc7e4d65] __libc_start_main
[0x680ed1] _start
Aborted
