# bed packing_256x256x256_r16_phi0.60_s3.npz N=96 R=6.0 kind=gauge-2a rot=1 dt=60.0 steps=6000
   step     k_cell/R2     k_face/R2     m1_rms     m2_rms    dk_cell        dm1
     50 3.8113958e-03 3.6028237e-03  4.691e-02  3.730e-02                      
    250 3.7898251e-03 3.5823028e-03  4.729e-02  3.688e-02  -2.16e-05  +3.79e-04
    500 3.7893094e-03 3.5818278e-03  4.735e-02  3.692e-02  -5.16e-07  +6.91e-05
    750 3.7892181e-03 3.5817458e-03  4.737e-02  3.693e-02  -9.13e-08  +1.63e-05
   1000 3.7891820e-03 3.5817143e-03  4.738e-02  3.693e-02  -3.61e-08  +5.63e-06
   1250 3.7891616e-03 3.5816969e-03  4.738e-02  3.693e-02  -2.03e-08  +2.44e-06
   1500 3.7891483e-03 3.5816856e-03  4.738e-02  3.693e-02  -1.33e-08  +1.25e-06
   1750 3.7891389e-03 3.5816776e-03  4.738e-02  3.693e-02  -9.43e-09  +7.36e-07
   2000 3.7891319e-03 3.5816718e-03  4.738e-02  3.693e-02  -6.97e-09  +4.75e-07
   2250 3.7891266e-03 3.5816674e-03  4.738e-02  3.693e-02  -5.30e-09  +3.27e-07
   2500 3.7891225e-03 3.5816641e-03  4.738e-02  3.693e-02  -4.11e-09  +2.35e-07
   2750 3.7891193e-03 3.5816614e-03  4.738e-02  3.693e-02  -3.24e-09  +1.75e-07
   3000 3.7891167e-03 3.5816593e-03  4.738e-02  3.693e-02  -2.58e-09  +1.34e-07
   3250 3.7891146e-03 3.5816576e-03  4.738e-02  3.693e-02  -2.08e-09  +1.04e-07
   3500 3.7891129e-03 3.5816562e-03  4.738e-02  3.693e-02  -1.70e-09  +8.19e-08
   3750 3.7891115e-03 3.5816551e-03  4.738e-02  3.693e-02  -1.40e-09  +6.54e-08
   4000 3.7891103e-03 3.5816542e-03  4.738e-02  3.693e-02  -1.16e-09  +5.27e-08
   4250 3.7891094e-03 3.5816534e-03  4.738e-02  3.693e-02  -9.77e-10  +4.29e-08
   4500 3.7891085e-03 3.5816527e-03  4.738e-02  3.693e-02  -8.28e-10  +3.52e-08
   4750 3.7891078e-03 3.5816522e-03  4.738e-02  3.693e-02  -7.09e-10  +2.91e-08
   5000 3.7891072e-03 3.5816517e-03  4.738e-02  3.693e-02  -6.12e-10  +2.42e-08
   5250 3.7891067e-03 3.5816513e-03  4.738e-02  3.693e-02  -5.34e-10  +2.02e-08
   5500 3.7891062e-03 3.5816509e-03  4.738e-02  3.693e-02  -4.69e-10  +1.69e-08
   5750 3.7891058e-03 3.5816506e-03  4.738e-02  3.693e-02  -4.16e-10  +1.42e-08
   6000 3.7891054e-03 3.5816503e-03  4.738e-02  3.693e-02  -3.72e-10  +1.20e-08
Kokkos allocation "cnt" is being deallocated after Kokkos::finalize was called

Backtrace:
[0x7fb2bac0dd55] Kokkos::Impl::save_stacktrace()
[0x7fb2babe8fdc] Kokkos::Impl::host_abort(char const*)
[0x7fb2bac0dd27] Kokkos::Impl::SharedAllocationRecord<void, void>::decrement(Kokkos::Impl::SharedAllocationRecord<void, void>*)
[0x7fb2bab1b615] 
[0x7fb2bab2a7e0] 
[0x7fb2babdd595] 
[0x5fcc9b] 
[0x5fcadd] 
[0x57026f] 
[0x6be21f] 
[0x6a8325] 
[0x6b68b4] Py_RunMain
[0x681b2b] Py_BytesMain
[0x7fb2ddcb1ca8] 
[0x7fb2ddcb1d65] __libc_start_main
[0x680ed1] _start
