# bed packing_256x256x256_r16_phi0.60_s3.npz N=96 R=6.0 kind=gauge-exact rot=1 dt=60.0 steps=6000
   step     k_cell/R2     k_face/R2     m1_rms     m2_rms    dk_cell        dm1
     50 3.8585537e-03 3.6476432e-03  4.677e-02  3.928e-02                      
    250 3.8421775e-03 3.6321971e-03  4.690e-02  3.925e-02  -1.64e-05  +1.34e-04
    500 3.8419352e-03 3.6319878e-03  4.691e-02  3.926e-02  -2.42e-07  +6.77e-06
    750 3.8418867e-03 3.6319468e-03  4.691e-02  3.926e-02  -4.85e-08  +1.66e-06
   1000 3.8418676e-03 3.6319309e-03  4.691e-02  3.926e-02  -1.92e-08  +7.55e-07
   1250 3.8418575e-03 3.6319226e-03  4.691e-02  3.926e-02  -1.01e-08  +4.55e-07
   1500 3.8418513e-03 3.6319175e-03  4.691e-02  3.926e-02  -6.18e-09  +3.19e-07
   1750 3.8418471e-03 3.6319142e-03  4.691e-02  3.926e-02  -4.19e-09  +2.45e-07
   2000 3.8418441e-03 3.6319117e-03  4.691e-02  3.926e-02  -3.03e-09  +1.98e-07
   2250 3.8418418e-03 3.6319099e-03  4.691e-02  3.926e-02  -2.30e-09  +1.63e-07
   2500 3.8418400e-03 3.6319084e-03  4.691e-02  3.926e-02  -1.81e-09  +1.36e-07
   2750 3.8418385e-03 3.6319072e-03  4.691e-02  3.926e-02  -1.45e-09  +1.14e-07
   3000 3.8418373e-03 3.6319063e-03  4.691e-02  3.926e-02  -1.19e-09  +9.57e-08
   3250 3.8418363e-03 3.6319055e-03  4.691e-02  3.926e-02  -9.97e-10  +8.01e-08
   3500 3.8418355e-03 3.6319048e-03  4.691e-02  3.926e-02  -8.44e-10  +6.75e-08
   3750 3.8418348e-03 3.6319042e-03  4.691e-02  3.926e-02  -7.22e-10  +5.69e-08
   4000 3.8418341e-03 3.6319037e-03  4.691e-02  3.926e-02  -6.25e-10  +4.81e-08
   4250 3.8418336e-03 3.6319033e-03  4.691e-02  3.926e-02  -5.45e-10  +4.06e-08
   4500 3.8418331e-03 3.6319029e-03  4.691e-02  3.926e-02  -4.80e-10  +3.44e-08
   4750 3.8418327e-03 3.6319026e-03  4.691e-02  3.926e-02  -4.25e-10  +2.92e-08
   5000 3.8418323e-03 3.6319023e-03  4.691e-02  3.926e-02  -3.80e-10  +2.48e-08
   5250 3.8418320e-03 3.6319020e-03  4.691e-02  3.926e-02  -3.41e-10  +2.11e-08
   5500 3.8418317e-03 3.6319017e-03  4.691e-02  3.926e-02  -3.08e-10  +1.79e-08
   5750 3.8418314e-03 3.6319015e-03  4.691e-02  3.926e-02  -2.79e-10  +1.52e-08
   6000 3.8418311e-03 3.6319013e-03  4.691e-02  3.926e-02  -2.55e-10  +1.29e-08
Kokkos allocation "cnt" is being deallocated after Kokkos::finalize was called

Backtrace:
[0x7ffabca0dd55] Kokkos::Impl::save_stacktrace()
[0x7ffabc9e8fdc] Kokkos::Impl::host_abort(char const*)
[0x7ffabca0dd27] Kokkos::Impl::SharedAllocationRecord<void, void>::decrement(Kokkos::Impl::SharedAllocationRecord<void, void>*)
[0x7ffabc91b615] 
[0x7ffabc92a7e0] 
[0x7ffabc9dd595] 
[0x5fcc9b] 
[0x5fcadd] 
[0x57026f] 
[0x6be21f] 
[0x6a8325] 
[0x6b68b4] Py_RunMain
[0x681b2b] Py_BytesMain
[0x7ffadaa7bca8] 
[0x7ffadaa7bd65] __libc_start_main
[0x680ed1] _start
Aborted
