# bed packing_256x256x256_r16_phi0.60_s3.npz N=96 R=6.0 kind=gauge-exact rot=0 dt=60.0 steps=6000
   step     k_cell/R2     k_face/R2     m1_rms     m2_rms    dk_cell        dm1
     50 3.9383871e-03 3.7278855e-03  4.537e-02  5.673e-02                      
    250 3.8342202e-03 3.6253055e-03  4.186e-02  5.013e-02  -1.04e-04  -3.51e-03
    500 3.8212826e-03 3.6128545e-03  4.167e-02  4.944e-02  -1.29e-05  -1.85e-04
    750 3.8171191e-03 3.6089359e-03  4.166e-02  4.933e-02  -4.16e-06  -1.59e-05
   1000 3.8152199e-03 3.6071747e-03  4.166e-02  4.930e-02  -1.90e-06  +5.14e-06
   1250 3.8141971e-03 3.6062356e-03  4.167e-02  4.931e-02  -1.02e-06  +7.58e-06
   1500 3.8135907e-03 3.6056827e-03  4.168e-02  4.931e-02  -6.06e-07  +6.68e-06
   1750 3.8132079e-03 3.6053356e-03  4.168e-02  4.932e-02  -3.83e-07  +5.32e-06
   2000 3.8129550e-03 3.6051074e-03  4.169e-02  4.933e-02  -2.53e-07  +4.10e-06
   2250 3.8127820e-03 3.6049520e-03  4.169e-02  4.933e-02  -1.73e-07  +3.13e-06
   2500 3.8126603e-03 3.6048431e-03  4.169e-02  4.933e-02  -1.22e-07  +2.40e-06
   2750 3.8125727e-03 3.6047650e-03  4.169e-02  4.934e-02  -8.76e-08  +1.85e-06
   3000 3.8125083e-03 3.6047078e-03  4.170e-02  4.934e-02  -6.44e-08  +1.43e-06
   3250 3.8124602e-03 3.6046652e-03  4.170e-02  4.934e-02  -4.82e-08  +1.11e-06
   3500 3.8124235e-03 3.6046329e-03  4.170e-02  4.934e-02  -3.66e-08  +8.77e-07
   3750 3.8123953e-03 3.6046081e-03  4.170e-02  4.934e-02  -2.82e-08  +6.96e-07
   4000 3.8123732e-03 3.6045888e-03  4.170e-02  4.934e-02  -2.21e-08  +5.58e-07
   4250 3.8123558e-03 3.6045736e-03  4.170e-02  4.934e-02  -1.75e-08  +4.50e-07
   4500 3.8123418e-03 3.6045615e-03  4.170e-02  4.935e-02  -1.40e-08  +3.66e-07
   4750 3.8123304e-03 3.6045517e-03  4.170e-02  4.935e-02  -1.13e-08  +3.01e-07
   5000 3.8123212e-03 3.6045437e-03  4.170e-02  4.935e-02  -9.27e-09  +2.49e-07
   5250 3.8123135e-03 3.6045371e-03  4.170e-02  4.935e-02  -7.65e-09  +2.08e-07
   5500 3.8123071e-03 3.6045317e-03  4.170e-02  4.935e-02  -6.37e-09  +1.75e-07
   5750 3.8123018e-03 3.6045271e-03  4.170e-02  4.935e-02  -5.35e-09  +1.48e-07
   6000 3.8122973e-03 3.6045233e-03  4.170e-02  4.935e-02  -4.53e-09  +1.26e-07
Kokkos allocation "cnt" is being deallocated after Kokkos::finalize was called

Backtrace:
[0x7fd8a580dd55] Kokkos::Impl::save_stacktrace()
[0x7fd8a57e8fdc] Kokkos::Impl::host_abort(char const*)
[0x7fd8a580dd27] Kokkos::Impl::SharedAllocationRecord<void, void>::decrement(Kokkos::Impl::SharedAllocationRecord<void, void>*)
[0x7fd8a571b615] 
[0x7fd8a572a7e0] 
[0x7fd8a57dd595] 
[0x5fcc9b] 
[0x5fcadd] 
[0x57026f] 
[0x6be21f] 
[0x6a8325] 
[0x6b68b4] Py_RunMain
[0x681b2b] Py_BytesMain
[0x7fd8c87caca8] 
[0x7fd8c87cad65] __libc_start_main
[0x680ed1] _start
