# bed packing_256x256x256_r16_phi0.60_s3.npz N=192 R=12.0 kind=gauge-exact rot=1 dt=600.0 steps=3000
   step     k_cell/R2     k_face/R2     m1_rms     m2_rms    dk_cell        dm1
     50 4.0506504e-03 3.9913481e-03  2.016e-02  1.810e-02                      
    100 4.0074799e-03 3.9487031e-03  1.940e-02  1.763e-02  -4.32e-05  -7.65e-04
    200 4.0005623e-03 3.9418868e-03  1.937e-02  1.763e-02  -6.92e-06  -3.29e-05
    300 4.0002021e-03 3.9415386e-03  1.937e-02  1.764e-02  -3.60e-07  +6.74e-07
    400 4.0001409e-03 3.9414814e-03  1.937e-02  1.764e-02  -6.12e-08  +5.86e-07
    500 4.0001168e-03 3.9414593e-03  1.937e-02  1.764e-02  -2.40e-08  +7.72e-07
    600 4.0001040e-03 3.9414475e-03  1.937e-02  1.764e-02  -1.28e-08  +1.60e-06
    700 4.0000962e-03 3.9414403e-03  1.937e-02  1.764e-02  -7.78e-09  +3.74e-06
    800 4.0000912e-03 3.9414356e-03  1.938e-02  1.764e-02  -5.02e-09  +9.01e-06
    900 4.0000879e-03 3.9414323e-03  1.940e-02  1.765e-02  -3.29e-09  +2.18e-05
   1000 4.0000858e-03 3.9414299e-03  1.946e-02  1.766e-02  -2.08e-09  +5.26e-05
   1100 4.0000847e-03 3.9414281e-03  1.958e-02  1.770e-02  -1.12e-09  +1.27e-04
   1200 4.0000844e-03 3.9414267e-03  1.989e-02  1.778e-02  -2.64e-10  +3.03e-04
   1300 4.0000850e-03 3.9414254e-03  2.060e-02  1.799e-02  +5.59e-10  +7.14e-04
   1400 4.0000864e-03 3.9414239e-03  2.223e-02  1.846e-02  +1.39e-09  +1.63e-03
   1500 4.0000886e-03 3.9414215e-03  2.577e-02  1.956e-02  +2.22e-09  +3.53e-03
   1600 4.0000916e-03 3.9414176e-03  3.278e-02  2.200e-02  +2.97e-09  +7.01e-03
   1700 4.0000950e-03 3.9414105e-03  4.549e-02  2.700e-02  +3.43e-09  +1.27e-02
   1800 4.0000982e-03 3.9413975e-03  6.694e-02  3.636e-02  +3.19e-09  +2.14e-02
   1900 4.0000996e-03 3.9413744e-03  1.016e-01  5.253e-02  +1.44e-09  +3.47e-02
   2000 4.0000963e-03 3.9413336e-03  1.565e-01  7.900e-02  -3.29e-09  +5.49e-02
   2100 4.0000827e-03 3.9412626e-03  2.427e-01  1.212e-01  -1.36e-08  +8.61e-02
   2200 4.0000488e-03 3.9411409e-03  3.772e-01  1.874e-01  -3.40e-08  +1.34e-01
   2300 3.9999766e-03 3.9409342e-03  5.867e-01  2.909e-01  -7.22e-08  +2.09e-01
   2400 3.9998352e-03 3.9405867e-03  9.124e-01  4.520e-01  -1.41e-07  +3.26e-01
   2500 3.9995718e-03 3.9400069e-03  1.418e+00  7.021e-01  -2.63e-07  +5.05e-01
   2600 3.9990969e-03 3.9390461e-03  2.200e+00  1.089e+00  -4.75e-07  +7.82e-01
   2700 3.9982605e-03 3.9374630e-03  3.404e+00  1.685e+00  -8.36e-07  +1.20e+00
   2800 3.9968137e-03 3.9348676e-03  5.242e+00  2.594e+00  -1.45e-06  +1.84e+00
   2900 3.9943447e-03 3.9306312e-03  8.016e+00  3.966e+00  -2.47e-06  +2.77e+00
   3000 3.9901772e-03 3.9237420e-03  1.212e+01  5.995e+00  -4.17e-06  +4.10e+00
Kokkos allocation "cnt" is being deallocated after Kokkos::finalize was called

Backtrace:
[0x7fb21b8b8ec5] Kokkos::Impl::save_stacktrace()
[0x7fb21b8962ac] Kokkos::Impl::host_abort(char const*)
[0x7fb21b8b8e87] Kokkos::Impl::SharedAllocationRecord<void, void>::decrement(Kokkos::Impl::SharedAllocationRecord<void, void>*)
[0x7fb21b747f95] 
[0x7fb21b762ea0] 
[0x7fb21b88a855] 
[0x5fcc9b] 
[0x5fcadd] 
[0x57026f] 
[0x6be21f] 
[0x6a8325] 
[0x6b68b4] Py_RunMain
[0x681b2b] Py_BytesMain
[0x7fb298c56ca8] 
[0x7fb298c56d65] __libc_start_main
[0x680ed1] _start
Aborted
