# bed packing_256x256x256_r16_phi0.60_s3.npz N=192 R=12.0 kind=gauge-exact dt=60.0 steps=16000
   step     k_cell/R2     k_face/R2     m1_rms     m2_rms    dk_cell        dm1
     50 3.9987289e-03 3.9400951e-03  1.898e-02  1.767e-02                      
    250 3.9979153e-03 3.9393402e-03  1.899e-02  1.766e-02  -8.14e-07  +8.27e-06
    500 3.9978809e-03 3.9393105e-03  1.899e-02  1.766e-02  -3.44e-08  +8.24e-07
    750 3.9978727e-03 3.9393034e-03  1.899e-02  1.766e-02  -8.21e-09  +6.35e-07
   1000 3.9978696e-03 3.9393007e-03  1.899e-02  1.767e-02  -3.14e-09  +8.67e-07
   1250 3.9978683e-03 3.9392995e-03  1.899e-02  1.767e-02  -1.29e-09  +1.23e-06
   1500 3.9978679e-03 3.9392991e-03  1.899e-02  1.767e-02  -3.82e-10  +1.72e-06
   1750 3.9978681e-03 3.9392991e-03  1.900e-02  1.767e-02  +1.56e-10  +2.36e-06
   2000 3.9978686e-03 3.9392994e-03  1.900e-02  1.767e-02  +5.36e-10  +3.20e-06
   2250 3.9978694e-03 3.9393000e-03  1.900e-02  1.767e-02  +8.54e-10  +4.32e-06
   2500 3.9978706e-03 3.9393008e-03  1.901e-02  1.767e-02  +1.16e-09  +5.80e-06
   2750 3.9978721e-03 3.9393019e-03  1.902e-02  1.767e-02  +1.48e-09  +7.83e-06
   3000 3.9978739e-03 3.9393033e-03  1.903e-02  1.768e-02  +1.85e-09  +1.07e-05
   3250 3.9978762e-03 3.9393050e-03  1.904e-02  1.768e-02  +2.28e-09  +1.47e-05
   3500 3.9978790e-03 3.9393072e-03  1.906e-02  1.769e-02  +2.80e-09  +2.05e-05
   3750 3.9978825e-03 3.9393099e-03  1.909e-02  1.770e-02  +3.44e-09  +2.90e-05
   4000 3.9978867e-03 3.9393133e-03  1.913e-02  1.771e-02  +4.24e-09  +4.19e-05
   4250 3.9978919e-03 3.9393176e-03  1.919e-02  1.773e-02  +5.23e-09  +6.16e-05
   4500 3.9978984e-03 3.9393229e-03  1.929e-02  1.776e-02  +6.48e-09  +9.20e-05
   4750 3.9979065e-03 3.9393295e-03  1.943e-02  1.780e-02  +8.06e-09  +1.39e-04
   5000 3.9979165e-03 3.9393379e-03  1.964e-02  1.787e-02  +1.00e-08  +2.13e-04
   5250 3.9979291e-03 3.9393485e-03  1.997e-02  1.797e-02  +1.26e-08  +3.28e-04
   5500 3.9979448e-03 3.9393618e-03  2.047e-02  1.812e-02  +1.57e-08  +5.07e-04
   5750 3.9979646e-03 3.9393786e-03  2.126e-02  1.836e-02  +1.98e-08  +7.81e-04
   6000 3.9979895e-03 3.9393999e-03  2.245e-02  1.874e-02  +2.49e-08  +1.19e-03
   6250 3.9980209e-03 3.9394269e-03  2.424e-02  1.933e-02  +3.14e-08  +1.79e-03
   6500 3.9980606e-03 3.9394612e-03  2.688e-02  2.024e-02  +3.97e-08  +2.64e-03
   6750 3.9981108e-03 3.9395046e-03  3.066e-02  2.163e-02  +5.02e-08  +3.78e-03
   7000 3.9981744e-03 3.9395599e-03  3.595e-02  2.370e-02  +6.36e-08  +5.29e-03
   7250 3.9982551e-03 3.9396301e-03  4.317e-02  2.672e-02  +8.07e-08  +7.22e-03
   7500 3.9983575e-03 3.9397194e-03  5.283e-02  3.099e-02  +1.02e-07  +9.66e-03
   7750 3.9984876e-03 3.9398331e-03  6.556e-02  3.689e-02  +1.30e-07  +1.27e-02
# --- dt -> 600.0 at step 8000 ---
   8000 2.5402283e-03 2.5004368e-03  1.278e-01  6.937e-02  -1.46e-03  +6.22e-02
   8250 2.6687868e-03 2.6228168e-03  3.164e-01  1.643e-01  +1.29e-04  +1.89e-01
   8500 2.6718260e-03 2.6254221e-03  8.422e-01  4.355e-01  +3.04e-06  +5.26e-01
   8750 2.6797850e-03 2.6322273e-03  2.236e+00  1.155e+00  +7.96e-06  +1.39e+00
   9000 2.7009835e-03 2.6503400e-03  5.846e+00  3.019e+00  +2.12e-05  +3.61e+00
   9250 2.7574177e-03 2.6985013e-03  1.459e+01  7.534e+00  +5.64e-05  +8.74e+00
